I/ActivityManager( 1568): Delay finish: com.android.providers.contacts/.PackageIntentReceiver
D/dalvikvm( 2039): GC_FOR_ALLOC freed 461K, 27% free 4612K/6256K, paused 42ms, total 54ms
I/ActivityManager( 1568): Resuming delayed broadcast
D/dalvikvm( 2039): GC_FOR_ALLOC freed 50K, 27% free 4598K/6256K, paused 12ms, total 12ms
I/Launcher( 1919): Deferring update until onResume
I/PackageManager( 1568):   Action: "android.intent.action.SENDTO"
I/PackageManager( 1568):   Category: "android.intent.category.DEFAULT"
I/PackageManager( 1568):   Scheme: "sms"
I/PackageManager( 1568): Adding preferred activity ComponentInfo{com.android.mms/com.android.mms.ui.ComposeMessageActivity} for user 0 :
W/Launcher.Model( 2433): Nobody to tell about the new app.  Launcher is probably loading.
I/Launcher( 1919): Deferring update until onResume
I/Launcher( 1919): Deferring update until onResume
D/dalvikvm( 1810): GC_FOR_ALLOC freed 486K, 16% free 3671K/4348K, paused 4ms, total 4ms
I/PackageManager( 1568):   Action: "android.intent.action.SENDTO"
I/PackageManager( 1568):   Category: "android.intent.category.DEFAULT"
I/PackageManager( 1568):   Scheme: "smsto"
W/Launcher.Model( 2433): Nobody to tell about the new app.  Launcher is probably loading.
I/PackageManager( 1568): Adding preferred activity ComponentInfo{com.android.mms/com.android.mms.ui.ComposeMessageActivity} for user 0 :
I/Icing.InternalIcingCorporaProvider( 2232): Updating corpora: A: edu.washington.yangj9.activityspy, C: MAYBE
D/dalvikvm( 1568): GC_FOR_ALLOC freed 1332K, 42% free 9225K/15676K, paused 32ms, total 33ms
I/InputReader( 1568): Reconfiguring input devices.  changes=0x00000010
I/InputReader( 1568): Reconfiguring input devices.  changes=0x00000010
I/Launcher( 1919): Deferring update until onResume
I/Launcher( 1919): Deferring update until onResume
W/Launcher.Model( 2433): Nobody to tell about the new app.  Launcher is probably loading.
I/PackageManager( 1568):   Action: "android.intent.action.SENDTO"
I/PackageManager( 1568):   Category: "android.intent.category.DEFAULT"
I/PackageManager( 1568):   Scheme: "mms"
I/PackageManager( 1568): Adding preferred activity ComponentInfo{com.android.mms/com.android.mms.ui.ComposeMessageActivity} for user 0 :
I/Launcher( 1919): Deferring update until onResume
I/Launcher( 1919): Deferring update until onResume
W/Launcher.Model( 2433): Nobody to tell about the new app.  Launcher is probably loading.
I/InputReader( 1568): Reconfiguring input devices.  changes=0x00000010
I/PackageManager( 1568):   Action: "android.intent.action.SENDTO"
I/PackageManager( 1568):   Category: "android.intent.category.DEFAULT"
I/PackageManager( 1568):   Scheme: "mmsto"
I/PackageManager( 1568): Adding preferred activity ComponentInfo{com.android.mms/com.android.mms.ui.ComposeMessageActivity} for user 0 :
I/ActivityManager( 1568): Start proc com.svox.pico for broadcast com.svox.pico/.VoiceDataInstallerReceiver: pid=2749 uid=10041 gids={50041, 1028, 1015}
W/ConfigurationChimeraPro( 1787): Got null configs for com.google.android.gms.appinvite -- metadata{ service_id: 51 }
I/PackageManager( 1568): Adding preferred activity ComponentInfo{com.android.mms/com.android.mms.ui.ComposeMessageActivity} for user 0 :
I/PackageManager( 1568):   Action: "android.intent.action.SENDTO"
I/PackageManager( 1568):   Category: "android.intent.category.DEFAULT"
I/PackageManager( 1568):   Scheme: "sms"
D/dalvikvm( 1810): GC_FOR_ALLOC freed 395K, 16% free 3676K/4368K, paused 3ms, total 3ms
D/dalvikvm( 2382): GC_FOR_ALLOC freed 910K, 25% free 6076K/8000K, paused 55ms, total 55ms
I/PackageManager( 1568): Running dexopt on: com.svox.pico
I/PackageManager( 1568):   Action: "android.intent.action.SENDTO"
I/PackageManager( 1568):   Category: "android.intent.category.DEFAULT"
I/PackageManager( 1568):   Scheme: "smsto"
I/PackageManager( 1568): Adding preferred activity ComponentInfo{com.android.mms/com.android.mms.ui.ComposeMessageActivity} for user 0 :
W/linker  ( 2761): libdvm.so has text relocations. This is wasting memory and is a security risk. Please fix.
I/PackageManager( 1568):   Action: "android.intent.action.SENDTO"
I/PackageManager( 1568):   Category: "android.intent.category.DEFAULT"
I/PackageManager( 1568):   Scheme: "mms"
I/PackageManager( 1568): Adding preferred activity ComponentInfo{com.android.mms/com.android.mms.ui.ComposeMessageActivity} for user 0 :
D/dalvikvm( 2157): GC_EXPLICIT freed 2640K, 28% free 7957K/11012K, paused 3ms+4ms, total 274ms
I/PackageManager( 1568):   Action: "android.intent.action.SENDTO"
I/PackageManager( 1568):   Category: "android.intent.category.DEFAULT"
I/PackageManager( 1568):   Scheme: "mmsto"
I/PackageManager( 1568): Adding preferred activity ComponentInfo{com.android.mms/com.android.mms.ui.ComposeMessageActivity} for user 0 :
D/dalvikvm( 2761): DexOpt: load 5ms, verify+opt 2ms, 225028 bytes
D/dalvikvm( 1810): GC_FOR_ALLOC freed 353K, 16% free 3673K/4368K, paused 4ms, total 4ms
W/Settings( 2382): Setting install_non_market_apps has moved from android.provider.Settings.Secure to android.provider.Settings.Global.
I/FusedLocation( 1568): engine stopped (com.android.location.fused)
I/Icing   ( 2157): IndexChimeraService.getServiceInterface callingPackage=com.google.android.googlequicksearchbox componentName=null serviceId=21
I/PackageManager( 1568):   Action: "android.intent.action.SENDTO"
I/PackageManager( 1568):   Category: "android.intent.category.DEFAULT"
I/PackageManager( 1568):   Scheme: "sms"
I/ChromeSync( 2157): [Sync,SyncIntentOperation] Handling the intent: Intent { act=android.intent.action.PACKAGE_ADDED dat=package:edu.washington.yangj9.activityspy flg=0x4000010 cmp=com.google.android.gms/.chimera.GmsIntentOperationService (has extras) }.
I/PackageManager( 1568): Adding preferred activity ComponentInfo{com.android.mms/com.android.mms.ui.ComposeMessageActivity} for user 0 :
I/FontsPackageChangeOp( 2157): Package edu.washington.yangj9.activityspy has no metadata
I/PackageManager( 1568):   Action: "android.intent.action.SENDTO"
I/PackageManager( 1568):   Category: "android.intent.category.DEFAULT"
I/PackageManager( 1568):   Scheme: "smsto"
I/PackageManager( 1568): Adding preferred activity ComponentInfo{com.android.mms/com.android.mms.ui.ComposeMessageActivity} for user 0 :
D/dalvikvm( 1568): GC_FOR_ALLOC freed 1493K, 41% free 9285K/15676K, paused 15ms, total 15ms
I/PackageManager( 1568):   Action: "android.intent.action.SENDTO"
I/PackageManager( 1568):   Category: "android.intent.category.DEFAULT"
I/PackageManager( 1568):   Scheme: "mms"
I/PackageManager( 1568): Adding preferred activity ComponentInfo{com.android.mms/com.android.mms.ui.ComposeMessageActivity} for user 0 :
I/PackageManager( 1568):   Action: "android.intent.action.SENDTO"
I/PackageManager( 1568):   Category: "android.intent.category.DEFAULT"
I/PackageManager( 1568):   Scheme: "mmsto"
I/PackageManager( 1568): Adding preferred activity ComponentInfo{com.android.mms/com.android.mms.ui.ComposeMessageActivity} for user 0 :
I/ProcessCheckinRequest( 2157): cookie is null
D/EGL_emulation( 2382): eglCreateContext: 0xb7af9920: maj 3 min 0 rcv 3
D/EGL_emulation( 2382): eglMakeCurrent: 0xb7af9920: ver 3 0
E/eglCodecCommon( 2382): glUtilsParamSize: unknow param 0x00008cdf
E/eglCodecCommon( 2382): glUtilsParamSize: unknow param 0x00008824
D/dalvikvm( 1787): GC_FOR_ALLOC freed 1152K, 18% free 6494K/7896K, paused 20ms, total 26ms
D/dalvikvm( 1810): GC_FOR_ALLOC freed 392K, 16% free 3673K/4368K, paused 25ms, total 25ms
I/PeopleContactsSync( 2157): triggerPendingContactsCleanup: no accounts
I/PackageManager( 1568):   Action: "android.intent.action.SENDTO"
I/PackageManager( 1568):   Category: "android.intent.category.DEFAULT"
I/PackageManager( 1568):   Scheme: "sms"
I/PackageManager( 1568): Adding preferred activity ComponentInfo{com.android.mms/com.android.mms.ui.ComposeMessageActivity} for user 0 :
I/PackageManager( 1568):   Action: "android.intent.action.SENDTO"
I/PackageManager( 1568):   Category: "android.intent.category.DEFAULT"
I/PackageManager( 1568):   Scheme: "smsto"
I/PackageManager( 1568): Adding preferred activity ComponentInfo{com.android.mms/com.android.mms.ui.ComposeMessageActivity} for user 0 :
I/Icing   ( 2157): IndexChimeraService.getServiceInterface callingPackage=com.google.android.gms componentName=AppsCorpus serviceId=32
I/Icing   ( 2157): IndexChimeraService.getServiceInterface callingPackage=com.google.android.gms componentName=AppsCorpus serviceId=36
I/PackageManager( 1568):   Action: "android.intent.action.SENDTO"
I/PackageManager( 1568):   Category: "android.intent.category.DEFAULT"
I/PackageManager( 1568):   Scheme: "mms"
I/PackageManager( 1568): Adding preferred activity ComponentInfo{com.android.mms/com.android.mms.ui.ComposeMessageActivity} for user 0 :
D/dalvikvm( 1810): GC_FOR_ALLOC freed 370K, 16% free 3672K/4368K, paused 15ms, total 15ms
I/Icing   ( 2157): Usage reports ok 0, Failed Usage reports 0, indexed 0, rejected 0, imm upload true
I/PackageManager( 1568):   Action: "android.intent.action.SENDTO"
I/PackageManager( 1568):   Category: "android.intent.category.DEFAULT"
I/PackageManager( 1568):   Scheme: "mmsto"
I/PackageManager( 1568): Adding preferred activity ComponentInfo{com.android.mms/com.android.mms.ui.ComposeMessageActivity} for user 0 :
I/ProcessCheckinRequest( 2157): updateCheckinIdTokenFileFromResponse, Reading existing AID
D/EGL_emulation( 2382): eglCreateContext: 0xb7e6ff50: maj 3 min 0 rcv 3
D/EGL_emulation( 2382): eglMakeCurrent: 0xb7e6ff50: ver 3 0
E/eglCodecCommon( 2382): glUtilsParamSize: unknow param 0x00008cdf
E/eglCodecCommon( 2382): glUtilsParamSize: unknow param 0x00008824
I/CheckinRequestBuilder( 2157): Checkin reason type: 5 attempt count: 1
W/Launcher( 2433): setApplicationContext called twice! old=com.google.android.velvet.VelvetApplication@9cfaef10 new=com.google.android.velvet.VelvetApplication@9cfaef10
I/Icing.InternalIcingCorporaProvider( 2232): Updating corpora: A: com.android.email, C: MAYBE
I/PackageManager( 1568):   Action: "android.intent.action.SENDTO"
I/PackageManager( 1568):   Category: "android.intent.category.DEFAULT"
I/PackageManager( 1568):   Scheme: "sms"
I/PackageManager( 1568): Adding preferred activity ComponentInfo{com.android.mms/com.android.mms.ui.ComposeMessageActivity} for user 0 :
I/PackageManager( 1568):   Action: "android.intent.action.SENDTO"
I/PackageManager( 1568):   Category: "android.intent.category.DEFAULT"
I/PackageManager( 1568):   Scheme: "smsto"
I/PackageManager( 1568): Adding preferred activity ComponentInfo{com.android.mms/com.android.mms.ui.ComposeMessageActivity} for user 0 :
D/dalvikvm( 1568): GC_FOR_ALLOC freed 1729K, 42% free 9134K/15676K, paused 25ms, total 25ms
I/Icing   ( 2157): IndexChimeraService.getServiceInterface callingPackage=com.google.android.googlequicksearchbox componentName=null serviceId=21
I/PackageManager( 1568):   Action: "android.intent.action.SENDTO"
I/PackageManager( 1568):   Category: "android.intent.category.DEFAULT"
I/PackageManager( 1568):   Scheme: "mms"
I/PackageManager( 1568): Adding preferred activity ComponentInfo{com.android.mms/com.android.mms.ui.ComposeMessageActivity} for user 0 :
W/Launcher( 2433): setApplicationContext called twice! old=com.google.android.velvet.VelvetApplication@9cfaef10 new=com.google.android.velvet.VelvetApplication@9cfaef10
D/dalvikvm( 1810): GC_FOR_ALLOC freed 394K, 16% free 3708K/4368K, paused 3ms, total 3ms
I/PackageManager( 1568):   Action: "android.intent.action.SENDTO"
I/PackageManager( 1568): Adding preferred activity ComponentInfo{com.android.mms/com.android.mms.ui.ComposeMessageActivity} for user 0 :
I/PackageManager( 1568):   Category: "android.intent.category.DEFAULT"
I/PackageManager( 1568):   Scheme: "mmsto"
I/GCoreNlp( 1787): shouldConfirmNlp, NLP off. Ensuring opt-in disabled
I/PackageManager( 1568):   Action: "android.intent.action.SENDTO"
I/PackageManager( 1568):   Category: "android.intent.category.DEFAULT"
I/PackageManager( 1568):   Scheme: "sms"
I/Icing   ( 2157): Usage reports ok 0, Failed Usage reports 0, indexed 0, rejected 0, imm upload false
I/PackageManager( 1568): Adding preferred activity ComponentInfo{com.android.mms/com.android.mms.ui.ComposeMessageActivity} for user 0 :
I/Icing   ( 2157): Usage reports ok 0, Failed Usage reports 0, indexed 0, rejected 0, imm upload false
I/PackageManager( 1568):   Action: "android.intent.action.SENDTO"
I/PackageManager( 1568):   Category: "android.intent.category.DEFAULT"
I/PackageManager( 1568):   Scheme: "smsto"
I/PackageManager( 1568): Adding preferred activity ComponentInfo{com.android.mms/com.android.mms.ui.ComposeMessageActivity} for user 0 :
I/PackageManager( 1568):   Action: "android.intent.action.SENDTO"
I/PackageManager( 1568):   Category: "android.intent.category.DEFAULT"
I/PackageManager( 1568):   Scheme: "mms"
I/PackageManager( 1568): Adding preferred activity ComponentInfo{com.android.mms/com.android.mms.ui.ComposeMessageActivity} for user 0 :
D/dalvikvm( 1810): GC_FOR_ALLOC freed 427K, 16% free 3705K/4404K, paused 10ms, total 10ms
I/PackageManager( 1568):   Action: "android.intent.action.SENDTO"
I/PackageManager( 1568):   Category: "android.intent.category.DEFAULT"
I/PackageManager( 1568):   Scheme: "mmsto"
I/PackageManager( 1568): Adding preferred activity ComponentInfo{com.android.mms/com.android.mms.ui.ComposeMessageActivity} for user 0 :
I/aaql    ( 1787): Scheduling Phenotype for a PhenotypeSyncImmediately(6, com.google.android.gms.auth_api_phone) one off with window [1, 2] in seconds -- metadata{ service_id: 51 }
I/CheckinUtil( 2157): Classify the device as Phone.
I/PackageManager( 1568):   Action: "android.intent.action.SENDTO"
I/PackageManager( 1568):   Category: "android.intent.category.DEFAULT"
I/PackageManager( 1568):   Scheme: "sms"
I/Icing   ( 2157): IndexChimeraService.getServiceInterface callingPackage=com.google.android.gms componentName=AppsCorpus serviceId=32
I/PackageManager( 1568): Adding preferred activity ComponentInfo{com.android.mms/com.android.mms.ui.ComposeMessageActivity} for user 0 :
I/Icing   ( 2157): IndexChimeraService.getServiceInterface callingPackage=com.google.android.gms componentName=AppsCorpus serviceId=36
I/GeofencerStateMachine( 1787): sendQueryLocationOptIn
W/Launcher( 2433): setApplicationContext called twice! old=com.google.android.velvet.VelvetApplication@9cfaef10 new=com.google.android.velvet.VelvetApplication@9cfaef10
I/PackageManager( 1568):   Action: "android.intent.action.SENDTO"
I/PackageManager( 1568):   Category: "android.intent.category.DEFAULT"
I/PackageManager( 1568):   Scheme: "smsto"
I/PackageManager( 1568): Adding preferred activity ComponentInfo{com.android.mms/com.android.mms.ui.ComposeMessageActivity} for user 0 :
I/PackageManager( 1568):   Action: "android.intent.action.SENDTO"
I/PackageManager( 1568):   Category: "android.intent.category.DEFAULT"
I/PackageManager( 1568):   Scheme: "mms"
I/PackageManager( 1568): Adding preferred activity ComponentInfo{com.android.mms/com.android.mms.ui.ComposeMessageActivity} for user 0 :
D/dalvikvm( 2039): GC_EXPLICIT freed 229K, 28% free 4558K/6256K, paused 1ms+5ms, total 76ms
D/dalvikvm( 1568): GC_FOR_ALLOC freed 1549K, 42% free 9120K/15676K, paused 45ms, total 46ms
W/Launcher( 2433): setApplicationContext called twice! old=com.google.android.velvet.VelvetApplication@9cfaef10 new=com.google.android.velvet.VelvetApplication@9cfaef10
D/dalvikvm( 1810): GC_FOR_ALLOC freed 471K, 17% free 3671K/4404K, paused 5ms, total 55ms
I/PackageManager( 1568):   Action: "android.intent.action.SENDTO"
I/PackageManager( 1568):   Category: "android.intent.category.DEFAULT"
I/PackageManager( 1568):   Scheme: "mmsto"
I/PackageManager( 1568): Adding preferred activity ComponentInfo{com.android.mms/com.android.mms.ui.ComposeMessageActivity} for user 0 :
I/PackageManager( 1568):   Action: "android.intent.action.SENDTO"
I/PackageManager( 1568):   Category: "android.intent.category.DEFAULT"
I/PackageManager( 1568):   Scheme: "sms"
I/PackageManager( 1568): Adding preferred activity ComponentInfo{com.android.mms/com.android.mms.ui.ComposeMessageActivity} for user 0 :
I/PackageManager( 1568):   Action: "android.intent.action.SENDTO"
I/PackageManager( 1568):   Category: "android.intent.category.DEFAULT"
I/PackageManager( 1568):   Scheme: "smsto"
I/PackageManager( 1568): Adding preferred activity ComponentInfo{com.android.mms/com.android.mms.ui.ComposeMessageActivity} for user 0 :
D/dalvikvm( 2157): GC_FOR_ALLOC freed 1882K, 30% free 7753K/11012K, paused 66ms, total 67ms
I/PackageManager( 1568):   Action: "android.intent.action.SENDTO"
I/PackageManager( 1568):   Category: "android.intent.category.DEFAULT"
I/PackageManager( 1568):   Scheme: "mms"
I/PackageManager( 1568): Adding preferred activity ComponentInfo{com.android.mms/com.android.mms.ui.ComposeMessageActivity} for user 0 :
I/Icing.InternalIcingCorporaProvider( 2232): Updating corpora: A: com.google.android.gsf, C: MAYBE
D/dalvikvm( 1810): GC_FOR_ALLOC freed 421K, 17% free 3674K/4404K, paused 36ms, total 40ms
I/PackageManager( 1568):   Action: "android.intent.action.SENDTO"
I/PackageManager( 1568):   Category: "android.intent.category.DEFAULT"
I/PackageManager( 1568):   Scheme: "mmsto"
W/ActivityManager( 1568): Unable to start service Intent { cmp=com.google.android.gsf/.checkin.CheckinService } U=0: not found
I/PackageManager( 1568): Adding preferred activity ComponentInfo{com.android.mms/com.android.mms.ui.ComposeMessageActivity} for user 0 :
D/dalvikvm( 1787): GC_FOR_ALLOC freed 1033K, 17% free 6653K/7936K, paused 32ms, total 32ms
I/Icing   ( 2157): Usage reports ok 0, Failed Usage reports 0, indexed 0, rejected 0, imm upload true
I/Icing   ( 2157): IndexChimeraService.getServiceInterface callingPackage=com.google.android.googlequicksearchbox componentName=null serviceId=21
D/AlarmManagerService( 1568): Kernel timezone updated to 0 minutes west of GMT
W/Icing.InternalIcingCorporaProvider( 2232): Application table change notification failed.
D/        ( 1810): Setting time of day to sec=1523662206
I/Icing.InternalIcingCorporaProvider( 2232): Updating corpora: A: com.google.android.gms, C: MAYBE
E/ProcessCheckinRequest( 2157): CheckinNowTaskTag : Checkin Succeeded: https://android.clients.google.com/checkin (request #2): 
D/dalvikvm( 2232): GC_FOR_ALLOC freed 495K, 17% free 3466K/4148K, paused 5ms, total 11ms
I/Icing   ( 2157): IndexChimeraService.getServiceInterface callingPackage=com.google.android.googlequicksearchbox componentName=null serviceId=21
E/BluetoothAdapter( 1826): Bluetooth binder is null
I/WearableService( 1787): Wearable Services stopping
I/EventLogChimeraService( 2157): Accumulating logs since 1523662195883
I/Icing   ( 2157): Indexing done E9AD4D9C7F725861A16A841E03BE6EDA37782A24
I/Icing   ( 2157): updateResources: need to parse sqn{com.google.android.gms}
I/ProcessCheckinRequest( 2157): Get token from PseudonymousIdApi: null
I/CheckinRequestBuilder( 2157): Checkin reason type: 1 attempt count: 2
I/IcingInternalCorpora( 2157): Received calendar change notification.
D/AlertReceiver( 2467): onReceive: a=android.intent.action.PROVIDER_CHANGED Intent { act=android.intent.action.PROVIDER_CHANGED dat=content://com.android.calendar flg=0x10 cmp=com.google.android.calendar/com.android.calendar.alerts.AlertReceiver }
I/ActivityManager( 1568): Delay finish: com.google.android.calendar/com.android.calendar.alerts.AlertReceiver
D/AlertService( 2467): 0 Action = android.intent.action.PROVIDER_CHANGED
I/ActivityManager( 1568): Waited long enough for: ServiceRecord{9d4365f0 u0 com.android.music/.MediaPlaybackService}
I/ActivityManager( 1568): Resuming delayed broadcast
E/BluetoothAdapter( 1826): Bluetooth binder is null
D/dalvikvm( 1787): GC_FOR_ALLOC freed 1190K, 18% free 6690K/8132K, paused 25ms, total 25ms
V/SmsReceiverService( 2648): onStart: #1 mResultCode: -1 = Activity.RESULT_OK
I/ActivityManager( 1568): Delay finish: com.android.mms/.transaction.SmsReceiver
I/ActivityManager( 1568): Resuming delayed broadcast
I/Icing   ( 2157): Usage reports ok 0, Failed Usage reports 0, indexed 0, rejected 0, imm upload false
I/Icing   ( 2157): Usage reports ok 0, Failed Usage reports 0, indexed 0, rejected 0, imm upload false
W/Settings( 2382): Setting install_non_market_apps has moved from android.provider.Settings.Secure to android.provider.Settings.Global.
D/dalvikvm( 2157): GC_FOR_ALLOC freed 1449K, 29% free 7914K/11012K, paused 24ms, total 24ms
I/Icing   ( 2157): IndexChimeraService.getServiceInterface callingPackage=com.google.android.gms componentName=AppsCorpus serviceId=32
I/Icing   ( 2157): IndexChimeraService.getServiceInterface callingPackage=com.google.android.gms componentName=AppsCorpus serviceId=36
I/SystemUpdateService( 2039): cancelUpdate (empty URL)
I/Icing   ( 2157): Usage reports ok 0, Failed Usage reports 0, indexed 0, rejected 0, imm upload true
D/dalvikvm( 2382): GC_FOR_ALLOC freed 1325K, 28% free 5781K/8000K, paused 16ms, total 16ms
I/SystemUpdateService( 2039): cancelUpdate (empty URL)
D/        ( 2382): HostConnection::get() New Host Connection established 0xb7ab8880, tid 2420
I/Icing   ( 2157): Usage reports ok 0, Failed Usage reports 0, indexed 0, rejected 0, imm upload true
D/EGL_emulation( 2382): eglCreateContext: 0xb8119fa0: maj 3 min 0 rcv 3
E/ChimeraProxyRslvr( 2157): Failed to instantiate com.google.android.gms.checkin.CheckinChimeraService$Receiver: java.lang.ClassNotFoundException: Didn't find class "com.google.android.gms.checkin.CheckinChimeraService$Receiver" on path: DexPathList[[zip file "/system/framework/com.android.media.remotedisplay.jar", zip file "/system/framework/com.android.location.provider.jar", zip file "/system/priv-app/PrebuiltGmsCore.apk", zip file "/data/data/com.google.android.gms/code_cache/secondary-dexes/PrebuiltGmsCore.apk.classes2.zip", zip file "/data/data/com.google.android.gms/code_cache/secondary-dexes/PrebuiltGmsCore.apk.classes3.zip", zip file "/data/data/com.google.android.gms/code_cache/secondary-dexes/PrebuiltGmsCore.apk.classes4.zip", zip file "/data/data/com.google.android.gms/code_cache/secondary-dexes/PrebuiltGmsCore.apk.classes5.zip"],nativeLibraryDirectories=[/vendor/lib, /system/lib]]
E/ChimeraRcvrProxy( 2157): com.google.android.gms.checkin.CheckinServiceReceiver dropping broadcast com.google.gservices.intent.action.GSERVICES_CHANGED
D/EGL_emulation( 2382): eglMakeCurrent: 0xb8119fa0: ver 3 0
E/eglCodecCommon( 2382): glUtilsParamSize: unknow param 0x00008cdf
E/eglCodecCommon( 2382): glUtilsParamSize: unknow param 0x00008824
I/Icing.InternalIcingCorporaProvider( 2232): Updating corpora: A: com.android.settings, C: MAYBE
I/dalvikvm( 1787): Could not find method android.os.UserManager.isManagedProfile, referenced from method com.google.android.gms.auth.managed.intentoperations.SetupWorkProfileSettingsIntentOperation.a
W/dalvikvm( 1787): VFY: unable to resolve virtual method 4988: Landroid/os/UserManager;.isManagedProfile ()Z
D/dalvikvm( 1787): VFY: replacing opcode 0x6e at 0x0021
W/NetRec  ( 1787): [158] ConfigChangedIntentOperation.onHandleIntent: Device does not support scoring, exiting
I/GCoreUlr( 1787): Starting service, intent=Intent { act=com.google.android.location.reporting.ACTION_UPDATE_WORLD cmp=com.google.android.gms/com.google.android.location.reporting.service.DispatchingService (has extras) }, extras=Bundle[{receiverAction=com.google.gservices.intent.action.GSERVICES_CHANGED}]
I/Icing   ( 2157): IndexChimeraService.getServiceInterface callingPackage=com.google.android.googlequicksearchbox componentName=null serviceId=21
I/Search.GservicesUpdateTask( 2232): Updating Gservices keys
I/Icing   ( 2157): Indexing E9AD4D9C7F725861A16A841E03BE6EDA37782A24 from com.google.android.googlequicksearchbox
E/BluetoothAdapter( 1787): Bluetooth binder is null
I/ActivityManager( 1568): Delay finish: com.google.android.gsf/.checkin.EventLogService$Receiver
W/ActivityManager( 1568): Unable to start service Intent { cmp=com.google.android.gms/.analytics.service.RefreshEnabledStateService } U=0: not found
I/ChromeSync( 2157): [Sync,SyncIntentOperation] Handling the intent: Intent { act=com.google.gservices.intent.action.GSERVICES_CHANGED flg=0x10 cmp=com.google.android.gms/.chimera.GmsIntentOperationService$PersistentInternalReceiver }.
D/dalvikvm( 2039): GC_EXPLICIT freed 296K, 27% free 4581K/6256K, paused 1ms+1ms, total 64ms
D/EGL_emulation( 2382): eglCreateContext: 0xb7a379d0: maj 3 min 0 rcv 3
D/EGL_emulation( 2382): eglMakeCurrent: 0xb7a379d0: ver 3 0
E/eglCodecCommon( 2382): glUtilsParamSize: unknow param 0x00008cdf
E/eglCodecCommon( 2382): glUtilsParamSize: unknow param 0x00008824
D/dalvikvm( 2157): GC_FOR_ALLOC freed 1143K, 29% free 7920K/11012K, paused 30ms, total 31ms
I/dalvikvm-heap( 2157): Grow heap (frag case) to 8.977MB for 1048588-byte allocation
I/GCoreUlr( 1787): WorldUpdater received intent Intent { act=com.google.android.location.reporting.ACTION_UPDATE_WORLD cmp=com.google.android.gms/com.google.android.location.reporting.service.DispatchingService (has extras) } with receiverAction com.google.gservices.intent.action.GSERVICES_CHANGED
D/dalvikvm( 2157): GC_FOR_ALLOC freed 9K, 26% free 8934K/12040K, paused 29ms, total 29ms
D/dalvikvm( 1568): GC_FOR_ALLOC freed 1500K, 42% free 9156K/15676K, paused 18ms, total 19ms
I/GStaticConfiguration( 2232): Ignore gservice update: no configuration
I/ActivityManager( 1568): Resuming delayed broadcast
I/SystemUpdateService( 2039): cancelUpdate (empty URL)
I/SystemUpdateService( 2039): cancelUpdate (empty URL)
D/dalvikvm( 2157): GC_FOR_ALLOC freed 1417K, 21% free 7868K/9888K, paused 48ms, total 48ms
I/dalvikvm-heap( 2157): Grow heap (frag case) to 8.926MB for 1048588-byte allocation
D/dalvikvm( 2157): GC_FOR_ALLOC freed 2K, 19% free 8889K/10916K, paused 40ms, total 40ms
E/ChimeraProxyRslvr( 2157): Failed to instantiate com.google.android.gms.checkin.CheckinChimeraService$Receiver: java.lang.ClassNotFoundException: Didn't find class "com.google.android.gms.checkin.CheckinChimeraService$Receiver" on path: DexPathList[[zip file "/system/framework/com.android.media.remotedisplay.jar", zip file "/system/framework/com.android.location.provider.jar", zip file "/system/priv-app/PrebuiltGmsCore.apk", zip file "/data/data/com.google.android.gms/code_cache/secondary-dexes/PrebuiltGmsCore.apk.classes2.zip", zip file "/data/data/com.google.android.gms/code_cache/secondary-dexes/PrebuiltGmsCore.apk.classes3.zip", zip file "/data/data/com.google.android.gms/code_cache/secondary-dexes/PrebuiltGmsCore.apk.classes4.zip", zip file "/data/data/com.google.android.gms/code_cache/secondary-dexes/PrebuiltGmsCore.apk.classes5.zip"],nativeLibraryDirectories=[/vendor/lib, /system/lib]]
E/ChimeraRcvrProxy( 2157): com.google.android.gms.checkin.CheckinServiceReceiver dropping broadcast com.google.gservices.intent.action.GSERVICES_CHANGED
D/dalvikvm( 2157): GC_FOR_ALLOC freed 1179K, 28% free 7899K/10916K, paused 32ms, total 32ms
D/dalvikvm( 1787): GC_FOR_ALLOC freed 1264K, 19% free 6683K/8196K, paused 53ms, total 54ms
I/dalvikvm( 2157): Could not find method android.bluetooth.BluetoothAdapter.isBleScanAlwaysAvailable, referenced from method ksk.b
W/dalvikvm( 2157): VFY: unable to resolve virtual method 3222: Landroid/bluetooth/BluetoothAdapter;.isBleScanAlwaysAvailable ()Z
D/dalvikvm( 2157): VFY: replacing opcode 0x6e at 0x000e
D/dalvikvm( 2039): GC_EXPLICIT freed 260K, 27% free 4575K/6256K, paused 13ms+1ms, total 85ms
W/NetRec  ( 1787): [158] ConfigChangedIntentOperation.onHandleIntent: Device does not support scoring, exiting
I/GCoreUlr( 1787): Starting service, intent=Intent { act=com.google.android.location.reporting.ACTION_UPDATE_WORLD cmp=com.google.android.gms/com.google.android.location.reporting.service.DispatchingService (has extras) }, extras=Bundle[{receiverAction=com.google.gservices.intent.action.GSERVICES_CHANGED}]
I/dalvikvm( 2157): Could not find method android.telephony.SubscriptionManager.from, referenced from method alkk.a
W/dalvikvm( 2157): VFY: unable to resolve static method 18924: Landroid/telephony/SubscriptionManager;.from (Landroid/content/Context;)Landroid/telephony/SubscriptionManager;
D/dalvikvm( 2157): VFY: replacing opcode 0x71 at 0x004a
I/dalvikvm( 2157): Could not find method android.content.Context.checkSelfPermission, referenced from method alkd.a
W/dalvikvm( 2157): VFY: unable to resolve virtual method 17600: Landroid/content/Context;.checkSelfPermission (Ljava/lang/String;)I
D/dalvikvm( 2157): VFY: replacing opcode 0x6e at 0x0007
I/Search.GservicesUpdateTask( 2232): Updating Gservices keys
D/dalvikvm( 2157): GC_FOR_ALLOC freed 969K, 28% free 7929K/10916K, paused 21ms, total 21ms
I/dalvikvm-heap( 2157): Grow heap (frag case) to 8.986MB for 1048588-byte allocation
I/GStaticConfiguration( 2232): Ignore gservice update: no configuration
D/dalvikvm( 2157): GC_FOR_ALLOC freed 30K, 26% free 8923K/11944K, paused 28ms, total 28ms
D/dalvikvm( 2157): GC_FOR_ALLOC freed 1428K, 20% free 7935K/9888K, paused 12ms, total 12ms
I/dalvikvm-heap( 2157): Grow heap (frag case) to 8.992MB for 1048588-byte allocation
D/dalvikvm( 2157): GC_FOR_ALLOC freed 2K, 18% free 8957K/10916K, paused 29ms, total 29ms
D/dalvikvm( 2157): GC_FOR_ALLOC freed 1031K, 28% free 7930K/10916K, paused 18ms, total 18ms
D/dalvikvm( 2039): GC_EXPLICIT freed 149K, 28% free 4563K/6256K, paused 1ms+2ms, total 12ms
V/EmulatedCamera_Camera( 1143): getCameraInfo
V/EmulatedCamera_BaseCamera( 1143): getCameraInfo
I/OcrModelUpStIntentOp( 2157): Updating ocr activity enabled=true (phenotypeFlag=true, lowRamDevice=false, prereqCheck=true)
I/CmaSystemUpdateService( 2157): StartServiceIntentOperation: Intent { act=com.google.gservices.intent.action.GSERVICES_CHANGED flg=0x10 cmp=com.google.android.gms/.chimera.GmsIntentOperationService$PersistentInternalReceiver }
I/CmaSystemUpdateService( 2157): receiver: Intent { act=com.google.gservices.intent.action.GSERVICES_CHANGED flg=0x10 cmp=com.google.android.gms/.chimera.GmsIntentOperationService$PersistentInternalReceiver }
I/SystemUpdate( 2157): [Installation,ReceiverIntentOperation] Received intent: Intent { act=com.google.gservices.intent.action.GSERVICES_CHANGED flg=0x10 cmp=com.google.android.gms/.chimera.GmsIntentOperationService$PersistentInternalReceiver }.
W/ChimeraUtils( 2157): Non Chimera context
I/GCoreUlr( 1787): WorldUpdater:com.google.gservices.intent.action.GSERVICES_CHANGED: Ensuring that reporting is stopped because of reasons: (no Google accounts)
I/GCoreUlr( 1787): Unbound from all location providers
D/ConnectivityService( 1568): handleInetConditionHoldEnd: net=0, condition=100, published condition=0
I/GCoreUlr( 1787): WorldUpdater received intent Intent { act=com.google.android.location.reporting.ACTION_UPDATE_WORLD cmp=com.google.android.gms/com.google.android.location.reporting.service.DispatchingService (has extras) } with receiverAction com.google.gservices.intent.action.GSERVICES_CHANGED
D/dalvikvm( 2157): GC_FOR_ALLOC freed 1297K, 27% free 8005K/10916K, paused 39ms, total 39ms
W/dalvikvm( 2157): VFY: unable to find class referenced in signature (Landroid/net/Network;)
W/dalvikvm( 2157): VFY: unable to find class referenced in signature (Landroid/net/Network;)
E/NetworkScheduler( 1787): ignoring stale queue check message
I/GCoreUlr( 1787): WorldUpdater:com.google.gservices.intent.action.GSERVICES_CHANGED: Ensuring that reporting is stopped because of reasons: (no Google accounts)
I/GCoreUlr( 1787): Unbound from all location providers
D/dalvikvm( 2157): GC_FOR_ALLOC freed 636K, 28% free 7947K/10916K, paused 17ms, total 28ms
D/dalvikvm( 1787): GC_FOR_ALLOC freed 995K, 20% free 6619K/8196K, paused 12ms, total 12ms
D/dalvikvm( 2157): GC_FOR_ALLOC freed 1049K, 28% free 7942K/10916K, paused 15ms, total 15ms
I/SystemUpdate( 2157): [Execution,InstallationEventIntentOperation] Handling event of type 2.
D/dalvikvm( 2157): GC_FOR_ALLOC freed 356K, 28% free 7947K/10916K, paused 14ms, total 14ms
I/dalvikvm-heap( 2157): Grow heap (frag case) to 9.003MB for 1048588-byte allocation
I/GCoreUlr( 1787): Stopping handler for UlrDispSvcFast
I/GCoreUlr( 1787): Unbound from all location providers
E/NetworkScheduler( 1787): ignoring stale queue check message
D/dalvikvm( 2157): GC_FOR_ALLOC freed <1K, 25% free 8970K/11944K, paused 30ms, total 30ms
I/Icing   ( 2157): Usage reports ok 0, Failed Usage reports 0, indexed 0, rejected 0, imm upload false
I/SystemUpdate( 2157): [Execution,InstallationIntentOperation] Received intent: Intent { act=com.google.android.gms.update.INSTALL_UPDATE cat=[targeted_intent_op_prefix:.update.execution.InstallationIntentOperation] cmp=com.google.android.gms/.chimera.GmsIntentOperationService }.
I/SystemUpdate( 2157): [Execution,ExecutionManager] Action finished-execution executed for 0.00 seconds.
W/Launcher( 2433): setApplicationContext called twice! old=com.google.android.velvet.VelvetApplication@9cfaef10 new=com.google.android.velvet.VelvetApplication@9cfaef10
W/Launcher( 2433): setApplicationContext called twice! old=com.google.android.velvet.VelvetApplication@9cfaef10 new=com.google.android.velvet.VelvetApplication@9cfaef10
W/Launcher( 2433): setApplicationContext called twice! old=com.google.android.velvet.VelvetApplication@9cfaef10 new=com.google.android.velvet.VelvetApplication@9cfaef10
D/dalvikvm( 2157): GC_FOR_ALLOC freed 1997K, 20% free 7979K/9888K, paused 50ms, total 52ms
W/Launcher( 2433): setApplicationContext called twice! old=com.google.android.velvet.VelvetApplication@9cfaef10 new=com.google.android.velvet.VelvetApplication@9cfaef10
I/dalvikvm-heap( 2157): Grow heap (frag case) to 9.036MB for 1048588-byte allocation
D/dalvikvm( 2157): GC_FOR_ALLOC freed 1K, 18% free 9002K/10916K, paused 28ms, total 28ms
D/dalvikvm( 2039): GC_EXPLICIT freed 261K, 28% free 4556K/6256K, paused 1ms+11ms, total 23ms
D/dalvikvm( 2157): GC_FOR_ALLOC freed 1384K, 29% free 7964K/11132K, paused 28ms, total 28ms
D/dalvikvm( 2157): GC_FOR_ALLOC freed 1031K, 29% free 7965K/11132K, paused 12ms, total 23ms
E/NetworkScheduler.ATC( 1787): Provided calling package not found: com.google.android.apps.photos
I/GCM-GMS ( 2157): Registering GMS 745476177629
I/GCM-GMS ( 2157): Scheduling task to register GMS
I/Icing   ( 2157): Usage reports ok 0, Failed Usage reports 0, indexed 0, rejected 0, imm upload false
I/aaql    ( 1787): Scheduling Phenotype for a PhenotypeSyncImmediately(6, com.google.android.gms.checkin.binary) one off with window [1, 2] in seconds -- metadata{ service_id: 51 }
I/Icing   ( 2157): Indexing C3D71534AC2747C7C2109204A0BEB7A628C01C43 from com.google.android.gms
D/EGL_emulation( 2382): eglCreateContext: 0xb7e71860: maj 3 min 0 rcv 3
D/EGL_emulation( 2382): eglMakeCurrent: 0xb7e71860: ver 3 0
E/eglCodecCommon( 2382): glUtilsParamSize: unknow param 0x00008cdf
E/eglCodecCommon( 2382): glUtilsParamSize: unknow param 0x00008824
D/dalvikvm( 2157): GC_FOR_ALLOC freed 1655K, 29% free 7992K/11132K, paused 25ms, total 26ms
W/Conscrypt( 1787): Could not set socket write timeout: java.lang.reflect.InvocationTargetException
D/EGL_emulation( 2382): eglCreateContext: 0xb7b83880: maj 3 min 0 rcv 3
D/EGL_emulation( 2382): eglMakeCurrent: 0xb7b83880: ver 3 0
E/eglCodecCommon( 2382): glUtilsParamSize: unknow param 0x00008cdf
E/eglCodecCommon( 2382): glUtilsParamSize: unknow param 0x00008824
W/OcrModelUpStIntentOp( 2157): Registering params_expdate_c45e5b7.dat failed: The download is pending.
I/OcrModelUpStIntentOp( 2157): Downloading text recognizer
V/EmulatedCamera_Camera( 1143): getCameraInfo
V/EmulatedCamera_BaseCamera( 1143): getCameraInfo
I/OcrModelUpStIntentOp( 2157): Updating ocr activity enabled=true (phenotypeFlag=true, lowRamDevice=false, prereqCheck=true)
I/GCM-GMS ( 2157): Scheduling task to register GMS
W/Conscrypt( 1787): 	at java.lang.reflect.Method.invokeNative(Native Method)
W/Conscrypt( 1787): 	at java.lang.reflect.Method.invoke(Method.java:515)
W/Conscrypt( 1787): Caused by: libcore.io.ErrnoException: setsockopt failed: EBADF (Bad file number)
W/Conscrypt( 1787): 	at libcore.io.Posix.setsockoptTimeval(Native Method)
W/Conscrypt( 1787): 	at libcore.io.ForwardingOs.setsockoptTimeval(ForwardingOs.java:126)
I/ChromeSync( 2157): [Sync,SyncIntentOperation] Handling the intent: Intent { act=com.google.gservices.intent.action.GSERVICES_CHANGED flg=0x10 cmp=com.google.android.gms/.chimera.GmsIntentOperationService$PersistentInternalReceiver }.
W/ActivityManager( 1568): Unable to start service Intent { cmp=com.google.android.gms/.analytics.service.RefreshEnabledStateService } U=0: not found
I/CmaSystemUpdateService( 2157): StartServiceIntentOperation: Intent { act=com.google.gservices.intent.action.GSERVICES_CHANGED flg=0x10 cmp=com.google.android.gms/.chimera.GmsIntentOperationService$PersistentInternalReceiver }
I/CmaSystemUpdateService( 2157): receiver: Intent { act=com.google.gservices.intent.action.GSERVICES_CHANGED flg=0x10 cmp=com.google.android.gms/.chimera.GmsIntentOperationService$PersistentInternalReceiver }
I/SystemUpdate( 2157): [Installation,ReceiverIntentOperation] Received intent: Intent { act=com.google.gservices.intent.action.GSERVICES_CHANGED flg=0x10 cmp=com.google.android.gms/.chimera.GmsIntentOperationService$PersistentInternalReceiver }.
W/ChimeraUtils( 2157): Non Chimera context
D/dalvikvm( 1787): GC_FOR_ALLOC freed 1161K, 19% free 6691K/8196K, paused 67ms, total 68ms
I/Icing   ( 2157): IndexChimeraService.getServiceInterface callingPackage=com.google.android.gms componentName=AppsCorpus serviceId=32
I/Icing   ( 2157): IndexChimeraService.getServiceInterface callingPackage=com.google.android.gms componentName=AppsCorpus serviceId=36
V/AlarmClock( 2502): AlarmInitReceiver android.intent.action.TIME_SET
D/dalvikvm( 1568): GC_EXPLICIT freed 1300K, 42% free 9096K/15676K, paused 1ms+4ms, total 40ms
I/SystemUpdate( 2157): [Execution,InstallationEventIntentOperation] Handling event of type 2.
I/AlarmClock( 2502): Displaying next alarm time: ''
I/CheckinUtil( 2157): Classify the device as Phone.
V/AlarmClock( 2502): AlarmInitReceiver finished
D/dalvikvm( 2382): GC_FOR_ALLOC freed 612K, 25% free 6057K/8000K, paused 29ms, total 43ms
W/Conscrypt( 1787): Could not set socket write timeout: java.lang.reflect.InvocationTargetException
W/Conscrypt( 1787): 	at java.lang.reflect.Method.invokeNative(Native Method)
W/Conscrypt( 1787): 	at java.lang.reflect.Method.invoke(Method.java:515)
W/Conscrypt( 1787): Caused by: libcore.io.ErrnoException: setsockopt failed: EBADF (Bad file number)
W/Conscrypt( 1787): 	at libcore.io.Posix.setsockoptTimeval(Native Method)
W/Conscrypt( 1787): 	at libcore.io.ForwardingOs.setsockoptTimeval(ForwardingOs.java:126)
I/ActivityManager( 1568): Delay finish: com.android.providers.calendar/.CalendarProviderBroadcastReceiver
D/dalvikvm( 2157): GC_FOR_ALLOC freed 1360K, 28% free 8087K/11132K, paused 38ms, total 38ms
I/SystemUpdate( 2157): [Execution,InstallationIntentOperation] Received intent: Intent { act=com.google.android.gms.update.INSTALL_UPDATE cat=[targeted_intent_op_prefix:.update.execution.InstallationIntentOperation] cmp=com.google.android.gms/.chimera.GmsIntentOperationService }.
I/ActivityManager( 1568): Resuming delayed broadcast
D/dalvikvm( 2157): GC_FOR_ALLOC freed 463K, 28% free 8092K/11132K, paused 22ms, total 22ms
I/dalvikvm-heap( 2157): Grow heap (frag case) to 9.146MB for 1048588-byte allocation
I/DownloadManager( 1859): Download 2 starting
D/dalvikvm( 2157): GC_FOR_ALLOC freed 14K, 26% free 9101K/12160K, paused 30ms, total 30ms
I/SystemUpdate( 2157): [Execution,ExecutionManager] Action finished-execution executed for 0.00 seconds.
I/Icing   ( 2157): Usage reports ok 0, Failed Usage reports 0, indexed 0, rejected 0, imm upload true
I/GCM-GMS ( 2157): Scheduling task to register GMS
W/OcrModelUpStIntentOp( 2157): Registering params_expdate_c45e5b7.dat failed: The download is in progress.
I/OcrModelUpStIntentOp( 2157): Downloading text recognizer
D/        ( 2382): HostConnection::get() New Host Connection established 0xb7cce390, tid 2395
W/ActivityThread( 1859): ClassLoader.loadClass: The class loader returned by Thread.getContextClassLoader() may fail for processes that host multiple applications. You should explicitly specify a context class loader. For example: Thread.setContextClassLoader(getClass().getClassLoader());
D/EGL_emulation( 2382): eglCreateContext: 0xb7cce4e0: maj 3 min 0 rcv 3
D/EGL_emulation( 2382): eglMakeCurrent: 0xb7cce4e0: ver 3 0
E/eglCodecCommon( 2382): glUtilsParamSize: unknow param 0x00008cdf
E/eglCodecCommon( 2382): glUtilsParamSize: unknow param 0x00008824
D/dalvikvm( 2157): DexOpt: couldn't find static field Landroid/os/Build;.SUPPORTED_ABIS
W/dalvikvm( 2157): VFY: unable to resolve static field 10600 (SUPPORTED_ABIS) in Landroid/os/Build;
D/dalvikvm( 2157): VFY: replacing opcode 0x62 at 0x0006
I/Vision  ( 2157): Supported ABIS: [x86]
D/dalvikvm( 2039): DexOpt: couldn't find field Landroid/os/Message;.sendingUid
W/dalvikvm( 2039): VFY: unable to resolve instance field 11593
D/dalvikvm( 2039): VFY: replacing opcode 0x52 at 0x0002
D/dalvikvm( 2157): GC_FOR_ALLOC freed 1561K, 20% free 8002K/9888K, paused 29ms, total 29ms
I/Icing.InternalIcingCorporaProvider( 2232): Updating corpora: A: com.android.email, C: MAYBE
I/dalvikvm-heap( 2157): Grow heap (frag case) to 9.057MB for 1048588-byte allocation
D/EGL_emulation( 2382): eglCreateContext: 0xb811b6c0: maj 3 min 0 rcv 3
D/EGL_emulation( 2382): eglMakeCurrent: 0xb811b6c0: ver 3 0
E/eglCodecCommon( 2382): glUtilsParamSize: unknow param 0x00008cdf
E/eglCodecCommon( 2382): glUtilsParamSize: unknow param 0x00008824
D/dalvikvm( 2157): GC_FOR_ALLOC freed 2K, 18% free 9023K/10916K, paused 29ms, total 29ms
I/Icing   ( 2157): IndexChimeraService.getServiceInterface callingPackage=com.google.android.googlequicksearchbox componentName=null serviceId=21
I/GCM-GMS ( 2157): Got GMS registration
I/DynamiteModule( 2039): Considering local module com.google.android.gms.googlecertificates:4 and remote module com.google.android.gms.googlecertificates:4
D/dalvikvm( 2157): GC_FOR_ALLOC freed 1181K, 27% free 8016K/10916K, paused 18ms, total 18ms
I/Authzen ( 2157): [AuthZenEventHandler] Handling event: com.google.android.gms.gcm.REGISTERED
D/dalvikvm( 1859): GC_FOR_ALLOC freed 415K, 15% free 3475K/4076K, paused 79ms, total 79ms
I/DynamiteModule( 2039): Selected local version of com.google.android.gms.googlecertificates
I/GCoreUlr( 1787): GCM registration ID changed: Intent { act=com.google.android.gms.gcm.REGISTERED flg=0x10 pkg=com.google.android.gms cmp=com.google.android.gms/com.google.android.location.reporting.service.GcmRegistrationReceiver }
I/GCoreUlr( 1787): Starting service, intent=Intent { act=com.google.android.location.reporting.GCM_ID_CHANGED cmp=com.google.android.gms/com.google.android.location.reporting.service.DispatchingService }, extras=null
D/dalvikvm( 2157): GC_FOR_ALLOC freed 806K, 27% free 8037K/10916K, paused 22ms, total 22ms
I/dalvikvm-heap( 2157): Grow heap (frag case) to 9.091MB for 1048588-byte allocation
D/dalvikvm( 2157): GC_FOR_ALLOC freed 2K, 25% free 9059K/11944K, paused 24ms, total 24ms
D/dalvikvm( 1787): GC_FOR_ALLOC freed 1184K, 18% free 6762K/8196K, paused 46ms, total 46ms
D/dalvikvm( 2157): GC_FOR_ALLOC freed 1323K, 19% free 8024K/9888K, paused 17ms, total 17ms
I/dalvikvm-heap( 2157): Grow heap (frag case) to 9.079MB for 1048588-byte allocation
E/BluetoothAdapter( 1787): Bluetooth binder is null
D/dalvikvm( 2157): GC_FOR_ALLOC freed 1K, 18% free 9047K/10916K, paused 51ms, total 51ms
I/GCoreUlr( 1787): Stopping handler for UlrDispSvcFast
I/ProcessCheckinRequest( 2157): cookie is null
W/dalvikvm( 1787): VFY: unable to find class referenced in signature (Landroid/net/Network;)
I/GCoreUlr( 1787): Unbound from all location providers
D/dalvikvm( 2157): GC_FOR_ALLOC freed 1088K, 27% free 8023K/10916K, paused 15ms, total 16ms
I/CheckinUtil( 1787): Classify the device as Phone.
E/MDM     ( 2157): [141] vwx.a: No Google accounts; deferring server state update.
W/Conscrypt( 2157): Could not set socket write timeout: java.lang.reflect.InvocationTargetException
W/Conscrypt( 2157): 	at java.lang.reflect.Method.invokeNative(Native Method)
W/Conscrypt( 2157): 	at java.lang.reflect.Method.invoke(Method.java:515)
W/Conscrypt( 2157): Caused by: libcore.io.ErrnoException: setsockopt failed: EBADF (Bad file number)
W/Conscrypt( 2157): 	at libcore.io.Posix.setsockoptTimeval(Native Method)
W/Conscrypt( 2157): 	at libcore.io.ForwardingOs.setsockoptTimeval(ForwardingOs.java:126)
D/dalvikvm( 2157): GC_FOR_ALLOC freed 1182K, 27% free 8035K/10916K, paused 15ms, total 15ms
W/Conscrypt( 2157): Could not set socket write timeout: java.lang.reflect.InvocationTargetException
W/Conscrypt( 2157): 	at java.lang.reflect.Method.invokeNative(Native Method)
W/Conscrypt( 2157): 	at java.lang.reflect.Method.invoke(Method.java:515)
W/Conscrypt( 2157): Caused by: libcore.io.ErrnoException: setsockopt failed: EBADF (Bad file number)
D/dalvikvm( 2157): GC_FOR_ALLOC freed 561K, 27% free 8013K/10916K, paused 21ms, total 21ms
W/Conscrypt( 2157): 	at libcore.io.Posix.setsockoptTimeval(Native Method)
W/Conscrypt( 2157): 	at libcore.io.ForwardingOs.setsockoptTimeval(ForwardingOs.java:126)
W/Conscrypt( 1787): Could not set socket write timeout: java.lang.reflect.InvocationTargetException
W/Conscrypt( 1787): 	at java.lang.reflect.Method.invokeNative(Native Method)
W/Conscrypt( 1787): 	at java.lang.reflect.Method.invoke(Method.java:515)
W/Conscrypt( 1787): Caused by: libcore.io.ErrnoException: setsockopt failed: EBADF (Bad file number)
W/Conscrypt( 1787): 	at libcore.io.Posix.setsockoptTimeval(Native Method)
W/Conscrypt( 1787): 	at libcore.io.ForwardingOs.setsockoptTimeval(ForwardingOs.java:126)
D/dalvikvm( 2157): GC_FOR_ALLOC freed 1059K, 27% free 8017K/10916K, paused 50ms, total 52ms
D/dalvikvm( 2157): GC_FOR_ALLOC freed 431K, 27% free 8015K/10916K, paused 36ms, total 36ms
I/dalvikvm-heap( 2157): Grow heap (frag case) to 9.070MB for 1048588-byte allocation
D/dalvikvm( 2157): GC_FOR_ALLOC freed <1K, 25% free 9038K/11944K, paused 112ms, total 112ms
D/dalvikvm( 2157): GC_FOR_ALLOC freed 1802K, 19% free 8042K/9888K, paused 62ms, total 62ms
I/dalvikvm-heap( 2157): Grow heap (frag case) to 9.097MB for 1048588-byte allocation
W/Conscrypt( 1787): Could not set socket write timeout: java.lang.reflect.InvocationTargetException
W/Conscrypt( 1787): 	at java.lang.reflect.Method.invokeNative(Native Method)
W/Conscrypt( 1787): 	at java.lang.reflect.Method.invoke(Method.java:515)
W/Conscrypt( 1787): Caused by: libcore.io.ErrnoException: setsockopt failed: EBADF (Bad file number)
W/Conscrypt( 1787): 	at libcore.io.Posix.setsockoptTimeval(Native Method)
W/Conscrypt( 1787): 	at libcore.io.ForwardingOs.setsockoptTimeval(ForwardingOs.java:126)
I/dalvikvm( 1787): Could not find method android.os.UserHandle.isOwner, referenced from method com.google.android.gms.phenotype.config.PhenotypeBroadcastIntentOperation.a
W/dalvikvm( 1787): VFY: unable to resolve virtual method 21331: Landroid/os/UserHandle;.isOwner ()Z
D/dalvikvm( 1787): VFY: replacing opcode 0x6e at 0x000a
D/dalvikvm( 2157): GC_FOR_ALLOC freed 1K, 17% free 9065K/10916K, paused 105ms, total 105ms
I/ProcessCheckinRequest( 2157): updateCheckinIdTokenFileFromResponse, Reading existing AID
D/dalvikvm( 2157): GC_FOR_ALLOC freed 1378K, 29% free 8008K/11132K, paused 14ms, total 14ms
I/CheckinRequestBuilder( 2157): Checkin reason type: 1 attempt count: 2
D/dalvikvm( 1787): GC_FOR_ALLOC freed 1250K, 19% free 6792K/8292K, paused 77ms, total 77ms
I/aaql    ( 1787): Scheduling Phenotype for a PhenotypeSyncImmediately(6, com.google.android.gms.settings.platform) one off with window [1, 2] in seconds -- metadata{ service_id: 51 }
D/dalvikvm( 2157): GC_FOR_ALLOC freed 1103K, 29% free 7967K/11132K, paused 28ms, total 28ms
I/aaql    ( 1787): Scheduling Phenotype for a PhenotypeSyncImmediately(6, com.google.android.gms.phenotype) one off with window [1, 2] in seconds -- metadata{ service_id: 51 }
I/Icing   ( 2157): updateResources: need to parse sqn{com.google.android.gms}
I/CheckinUtil( 2157): Classify the device as Phone.
D/EGL_emulation( 2382): eglCreateContext: 0xb810f3c0: maj 3 min 0 rcv 3
D/EGL_emulation( 2382): eglMakeCurrent: 0xb810f3c0: ver 3 0
E/eglCodecCommon( 2382): glUtilsParamSize: unknow param 0x00008cdf
E/eglCodecCommon( 2382): glUtilsParamSize: unknow param 0x00008824
E/ProcessCheckinRequest( 2157): CheckinNowTaskTag : Checkin Succeeded: https://android.clients.google.com/checkin (request #1): 
D/EGL_emulation( 2382): eglCreateContext: 0xb8116700: maj 3 min 0 rcv 3
E/SQLiteLog( 1787): (1) no such table: ChangeCounts
D/EGL_emulation( 2382): eglMakeCurrent: 0xb8116700: ver 3 0
E/eglCodecCommon( 2382): glUtilsParamSize: unknow param 0x00008cdf
E/eglCodecCommon( 2382): glUtilsParamSize: unknow param 0x00008824
I/CheckinUtil( 1787): Classify the device as Phone.
W/Conscrypt( 1787): Could not set socket write timeout: java.lang.reflect.InvocationTargetException
W/Conscrypt( 1787): 	at java.lang.reflect.Method.invokeNative(Native Method)
W/Conscrypt( 1787): 	at java.lang.reflect.Method.invoke(Method.java:515)
W/Conscrypt( 1787): Caused by: libcore.io.ErrnoException: setsockopt failed: EBADF (Bad file number)
W/Conscrypt( 1787): 	at libcore.io.Posix.setsockoptTimeval(Native Method)
W/Conscrypt( 1787): 	at libcore.io.ForwardingOs.setsockoptTimeval(ForwardingOs.java:126)
W/Settings( 2382): Setting install_non_market_apps has moved from android.provider.Settings.Secure to android.provider.Settings.Global.
W/Conscrypt( 1787): Could not set socket write timeout: java.lang.reflect.InvocationTargetException
W/Conscrypt( 1787): 	at java.lang.reflect.Method.invokeNative(Native Method)
W/Conscrypt( 1787): 	at java.lang.reflect.Method.invoke(Method.java:515)
W/Conscrypt( 1787): Caused by: libcore.io.ErrnoException: setsockopt failed: EBADF (Bad file number)
W/Conscrypt( 1787): 	at libcore.io.Posix.setsockoptTimeval(Native Method)
