D/MobileDataStateTracker( 1568): cbs: Broadcast received: android.intent.action.ANY_DATA_STATE apnType=cbs
D/MobileDataStateTracker( 1568): cbs: Received state=DISCONNECTED, old=DISCONNECTED, reason=radioTurnedOff
D/MobileDataStateTracker( 1568): fota: Broadcast received: android.intent.action.ANY_DATA_STATE apnType=fota
D/MobileDataStateTracker( 1568): fota: Received state=DISCONNECTED, old=DISCONNECTED, reason=dataDetached
D/MobileDataStateTracker( 1568): ia: Broadcast received: android.intent.action.ANY_DATA_STATE apnType=ia
D/MobileDataStateTracker( 1568): ia: Received state=DISCONNECTED, old=DISCONNECTED, reason=dataDetached
D/MobileDataStateTracker( 1568): supl: Broadcast received: android.intent.action.ANY_DATA_STATE apnType=supl
D/MobileDataStateTracker( 1568): supl: Received state=DISCONNECTED, old=DISCONNECTED, reason=dataDetached
D/MobileDataStateTracker( 1568): hipri: Broadcast received: android.intent.action.ANY_DATA_STATE apnType=hipri
D/MobileDataStateTracker( 1568): hipri: Received state=DISCONNECTED, old=DISCONNECTED, reason=dataDetached
D/MobileDataStateTracker( 1568): ims: Broadcast received: android.intent.action.ANY_DATA_STATE apnType=ims
D/MobileDataStateTracker( 1568): ims: Received state=DISCONNECTED, old=DISCONNECTED, reason=dataDetached
D/MobileDataStateTracker( 1568): default: Broadcast received: android.intent.action.ANY_DATA_STATE apnType=default
D/MobileDataStateTracker( 1568): default: Received state=DISCONNECTED, old=DISCONNECTED, reason=dataDetached
D/MobileDataStateTracker( 1568): mms: Broadcast received: android.intent.action.ANY_DATA_STATE apnType=mms
D/MobileDataStateTracker( 1568): mms: Received state=DISCONNECTED, old=DISCONNECTED, reason=dataDetached
D/MobileDataStateTracker( 1568): cbs: Broadcast received: android.intent.action.ANY_DATA_STATE apnType=cbs
D/MobileDataStateTracker( 1568): cbs: Received state=DISCONNECTED, old=DISCONNECTED, reason=dataDetached
D/MobileDataStateTracker( 1568): fota: Broadcast received: android.intent.action.ANY_DATA_STATE apnType=fota
D/MobileDataStateTracker( 1568): fota: Received state=DISCONNECTED, old=DISCONNECTED, reason=roamingOff
D/MobileDataStateTracker( 1568): ia: Broadcast received: android.intent.action.ANY_DATA_STATE apnType=ia
D/MobileDataStateTracker( 1568): ia: Received state=DISCONNECTED, old=DISCONNECTED, reason=roamingOff
D/MobileDataStateTracker( 1568): supl: Broadcast received: android.intent.action.ANY_DATA_STATE apnType=supl
D/MobileDataStateTracker( 1568): supl: Received state=DISCONNECTED, old=DISCONNECTED, reason=roamingOff
D/MobileDataStateTracker( 1568): hipri: Broadcast received: android.intent.action.ANY_DATA_STATE apnType=hipri
D/MobileDataStateTracker( 1568): hipri: Received state=DISCONNECTED, old=DISCONNECTED, reason=roamingOff
D/MobileDataStateTracker( 1568): ims: Broadcast received: android.intent.action.ANY_DATA_STATE apnType=ims
D/MobileDataStateTracker( 1568): ims: Received state=DISCONNECTED, old=DISCONNECTED, reason=roamingOff
D/MobileDataStateTracker( 1568): default: Broadcast received: android.intent.action.ANY_DATA_STATE apnType=default
D/MobileDataStateTracker( 1568): default: Received state=DISCONNECTED, old=DISCONNECTED, reason=roamingOff
D/MobileDataStateTracker( 1568): mms: Broadcast received: android.intent.action.ANY_DATA_STATE apnType=mms
D/MobileDataStateTracker( 1568): mms: Received state=DISCONNECTED, old=DISCONNECTED, reason=roamingOff
D/MobileDataStateTracker( 1568): cbs: Broadcast received: android.intent.action.ANY_DATA_STATE apnType=cbs
D/MobileDataStateTracker( 1568): cbs: Received state=DISCONNECTED, old=DISCONNECTED, reason=roamingOff
D/MobileDataStateTracker( 1568): fota: Broadcast received: android.intent.action.ANY_DATA_STATE apnType=fota
D/MobileDataStateTracker( 1568): fota: Received state=DISCONNECTED, old=DISCONNECTED, reason=roamingOff
D/MobileDataStateTracker( 1568): ia: Broadcast received: android.intent.action.ANY_DATA_STATE apnType=ia
D/MobileDataStateTracker( 1568): ia: Received state=DISCONNECTED, old=DISCONNECTED, reason=roamingOff
D/MobileDataStateTracker( 1568): supl: Broadcast received: android.intent.action.ANY_DATA_STATE apnType=supl
D/MobileDataStateTracker( 1568): supl: Received state=DISCONNECTED, old=DISCONNECTED, reason=roamingOff
D/MobileDataStateTracker( 1568): hipri: Broadcast received: android.intent.action.ANY_DATA_STATE apnType=hipri
D/MobileDataStateTracker( 1568): hipri: Received state=DISCONNECTED, old=DISCONNECTED, reason=roamingOff
D/MobileDataStateTracker( 1568): ims: Broadcast received: android.intent.action.ANY_DATA_STATE apnType=ims
D/MobileDataStateTracker( 1568): ims: Received state=DISCONNECTED, old=DISCONNECTED, reason=roamingOff
D/MobileDataStateTracker( 1568): default: Broadcast received: android.intent.action.ANY_DATA_STATE apnType=default
D/MobileDataStateTracker( 1568): default: Received state=DISCONNECTED, old=DISCONNECTED, reason=roamingOff
D/MobileDataStateTracker( 1568): mms: Broadcast received: android.intent.action.ANY_DATA_STATE apnType=mms
D/MobileDataStateTracker( 1568): mms: Received state=DISCONNECTED, old=DISCONNECTED, reason=roamingOff
D/MobileDataStateTracker( 1568): cbs: Broadcast received: android.intent.action.ANY_DATA_STATE apnType=cbs
D/MobileDataStateTracker( 1568): cbs: Received state=DISCONNECTED, old=DISCONNECTED, reason=roamingOff
D/MobileDataStateTracker( 1568): fota: Broadcast received: android.intent.action.ANY_DATA_STATE apnType=fota
D/MobileDataStateTracker( 1568): fota: Received state=DISCONNECTED, old=DISCONNECTED, reason=dataAttached
D/MobileDataStateTracker( 1568): ia: Broadcast received: android.intent.action.ANY_DATA_STATE apnType=ia
D/MobileDataStateTracker( 1568): ia: Received state=DISCONNECTED, old=DISCONNECTED, reason=dataAttached
D/MobileDataStateTracker( 1568): supl: Broadcast received: android.intent.action.ANY_DATA_STATE apnType=supl
D/MobileDataStateTracker( 1568): supl: Received state=DISCONNECTED, old=DISCONNECTED, reason=dataAttached
D/MobileDataStateTracker( 1568): hipri: Broadcast received: android.intent.action.ANY_DATA_STATE apnType=hipri
D/MobileDataStateTracker( 1568): hipri: Received state=DISCONNECTED, old=DISCONNECTED, reason=dataAttached
D/MobileDataStateTracker( 1568): ims: Broadcast received: android.intent.action.ANY_DATA_STATE apnType=ims
D/MobileDataStateTracker( 1568): ims: Received state=DISCONNECTED, old=DISCONNECTED, reason=dataAttached
D/MobileDataStateTracker( 1568): mms: Broadcast received: android.intent.action.ANY_DATA_STATE apnType=mms
D/MobileDataStateTracker( 1568): mms: Received state=DISCONNECTED, old=DISCONNECTED, reason=dataAttached
D/MobileDataStateTracker( 1568): cbs: Broadcast received: android.intent.action.ANY_DATA_STATE apnType=cbs
D/MobileDataStateTracker( 1568): cbs: Received state=DISCONNECTED, old=DISCONNECTED, reason=dataAttached
D/MobileDataStateTracker( 1568): fota: Broadcast received: android.intent.action.ANY_DATA_STATE apnType=fota
D/MobileDataStateTracker( 1568): fota: Received state=DISCONNECTED, old=DISCONNECTED, reason=dataAttached
D/MobileDataStateTracker( 1568): ia: Broadcast received: android.intent.action.ANY_DATA_STATE apnType=ia
D/MobileDataStateTracker( 1568): ia: Received state=DISCONNECTED, old=DISCONNECTED, reason=dataAttached
D/MobileDataStateTracker( 1568): supl: Broadcast received: android.intent.action.ANY_DATA_STATE apnType=supl
D/MobileDataStateTracker( 1568): supl: Received state=DISCONNECTED, old=DISCONNECTED, reason=dataAttached
D/MobileDataStateTracker( 1568): hipri: Broadcast received: android.intent.action.ANY_DATA_STATE apnType=hipri
D/MobileDataStateTracker( 1568): hipri: Received state=DISCONNECTED, old=DISCONNECTED, reason=dataAttached
D/MobileDataStateTracker( 1568): ims: Broadcast received: android.intent.action.ANY_DATA_STATE apnType=ims
D/MobileDataStateTracker( 1568): ims: Received state=DISCONNECTED, old=DISCONNECTED, reason=dataAttached
D/MobileDataStateTracker( 1568): mms: Broadcast received: android.intent.action.ANY_DATA_STATE apnType=mms
D/MobileDataStateTracker( 1568): mms: Received state=DISCONNECTED, old=DISCONNECTED, reason=dataAttached
D/MobileDataStateTracker( 1568): cbs: Broadcast received: android.intent.action.ANY_DATA_STATE apnType=cbs
D/MobileDataStateTracker( 1568): cbs: Received state=DISCONNECTED, old=DISCONNECTED, reason=dataAttached
D/MccTable( 1810): updateMccMncConfiguration: mcc=310, mnc=260
D/MccTable( 1810): getLocaleFromMcc to en_us mcc=310
D/MccTable( 1810): getLocaleForLanguageCountry: got match
D/MccTable( 1810): getLocaleForLanguageCountry: X locale=en_US
D/MccTable( 1810): WIFI_COUNTRY_CODE set to us
I/WifiService( 1568): WifiService trying to set country code to us with persist set to true
D/MccTable( 1810): updateMccMncConfiguration updateConfig config={1.0 310mcc260mnc en_US ldltr ?swdp ?wdp ?hdp ?density ?lsize ?long ?orien ?uimode ?night ?touch ?keyb/?/? ?nav/?}
I/ActivityManager( 1568): Config changes=3 {1.0 310mcc260mnc en_US ldltr sw411dp w411dp h658dp 420dpi nrml port finger qwerty/v/v dpad/v s.6}
D/MccTable( 1810): updateMccMncConfiguration: mcc=310, mnc=260
D/MccTable( 1810): getLocaleFromMcc to en_us mcc=310
D/MccTable( 1810): getLocaleForLanguageCountry: skipping already persisted
D/MccTable( 1810): getLocaleForLanguageCountry: X locale=null
D/MccTable( 1810): WIFI_COUNTRY_CODE set to us
I/WifiService( 1568): WifiService trying to set country code to us with persist set to true
D/MccTable( 1810): updateMccMncConfiguration updateConfig config={1.0 310mcc260mnc ?locale ?layoutDir ?swdp ?wdp ?hdp ?density ?lsize ?long ?orien ?uimode ?night ?touch ?keyb/?/? ?nav/?}
D/MobileDataStateTracker( 1568): fota: Broadcast received: android.intent.action.ANY_DATA_STATE apnType=fota
D/MobileDataStateTracker( 1568): fota: Received state=DISCONNECTED, old=DISCONNECTED, reason=simLoaded
D/MobileDataStateTracker( 1568): ia: Broadcast received: android.intent.action.ANY_DATA_STATE apnType=ia
D/MobileDataStateTracker( 1568): ia: Received state=DISCONNECTED, old=DISCONNECTED, reason=simLoaded
D/MobileDataStateTracker( 1568): supl: Broadcast received: android.intent.action.ANY_DATA_STATE apnType=supl
D/MobileDataStateTracker( 1568): supl: Received state=DISCONNECTED, old=DISCONNECTED, reason=simLoaded
D/MobileDataStateTracker( 1568): hipri: Broadcast received: android.intent.action.ANY_DATA_STATE apnType=hipri
D/MobileDataStateTracker( 1568): hipri: Received state=DISCONNECTED, old=DISCONNECTED, reason=simLoaded
D/MobileDataStateTracker( 1568): ims: Broadcast received: android.intent.action.ANY_DATA_STATE apnType=ims
D/MobileDataStateTracker( 1568): ims: Received state=DISCONNECTED, old=DISCONNECTED, reason=simLoaded
D/MobileDataStateTracker( 1568): mms: Broadcast received: android.intent.action.ANY_DATA_STATE apnType=mms
D/MobileDataStateTracker( 1568): mms: Received state=DISCONNECTED, old=DISCONNECTED, reason=simLoaded
D/MobileDataStateTracker( 1568): cbs: Broadcast received: android.intent.action.ANY_DATA_STATE apnType=cbs
D/MobileDataStateTracker( 1568): cbs: Received state=DISCONNECTED, old=DISCONNECTED, reason=simLoaded
D/MobileDataStateTracker( 1568): default: Broadcast received: android.intent.action.ANY_DATA_STATE apnType=default
D/MobileDataStateTracker( 1568): default: Received state=CONNECTING, old=DISCONNECTED, reason=simLoaded
D/MobileDataStateTracker( 1568): default: setDetailed state, old =IDLE and new state=CONNECTING
D/MobileDataStateTracker( 1568): fota: Broadcast received: android.intent.action.ANY_DATA_STATE apnType=fota
D/MobileDataStateTracker( 1568): fota: Received state=DISCONNECTED, old=DISCONNECTED, reason=simLoaded
D/MobileDataStateTracker( 1568): ia: Broadcast received: android.intent.action.ANY_DATA_STATE apnType=ia
D/MobileDataStateTracker( 1568): ia: Received state=DISCONNECTED, old=DISCONNECTED, reason=simLoaded
D/MobileDataStateTracker( 1568): supl: Broadcast received: android.intent.action.ANY_DATA_STATE apnType=supl
D/MobileDataStateTracker( 1568): supl: Received state=DISCONNECTED, old=DISCONNECTED, reason=simLoaded
D/MobileDataStateTracker( 1568): hipri: Broadcast received: android.intent.action.ANY_DATA_STATE apnType=hipri
D/MobileDataStateTracker( 1568): hipri: Received state=DISCONNECTED, old=DISCONNECTED, reason=simLoaded
D/MobileDataStateTracker( 1568): ims: Broadcast received: android.intent.action.ANY_DATA_STATE apnType=ims
D/MobileDataStateTracker( 1568): ims: Received state=DISCONNECTED, old=DISCONNECTED, reason=simLoaded
D/MobileDataStateTracker( 1568): mms: Broadcast received: android.intent.action.ANY_DATA_STATE apnType=mms
D/MobileDataStateTracker( 1568): mms: Received state=DISCONNECTED, old=DISCONNECTED, reason=simLoaded
D/MobileDataStateTracker( 1568): cbs: Broadcast received: android.intent.action.ANY_DATA_STATE apnType=cbs
D/MobileDataStateTracker( 1568): cbs: Received state=DISCONNECTED, old=DISCONNECTED, reason=simLoaded
D/MobileDataStateTracker( 1568): default: Broadcast received: android.intent.action.ANY_DATA_STATE apnType=default
D/MobileDataStateTracker( 1568): default: Received state=CONNECTED, old=CONNECTING, reason=connected
D/MobileDataStateTracker( 1568): default: setDetailed state, old =CONNECTING and new state=CONNECTED
D/ConnectivityService( 1568): ConnectivityChange for mobile: CONNECTED/CONNECTED
D/ConnectivityService( 1568): ConnectivityChange checkMobileProvisioning for TYPE_MOBILE or ProvisioningNetwork
D/ConnectivityService( 1568): checkMobileProvisioning: E suggestedTimeOutMs=60000
D/ConnectivityService( 1568): setProvNotificationVisible: E visible=false networkType=5 extraInfo=null url=null
D/ConnectivityService( 1568): checkMobileProvisioning: params={ url=http://clients3.google.com/generate_204 mTimeOutMs=60000 mCb=com.android.server.ConnectivityService$5@9d22d0e8}
D/ConnectivityService( 1568): checkMobileProvisioning: X
D/MobileDataStateTracker( 1568): default: isProvisioningNetwork: retVal=false
D/ConnectivityService( 1568): [CheckMp] isMobileOk: isDefaultProvisioning=false
D/MobileDataStateTracker( 1568): hipri: isProvisioningNetwork: retVal=false
D/ConnectivityService( 1568): [CheckMp] isMobileOk: isHipriProvisioning=false
D/ConnectivityService( 1568): [CheckMp] isMobileOk: start hipri url=http://clients3.google.com/generate_204
D/Nat464Xlat( 1568): requiresClat: netType=0, hasIPv4Address=true
D/ConnectivityService( 1568): startUsingNetworkFeature reconnecting to 0: enableHIPRI
D/MobileDataStateTracker( 1568): hipri: Broadcast received: android.intent.action.ANY_DATA_STATE apnType=hipri
D/MobileDataStateTracker( 1568): hipri: Received state=CONNECTING, old=DISCONNECTED, reason=dataEnabled
D/MobileDataStateTracker( 1568): hipri: setDetailed state, old =IDLE and new state=CONNECTING
D/MobileDataStateTracker( 1568): fota: Broadcast received: android.intent.action.ANY_DATA_STATE apnType=fota
D/MobileDataStateTracker( 1568): fota: Received state=DISCONNECTED, old=DISCONNECTED, reason=dataEnabled
D/MobileDataStateTracker( 1568): ia: Broadcast received: android.intent.action.ANY_DATA_STATE apnType=ia
D/MobileDataStateTracker( 1568): ia: Received state=DISCONNECTED, old=DISCONNECTED, reason=dataEnabled
D/MobileDataStateTracker( 1568): supl: Broadcast received: android.intent.action.ANY_DATA_STATE apnType=supl
D/MobileDataStateTracker( 1568): supl: Received state=DISCONNECTED, old=DISCONNECTED, reason=dataEnabled
D/MobileDataStateTracker( 1568): ims: Broadcast received: android.intent.action.ANY_DATA_STATE apnType=ims
D/MobileDataStateTracker( 1568): ims: Received state=DISCONNECTED, old=DISCONNECTED, reason=dataEnabled
D/MobileDataStateTracker( 1568): mms: Broadcast received: android.intent.action.ANY_DATA_STATE apnType=mms
D/MobileDataStateTracker( 1568): mms: Received state=DISCONNECTED, old=DISCONNECTED, reason=dataEnabled
D/MobileDataStateTracker( 1568): cbs: Broadcast received: android.intent.action.ANY_DATA_STATE apnType=cbs
D/MobileDataStateTracker( 1568): cbs: Received state=DISCONNECTED, old=DISCONNECTED, reason=dataEnabled
D/ConnectivityService( 1568): startUsingNetworkFeature X: return APN_REQUEST_STARTED
D/ConnectivityService( 1568): [CheckMp] isMobileOk: hipri started
D/ConnectivityService( 1568): [CheckMp] isMobileOk: not connected ni=NetworkInfo: type: mobile_hipri[LTE], state: DISCONNECTED/IDLE, reason: (unspecified), extra: (none), roaming: false, failover: false, isAvailable: true, isConnectedToProvisioningNetwork: false
D/MobileDataStateTracker( 1568): hipri: Broadcast received: android.intent.action.ANY_DATA_STATE apnType=hipri
D/MobileDataStateTracker( 1568): hipri: Received state=CONNECTED, old=CONNECTING, reason=dataEnabled
D/MobileDataStateTracker( 1568): hipri: setDetailed state, old =IDLE and new state=CONNECTED
D/ConnectivityService( 1568): ConnectivityChange for mobile_hipri: CONNECTED/CONNECTED
D/Nat464Xlat( 1568): requiresClat: netType=5, hasIPv4Address=true
I/ActivityManager( 1568): Start proc com.android.exchange for content provider com.android.exchange/.provider.ExchangeDirectoryProvider: pid=2011 uid=10027 gids={50027, 3003, 1028, 1015}
I/WindowManager( 1568): Screen frozen for +1s313ms due to Window{9d1d1d48 u0 com.android.systemui.ImageWallpaper}
I/ActivityManager( 1568): Start proc com.android.email for content provider com.android.email/.provider.EmailProvider: pid=2028 uid=10026 gids={50026, 3003, 1028, 1015}
D/MobileDataStateTracker( 1568): hipri: isProvisioningNetwork: retVal=false
D/ConnectivityService( 1568): [CheckMp] isMobileOk: isProvisioningNetwork is false, continue
I/ActivityManager( 1568): Start proc com.google.process.gapps for content provider com.google.android.syncadapters.contacts/.GalProvider: pid=2039 uid=10007 gids={50007, 3003, 1007, 1028, 1015, 3002, 3001, 3007, 2001, 3006}
D/ConnectivityService( 1568): [CheckMp] isMobileOk: addresses=clients3.google.com/216.58.216.174,clients3.google.com/2607:f8b0:400a:804::200e
D/ConnectivityService( 1568): [CheckMp] isMobileOk: linkHasIpv4=true linkHasIpv6=false
D/ConnectivityService( 1568): requestRouteToHostAddress ok=true
D/ConnectivityService( 1568): [CheckMp] isMobileOk: wait to establish route to hostAddr=clients3.google.com/216.58.216.174
D/ActivityThread( 2028): Loading provider com.android.email.provider;com.android.email.notifier: com.android.email.provider.EmailProvider
W/ActivityManager( 1568): Unable to start service Intent { cmp=com.android.email/.service.AttachmentDownloadService } U=0: not found
W/ActivityManager( 1568): Unable to start service Intent { cmp=com.android.email/.service.AttachmentDownloadService } U=0: not found
I/ActivityManager( 1568): Start proc com.android.defcontainer for service com.android.defcontainer/.DefaultContainerService: pid=2091 uid=10003 gids={50003, 1028, 1015, 1023, 2001, 1035}
W/ActivityManager( 1568): No content provider found for permission revoke: file:///data/local/tmp/edu.washington.yangj9.activityspy
W/ActivityManager( 1568): No content provider found for permission revoke: file:///data/local/tmp/edu.washington.yangj9.activityspy
I/PackageManager( 1568): Copying native libraries to /data/app-lib/vmdl1043326356
I/ActivityManager( 1568): Force stopping edu.washington.yangj9.activityspy appid=10057 user=-1: update pkg
I/PackageManager( 1568): Adding preferred activity ComponentInfo{com.android.mms/com.android.mms.ui.ComposeMessageActivity} for user 0 :
I/PackageManager( 1568): Adding preferred activity ComponentInfo{com.android.mms/com.android.mms.ui.ComposeMessageActivity} for user 0 :
I/PackageManager( 1568): Adding preferred activity ComponentInfo{com.android.mms/com.android.mms.ui.ComposeMessageActivity} for user 0 :
I/PackageManager( 1568): Adding preferred activity ComponentInfo{com.android.mms/com.android.mms.ui.ComposeMessageActivity} for user 0 :
I/PackageManager( 1568): Adding preferred activity ComponentInfo{com.android.mms/com.android.mms.ui.ComposeMessageActivity} for user 0 :
D/BackupManagerService( 1568): Received broadcast Intent { act=android.intent.action.PACKAGE_ADDED dat=package:edu.washington.yangj9.activityspy flg=0x4000010 (has extras) }
V/BackupManagerService( 1568): addPackageParticipantsLocked: #1
I/PackageManager( 1568): Adding preferred activity ComponentInfo{com.android.mms/com.android.mms.ui.ComposeMessageActivity} for user 0 :
I/PackageManager( 1568): Adding preferred activity ComponentInfo{com.android.mms/com.android.mms.ui.ComposeMessageActivity} for user 0 :
I/PackageManager( 1568): Adding preferred activity ComponentInfo{com.android.mms/com.android.mms.ui.ComposeMessageActivity} for user 0 :
I/ActivityManager( 1568): START u0 {act=android.intent.action.MAIN cat=[android.intent.category.LAUNCHER] flg=0x10000000 cmp=edu.washington.yangj9.activityspy/.MainActivity} from pid 2117
I/ActivityManager( 1568): Start proc edu.washington.yangj9.activityspy for activity edu.washington.yangj9.activityspy/.MainActivity: pid=2127 uid=10057 gids={50057}
D/ConnectivityService( 1568): [CheckMp] isMobileOk: newUrl=https://216.58.216.174/generate_204
W/ActivityThread( 1568): ClassLoader.loadClass: The class loader returned by Thread.getContextClassLoader() may fail for processes that host multiple applications. You should explicitly specify a context class loader. For example: Thread.setContextClassLoader(getClass().getClassLoader());
D/ConnectivityService( 1568): [CheckMp] isMobileOk: hostnameVerify retVal=true hostname=216.58.216.174 orgUriHost=clients3.google.com
D/ConnectivityService( 1568): [CheckMp] isMobileOk: headers={null=[HTTP/1.1 204 No Content], Alt-Svc=[hq=":443"; ma=2592000; quic=51303432; quic=51303431; quic=51303339; quic=51303335,quic=":443"; ma=2592000; v="42,41,39,35"], Connection=[close], Content-Length=[0], Date=[Fri, 13 Apr 2018 23:29:49 GMT], X-Android-Received-Millis=[1523662188948], X-Android-Response-Source=[NETWORK 204], X-Android-Selected-Transport=[http/1.1], X-Android-Sent-Millis=[1523662188930]}
D/ConnectivityService( 1568): [CheckMp] isMobileOk: X got expected responseCode=204 result=1
D/ConnectivityService( 1568): [CheckMp] isMobileOk: F stop hipri
D/ConnectivityService( 1568): stopUsingNetworkFeature: teardown net 0: enableHIPRI
D/MobileDataStateTracker( 1568): default: setEnableFailFastMobileData(enabled=0)
D/MobileDataStateTracker( 1568): hipri: Broadcast received: android.intent.action.ANY_DATA_STATE apnType=hipri
D/MobileDataStateTracker( 1568): hipri: Received state=DISCONNECTED, old=CONNECTED, reason=dataDisabled
D/MobileDataStateTracker( 1568): hipri: setDetailed state, old =CONNECTED and new state=DISCONNECTED
D/ConnectivityService( 1568): ConnectivityChange for mobile_hipri: DISCONNECTED/DISCONNECTED
D/Nat464Xlat( 1568): requiresClat: netType=5, hasIPv4Address=true
I/ActivityManager( 1568): Start proc com.google.android.gms for service com.google.android.gms/.chimera.GmsIntentOperationService: pid=2157 uid=10007 gids={50007, 3003, 1007, 1028, 1015, 3002, 3001, 3007, 2001, 3006}
I/ActivityManager( 1568): Start proc com.android.music for broadcast com.android.music/.MediaButtonIntentReceiver: pid=2198 uid=10036 gids={50036, 3003, 1028, 1015}
I/ActivityManager( 1568): Start proc com.google.android.googlequicksearchbox for broadcast com.google.android.googlequicksearchbox/com.google.android.searchcommon.summons.icing.InternalIcingCorporaProvider$CorporaChangedReceiver: pid=2232 uid=10013 gids={50013, 3003, 1028, 3002, 1015}
I/PackageManager( 1568): Adding preferred activity ComponentInfo{com.android.mms/com.android.mms.ui.ComposeMessageActivity} for user 0 :
I/PackageManager( 1568): Adding preferred activity ComponentInfo{com.android.mms/com.android.mms.ui.ComposeMessageActivity} for user 0 :
I/PackageManager( 1568): Adding preferred activity ComponentInfo{com.android.mms/com.android.mms.ui.ComposeMessageActivity} for user 0 :
I/PackageManager( 1568): Adding preferred activity ComponentInfo{com.android.mms/com.android.mms.ui.ComposeMessageActivity} for user 0 :
I/PackageManager( 1568): Adding preferred activity ComponentInfo{com.android.mms/com.android.mms.ui.ComposeMessageActivity} for user 0 :
I/PackageManager( 1568): Adding preferred activity ComponentInfo{com.android.mms/com.android.mms.ui.ComposeMessageActivity} for user 0 :
I/PackageManager( 1568): Adding preferred activity ComponentInfo{com.android.mms/com.android.mms.ui.ComposeMessageActivity} for user 0 :
I/ActivityManager( 1568): Delay finish: com.google.android.googlequicksearchbox/com.google.android.searchcommon.summons.icing.InternalIcingCorporaProvider$CorporaChangedReceiver
I/PackageManager( 1568): Adding preferred activity ComponentInfo{com.android.mms/com.android.mms.ui.ComposeMessageActivity} for user 0 :
E/ActivityThread( 2232): Failed to find provider info for com.google.android.voicesearch
E/ActivityThread( 2232): Failed to find provider info for com.google.android.partnersetup.rlzappprovider
I/PackageManager( 1568): Adding preferred activity ComponentInfo{com.android.mms/com.android.mms.ui.ComposeMessageActivity} for user 0 :
I/PackageManager( 1568): Adding preferred activity ComponentInfo{com.android.mms/com.android.mms.ui.ComposeMessageActivity} for user 0 :
I/PackageManager( 1568): Adding preferred activity ComponentInfo{com.android.mms/com.android.mms.ui.ComposeMessageActivity} for user 0 :
I/PackageManager( 1568): Adding preferred activity ComponentInfo{com.android.mms/com.android.mms.ui.ComposeMessageActivity} for user 0 :
I/PackageManager( 1568): Adding preferred activity ComponentInfo{com.android.mms/com.android.mms.ui.ComposeMessageActivity} for user 0 :
I/PackageManager( 1568): Adding preferred activity ComponentInfo{com.android.mms/com.android.mms.ui.ComposeMessageActivity} for user 0 :
I/PackageManager( 1568): Adding preferred activity ComponentInfo{com.android.mms/com.android.mms.ui.ComposeMessageActivity} for user 0 :
I/PackageManager( 1568): Adding preferred activity ComponentInfo{com.android.mms/com.android.mms.ui.ComposeMessageActivity} for user 0 :
I/PackageManager( 1568): Adding preferred activity ComponentInfo{com.android.mms/com.android.mms.ui.ComposeMessageActivity} for user 0 :
I/PackageManager( 1568): Adding preferred activity ComponentInfo{com.android.mms/com.android.mms.ui.ComposeMessageActivity} for user 0 :
I/PackageManager( 1568): Adding preferred activity ComponentInfo{com.android.mms/com.android.mms.ui.ComposeMessageActivity} for user 0 :
I/PackageManager( 1568): Adding preferred activity ComponentInfo{com.android.mms/com.android.mms.ui.ComposeMessageActivity} for user 0 :
I/PackageManager( 1568): Adding preferred activity ComponentInfo{com.android.mms/com.android.mms.ui.ComposeMessageActivity} for user 0 :
I/PackageManager( 1568): Adding preferred activity ComponentInfo{com.android.mms/com.android.mms.ui.ComposeMessageActivity} for user 0 :
I/PackageManager( 1568): Adding preferred activity ComponentInfo{com.android.mms/com.android.mms.ui.ComposeMessageActivity} for user 0 :
I/PackageManager( 1568): Adding preferred activity ComponentInfo{com.android.mms/com.android.mms.ui.ComposeMessageActivity} for user 0 :
I/PackageManager( 1568): Adding preferred activity ComponentInfo{com.android.mms/com.android.mms.ui.ComposeMessageActivity} for user 0 :
I/PackageManager( 1568): Adding preferred activity ComponentInfo{com.android.mms/com.android.mms.ui.ComposeMessageActivity} for user 0 :
I/PackageManager( 1568): Adding preferred activity ComponentInfo{com.android.mms/com.android.mms.ui.ComposeMessageActivity} for user 0 :
I/PackageManager( 1568): Adding preferred activity ComponentInfo{com.android.mms/com.android.mms.ui.ComposeMessageActivity} for user 0 :
I/PackageManager( 1568): Adding preferred activity ComponentInfo{com.android.mms/com.android.mms.ui.ComposeMessageActivity} for user 0 :
I/PackageManager( 1568): Adding preferred activity ComponentInfo{com.android.mms/com.android.mms.ui.ComposeMessageActivity} for user 0 :
I/PackageManager( 1568): Adding preferred activity ComponentInfo{com.android.mms/com.android.mms.ui.ComposeMessageActivity} for user 0 :
I/PackageManager( 1568): Adding preferred activity ComponentInfo{com.android.mms/com.android.mms.ui.ComposeMessageActivity} for user 0 :
D/ConnectivityService( 1568): [CheckMp] isMobileOk: X result=1
D/ConnectivityService( 1568): [CheckMp] onPostExecute: result=1
D/ConnectivityService( 1568): CheckMp.onComplete: result=1
D/ConnectivityService( 1568): CheckMp.onComplete: ignore, connected or no connection
I/ActivityManager( 1568): Start proc com.google.android.gms.unstable for service com.google.android.gms/.droidguard.DroidGuardService: pid=2382 uid=10007 gids={50007, 3003, 1007, 1028, 1015, 3002, 3001, 3007, 2001, 3006}
I/ActivityManager( 1568): Resuming delayed broadcast
I/ActivityManager( 1568): Start proc com.google.android.googlequicksearchbox:launcher for broadcast com.google.android.googlequicksearchbox/com.google.android.gel.GelStubAppWatcher: pid=2433 uid=10013 gids={50013, 3003, 1028, 3002, 1015}
I/ActivityManager( 1568): Start proc com.google.android.calendar for broadcast com.google.android.calendar/com.android.calendar.widget.CalendarAppWidgetService$CalendarFactory: pid=2467 uid=10018 gids={50018, 3003}
I/ActivityManager( 1568): Start proc com.android.providers.calendar for content provider com.android.providers.calendar/.CalendarProvider2: pid=2490 uid=10001 gids={50001, 3003, 1028, 1015}
I/ActivityManager( 1568): Start proc com.android.deskclock for broadcast com.android.deskclock/.AlarmInitReceiver: pid=2502 uid=10022 gids={50022, 1028}
W/ActivityManager( 1568): Unable to start service Intent { act=com.google.android.gms.nearby.discovery:ACTION_INIT_MESSAGES_PATH cmp=com.google.android.gms/.nearby.discovery.service.DiscoveryService } U=0: not found
W/BackupManagerService( 1568): dataChanged but no participant pkg='com.android.providers.settings' uid=10022
I/ActivityManager( 1568): Delay finish: com.android.settings/.widget.SettingsAppWidgetProvider
I/ActivityManager( 1568): Start proc com.google.android.gms.ui for service com.google.android.gms/.chimera.UiIntentOperationService: pid=2553 uid=10007 gids={50007, 3003, 1007, 1028, 1015, 3002, 3001, 3007, 2001, 3006}
I/ActivityManager( 1568): Resuming delayed broadcast
W/BroadcastQueue( 1568): Permission Denial: broadcasting Intent { act=android.appwidget.action.APPWIDGET_UPDATE_OPTIONS flg=0x10 cmp=com.android.settings/.widget.SettingsAppWidgetProvider (has extras) } from android (pid=1919, uid=10009) is not exported from uid 1000 due to receiver com.android.settings/.widget.SettingsAppWidgetProvider
I/ActivityManager( 1568): Start proc com.android.dialer for broadcast com.android.dialer/.calllog.CallLogReceiver: pid=2578 uid=10004 gids={50004, 3003, 1028, 1015}
D/ConnectivityService( 1568): handleInetConditionHoldEnd: net=0, condition=0, published condition=0
I/ActivityManager( 1568): Delay finish: com.android.dialer/.calllog.CallLogReceiver
I/ActivityManager( 1568): Resuming delayed broadcast
V/WiredAccessoryManager( 1568): init()
I/PowerManagerService( 1568): Boot animation finished.
I/BootReceiver( 1568): Copying audit failures to DropBox
I/BootReceiver( 1568): Checking for fsck errors
I/ActivityManager( 1568): Delay finish: com.android.providers.media/.MediaScannerReceiver
I/SystemUpdateService( 2039): cancelUpdate (empty URL)
I/SystemUpdateService( 2039): cancelUpdate (empty URL)
I/ActivityManager( 1568): Resuming delayed broadcast
I/ActivityManager( 1568): Start proc com.android.mms for broadcast com.android.mms/.transaction.MmsSystemEventReceiver: pid=2648 uid=10010 gids={50010, 3003, 1028, 1015}
I/CertBlacklister( 1568): Certificate blacklist changed, updating...
I/CertBlacklister( 1568): Certificate blacklist updated
I/CertBlacklister( 1568): Certificate blacklist changed, updating...
I/CertBlacklister( 1568): Certificate blacklist updated
D/CountryDetector( 1568): The first listener is added
I/ActivityManager( 1568): Delay finish: com.android.mms/.transaction.SmsReceiver
--------- beginning of /dev/log/main
D/MmsSmsDatabaseHelper( 1810): [MmsSmsDb] tableName: pdu hasAutoIncrement: CREATE TABLE pdu (_id INTEGER PRIMARY KEY AUTOINCREMENT,thread_id INTEGER,date INTEGER,date_sent INTEGER DEFAULT 0,msg_box INTEGER,read INTEGER DEFAULT 0,m_id TEXT,sub TEXT,sub_cs INTEGER,ct_t TEXT,ct_l TEXT,exp INTEGER,m_cls TEXT,m_type INTEGER,v INTEGER,m_size INTEGER,pri INTEGER,rr INTEGER,rpt_a INTEGER,resp_st INTEGER,st INTEGER,tr_id TEXT,retr_st INTEGER,retr_txt TEXT,retr_txt_cs INTEGER,read_status INTEGER,ct_cls INTEGER,resp_txt TEXT,d_tm INTEGER,d_rpt INTEGER,locked INTEGER DEFAULT 0,seen INTEGER DEFAULT 0,text_only INTEGER DEFAULT 0) result: true
D/MmsSmsDatabaseHelper( 1810): [getWritableDatabase] hasAutoIncrementThreads: true hasAutoIncrementAddresses: true hasAutoIncrementPart: true hasAutoIncrementPdu: true
D/dalvikvm( 1568): GC_EXPLICIT freed 1343K, 42% free 9144K/15676K, paused 1ms+1ms, total 15ms
I/ActivityManager( 1568): Resuming delayed broadcast
I/Velvet.VelvetFactory( 2232): refreshing internal icing corpora
D/Mms:app ( 2648): cancelNotification
I/dalvikvm( 2157): Could not find method android.content.Context.getSystemService, referenced from method com.google.android.gms.auth.frp.FrpUpdateIntentOperation.onHandleIntent
W/dalvikvm( 2157): VFY: unable to resolve virtual method 3434: Landroid/content/Context;.getSystemService (Ljava/lang/Class;)Ljava/lang/Object;
D/dalvikvm( 2157): VFY: replacing opcode 0x6e at 0x00ee
I/SystemUpdate( 2157): [Installation,ReceiverIntentOperation] Received intent: Intent { act=com.google.android.gms.update.BASE_MODULE_INIT cat=[targeted_intent_op_prefix:.update.control.ReceiverIntentOperation] cmp=com.google.android.gms/.chimera.GmsIntentOperationService }.
D/AlertReceiver( 2467): onReceive: a=android.intent.action.BOOT_COMPLETED Intent { act=android.intent.action.BOOT_COMPLETED flg=0x8000010 cmp=com.google.android.calendar/com.android.calendar.alerts.AlertReceiver (has extras) }
I/Search.RefreshSearchDomainTask( 2232): refreshing search domain
I/Search.GservicesUpdateTask( 2232): Updating Gservices keys
I/ActivityManager( 1568): Delay finish: com.google.android.calendar/com.android.calendar.alerts.AlertReceiver
D/dalvikvm( 2232): GC_FOR_ALLOC freed 386K, 15% free 3351K/3924K, paused 3ms, total 3ms
D/AlertUtils( 2467): Flushing old alerts from shared prefs table
D/dalvikvm( 2157): GC_FOR_ALLOC freed 717K, 15% free 8046K/9436K, paused 8ms, total 8ms
I/Auth    ( 2157): [WorkAccount] update authenticator enabled for boot or update
I/Auth    ( 2039): [WorkAccount] init work authenticator
W/ChimeraUtils( 2157): Non Chimera context
D/AlertService( 2467): 0 Action = android.intent.action.BOOT_COMPLETED
D/AlertService( 2467): Scheduling next alarm with AlarmScheduler. sEventReminderReceived: null
I/Ads     ( 2157): Initialized AdMob in container 12.2.21 (030-188803320)
W/WakefulBroadcastReceiv.( 2039): No active wake lock id #4
D/AlarmScheduler( 2467): No events found starting within 1 week.
E/BluetoothAdapter( 2039): Bluetooth binder is null
I/Backup  ( 2157): [PreLComponentEnabler] Enabling pre-L components
V/Backup  ( 2157): [PreLComponentEnabler] Enabling Component: com.google.android.gms.backup.component.D2dPreLSourceActivity
I/ChromeSync( 2157): [Sync,SyncIntentOperation] Handling the intent: Intent { act=android.intent.action.BOOT_COMPLETED flg=0x8000010 cmp=com.google.android.gms/.chimera.GmsIntentOperationService (has extras) }.
I/GStaticConfiguration( 2232): Ignore gservice update: no configuration
D/dalvikvm( 2157): GC_FOR_ALLOC freed 648K, 18% free 8131K/9808K, paused 19ms, total 19ms
I/dalvikvm-heap( 2157): Grow heap (frag case) to 9.183MB for 1048588-byte allocation
D/dalvikvm( 2157): GC_FOR_ALLOC freed 4K, 16% free 9151K/10836K, paused 18ms, total 18ms
I/BootCount( 1787): Device boot count in clearcut increased.
W/dalvikvm( 2157): VFY: unable to find class referenced in signature (Landroid/service/persistentdata/PersistentDataBlockManager;)
E/dalvikvm( 2157): Could not find class 'android.service.persistentdata.PersistentDataBlockManager', referenced from method ffv.a
W/dalvikvm( 2157): VFY: unable to resolve check-cast 1129 (Landroid/service/persistentdata/PersistentDataBlockManager;) in Lffv;
D/dalvikvm( 2157): VFY: replacing opcode 0x1f at 0x001f
W/dalvikvm( 2157): VFY: unable to find class referenced in signature (Landroid/service/persistentdata/PersistentDataBlockManager;)
I/dalvikvm( 2157): Could not find method android.service.persistentdata.PersistentDataBlockManager.getMaximumDataBlockSize, referenced from method ffv.a
W/dalvikvm( 2157): VFY: unable to resolve virtual method 5035: Landroid/service/persistentdata/PersistentDataBlockManager;.getMaximumDataBlockSize ()J
D/dalvikvm( 2157): VFY: replacing opcode 0x6e at 0x0023
I/ApiChimeraService( 2157): Scheduling reset intent
W/constellation( 2157): [reboot_checker] disabled by gservice flag
I/Fido    ( 2157): [FidoInitIntentOperation] Initializing Fido module, InitRuntimeState=3
I/GCM-GMS ( 2157): Scheduling task to register GMS
W/ConfigurationChimeraPro( 1787): Got null configs for com.google.android.gms.fitness -- metadata{ service_id: 51 }
I/GrowthService( 2157): Scheduled sync with period: 14400
I/dalvikvm( 2157): Could not find method android.service.persistentdata.PersistentDataBlockManager.read, referenced from method ffv.b
W/dalvikvm( 2157): VFY: unable to resolve virtual method 5036: Landroid/service/persistentdata/PersistentDataBlockManager;.read ()[B
D/dalvikvm( 2157): VFY: replacing opcode 0x6e at 0x000e
W/ConfigurationChimeraPro( 1787): Got null configs for com.google.android.gms.drive -- metadata{ service_id: 51 }
W/Search.SearchUrlHelper( 2232): Auth token not ready, no auth header set.
I/Icing   ( 2157): Indexing C3D71534AC2747C7C2109204A0BEB7A628C01C43 from com.google.android.gms
D/dalvikvm( 2157): GC_FOR_ALLOC freed 1626K, 25% free 8194K/10836K, paused 14ms, total 15ms
W/ChimeraUtils( 2157): Non Chimera context
I/Authzen ( 2157): [AuthZenEventHandler] Handling event: android.intent.action.BOOT_COMPLETED
I/SystemUpdate( 2157): [Execution,InstallationEventIntentOperation] Handling event of type 1.
I/Authzen ( 2157): [TransactionCache] Clearing transaction cache
W/ConfigurationChimeraPro( 1787): Got null configs for com.google.android.gms.instantapps -- metadata{ service_id: 51 }
I/Authzen ( 2157): [PermitStore] Getting all permits...
W/NetRec  ( 2157): [89] NetrecModuleInitIntentOperation.a: Device does not support scoring, exiting
W/ActivityManager( 1568): Unable to start service Intent { act=com.google.android.gms.nearby.discovery:ACTION_INIT_MESSAGES_PATH cmp=com.google.android.gms/.nearby.discovery.service.DiscoveryService } U=0: not found
E/DeviceContactImportDelegate( 2157): Device contact import is disabled.
I/SystemUpdate( 2157): [Execution,InstallationIntentOperation] Received intent: Intent { act=com.google.android.gms.update.INSTALL_UPDATE cat=[targeted_intent_op_prefix:.update.execution.InstallationIntentOperation] cmp=com.google.android.gms/.chimera.GmsIntentOperationService }.
I/SystemUpdate( 2157): [Execution,ExecutionManager] Action finished-execution executed for 0.00 seconds.
E/DeviceContactImportDelegate( 2157): Data layer device contacts import is disabled.
E/DeviceContactImportDelegate( 2157): Device contact import is disabled.
I/Icing   ( 2157): IndexChimeraService.getServiceInterface callingPackage=com.google.android.googlequicksearchbox componentName=null serviceId=21
I/Icing   ( 2157): Indexing done C3D71534AC2747C7C2109204A0BEB7A628C01C43
E/DeviceContactImportDelegate( 2157): Data layer device contacts import is disabled.
D/dalvikvm( 2157): GC_FOR_ALLOC freed 1515K, 25% free 8234K/10836K, paused 29ms, total 29ms
E/DeviceContactImportDelegate( 2157): Device contact import is disabled.
D/dalvikvm( 2382): GC_FOR_ALLOC freed 1487K, 23% free 5788K/7472K, paused 29ms, total 29ms
I/dalvikvm-heap( 2382): Grow heap (frag case) to 6.002MB for 178466-byte allocation
D/dalvikvm( 2382): GC_FOR_ALLOC freed 103K, 24% free 5858K/7648K, paused 23ms, total 23ms
D/dalvikvm( 2157): GC_FOR_ALLOC freed 889K, 25% free 8209K/10836K, paused 37ms, total 40ms
D/dalvikvm( 1787): GC_FOR_ALLOC freed 1073K, 17% free 6466K/7788K, paused 170ms, total 171ms
D/dalvikvm( 2382): GC_FOR_ALLOC freed 92K, 24% free 5832K/7648K, paused 12ms, total 12ms
I/dalvikvm-heap( 2382): Grow heap (frag case) to 6.217MB for 358684-byte allocation
D/dalvikvm( 2382): GC_FOR_ALLOC freed 174K, 25% free 6008K/8000K, paused 10ms, total 10ms
D/dalvikvm( 2157): GC_FOR_ALLOC freed 1350K, 25% free 8197K/10836K, paused 10ms, total 11ms
I/Icing   ( 2157): Usage reports ok 0, Failed Usage reports 0, indexed 0, rejected 0, imm upload true
E/DeviceContactImportDelegate( 2157): Data layer device contacts import is disabled.
W/Herrevad( 2157): [94] sks.c: Looking up Wifi info on a non-wifi device
E/IndexManagementDelegate( 2157): Rebuild index is disabled.
W/ConfigurationChimeraPro( 1787): Got null configs for com.google.android.gms.herrevad -- metadata{ service_id: 51 }
D/dalvikvm( 2382): GC_FOR_ALLOC freed 421K, 26% free 5944K/8000K, paused 74ms, total 74ms
V/SmartDevice( 2157): [service,SmartDeviceIntentHandlers] OnUpgradeOrBootOperation got intent: Intent { act=android.intent.action.BOOT_COMPLETED flg=0x8000010 cmp=com.google.android.gms/.chimera.GmsIntentOperationService (has extras) } with flag 3
D/dalvikvm( 2039): GC_FOR_ALLOC freed 421K, 12% free 5540K/6256K, paused 96ms, total 97ms
D/dalvikvm( 2232): GC_FOR_ALLOC freed 413K, 15% free 3447K/4048K, paused 3ms, total 3ms
D/dalvikvm( 2382): GC_FOR_ALLOC freed 297K, 26% free 5986K/8000K, paused 28ms, total 28ms
D/dalvikvm( 2157): GC_FOR_ALLOC freed 1280K, 24% free 8269K/10836K, paused 60ms, total 60ms
I/Icing   ( 2157): Indexing C3D71534AC2747C7C2109204A0BEB7A628C01C43 from com.google.android.gms
D/dalvikvm( 1568): GC_FOR_ALLOC freed 1644K, 43% free 9041K/15676K, paused 61ms, total 61ms
W/WearableService( 1787): onGetService - Wear is not available on this device.
I/CmaSystemUpdateService( 2157): Runtime init receiver: Intent { act=android.intent.action.BOOT_COMPLETED flg=0x8000010 cmp=com.google.android.gms/.chimera.GmsIntentOperationService (has extras) } with flags: 3
I/CmaSystemUpdateService( 2157): receiver: Intent { act=android.intent.action.BOOT_COMPLETED flg=0x8000010 cmp=com.google.android.gms/.chimera.GmsIntentOperationService (has extras) }
E/MDM     ( 2157): [229] vwx.a: Couldn't connect to Google API client: jiy{statusCode=API_UNAVAILABLE, resolution=null, message=null}
I/Icing   ( 2157): Indexing done C3D71534AC2747C7C2109204A0BEB7A628C01C43
I/dalvikvm( 2157): Could not find method android.os.UserManager.isSystemUser, referenced from method adaf.g
W/dalvikvm( 2157): VFY: unable to resolve virtual method 21340: Landroid/os/UserManager;.isSystemUser ()Z
D/dalvikvm( 2157): VFY: replacing opcode 0x6e at 0x0015
I/Wear_Controller( 2157): onStartup - Wear is not available on this device.
I/GCoreUlr( 1787): Starting service, intent=Intent { act=com.google.android.location.reporting.ACTION_UPDATE_WORLD cmp=com.google.android.gms/com.google.android.location.reporting.service.DispatchingService (has extras) }, extras=Bundle[{receiverAction=com.google.android.gms.location.init.INIT_ACTION, is_boot=true}]
D/dalvikvm( 2382): DexOpt: --- BEGIN 'the.apk' (bootstrap=0) ---
W/linker  ( 2714): libdvm.so has text relocations. This is wasting memory and is a security risk. Please fix.
E/BluetoothAdapter( 1787): Bluetooth binder is null
D/dalvikvm( 2714): DexOpt: load 1ms, verify+opt 2ms, 165956 bytes
D/dalvikvm( 2382): DexOpt: --- END 'the.apk' (success) ---
D/dalvikvm( 2382): DEX prep '/data/data/com.google.android.gms/app_dg_cache/4F7D722C500FEA11632FC9A6A5812D74E5BDFADD/the.apk': unzip in 0ms, rewrite 41ms
I/GCoreUlr( 1787): WorldUpdater received intent Intent { act=com.google.android.location.reporting.ACTION_UPDATE_WORLD cmp=com.google.android.gms/com.google.android.location.reporting.service.DispatchingService (has extras) } with receiverAction com.google.android.gms.location.init.INIT_ACTION
D/dalvikvm( 2382): Trying to load lib /data/data/com.google.android.gms/app_dg_cache/4F7D722C500FEA11632FC9A6A5812D74E5BDFADD/libdE8D16BC2F3A8.so 0x9d052a78
D/dalvikvm( 2382): Added shared lib /data/data/com.google.android.gms/app_dg_cache/4F7D722C500FEA11632FC9A6A5812D74E5BDFADD/libdE8D16BC2F3A8.so 0x9d052a78
D/dalvikvm( 2382): No JNI_OnLoad found in /data/data/com.google.android.gms/app_dg_cache/4F7D722C500FEA11632FC9A6A5812D74E5BDFADD/libdE8D16BC2F3A8.so 0x9d052a78, skipping init
D/dalvikvm( 2157): GC_FOR_ALLOC freed 1716K, 24% free 8328K/10836K, paused 15ms, total 15ms
I/GservicesProvider( 2039): main update completed
I/GservicesProvider( 2039): main update completed
D/dalvikvm( 2157): GC_FOR_ALLOC freed 103K, 24% free 8342K/10836K, paused 16ms, total 16ms
I/CertBlacklister( 1568): Certificate blacklist changed, updating...
I/CertBlacklister( 1568): Certificate blacklist updated
I/GoogleSettingsUtils( 2157): Updated ID in checkin_id_token file
I/CheckinRequestBuilder( 2157): Checkin reason type: 5 attempt count: 1
D/dalvikvm( 2157): GC_FOR_ALLOC freed 1980K, 28% free 7862K/10836K, paused 9ms, total 11ms
D/EGL_emulation( 2039): eglCreateContext: 0xb7bad020: maj 1 min 0 rcv 1
D/dalvikvm( 2157): GC_FOR_ALLOC freed 1060K, 28% free 7840K/10836K, paused 10ms, total 10ms
D/EGL_emulation( 2039): eglMakeCurrent: 0xb7bad020: ver 1 0
D/EGL_emulation( 2039): eglCreateContext: 0xb7bb9850: maj 3 min 0 rcv 3
D/EGL_emulation( 2039): eglMakeCurrent: 0xb7bb9850: ver 3 0
E/eglCodecCommon( 2039): glUtilsParamSize: unknow param 0x00008cdf
E/eglCodecCommon( 2039): glUtilsParamSize: unknow param 0x00008824
D/dalvikvm( 2157): GC_FOR_ALLOC freed 759K, 28% free 7852K/10836K, paused 17ms, total 17ms
I/dalvikvm-heap( 2157): Grow heap (frag case) to 8.910MB for 1048588-byte allocation
D/EGL_emulation( 2039): eglCreateContext: 0xb7bbd4f0: maj 1 min 0 rcv 1
D/dalvikvm( 2157): GC_FOR_ALLOC freed 1K, 26% free 8874K/11864K, paused 27ms, total 27ms
D/EGL_emulation( 2039): eglMakeCurrent: 0xb7bbd4f0: ver 1 0
D/dalvikvm( 2039): GC_EXPLICIT freed 1173K, 25% free 4725K/6256K, paused 1ms+0ms, total 59ms
D/EGL_emulation( 2039): eglCreateContext: 0xb7a32390: maj 3 min 0 rcv 3
D/dalvikvm( 2157): GC_FOR_ALLOC freed 1311K, 17% free 7844K/9356K, paused 15ms, total 15ms
I/dalvikvm-heap( 2157): Grow heap (frag case) to 8.903MB for 1048588-byte allocation
D/EGL_emulation( 2039): eglMakeCurrent: 0xb7a32390: ver 3 0
E/eglCodecCommon( 2039): glUtilsParamSize: unknow param 0x00008cdf
E/eglCodecCommon( 2039): glUtilsParamSize: unknow param 0x00008824
D/dalvikvm( 2157): GC_FOR_ALLOC freed 7K, 15% free 8861K/10384K, paused 34ms, total 34ms
D/EGL_emulation( 2039): eglCreateContext: 0xb7a32390: maj 1 min 0 rcv 1
V/AlarmClock( 2502): AlarmInitReceiver android.intent.action.BOOT_COMPLETED
D/dalvikvm( 2502): GC_FOR_ALLOC freed 434K, 17% free 3067K/3688K, paused 3ms, total 3ms
D/EGL_emulation( 2039): eglMakeCurrent: 0xb7a32390: ver 1 0
I/ActivityManager( 1568): Resuming delayed broadcast
V/AlarmClock( 2502): AlarmInitReceiver - Reset timers and clear stopwatch data
V/AlarmClock( 2502): AlarmInitReceiver - resetting volume button default
D/EGL_emulation( 2039): eglCreateContext: 0xb7a32d00: maj 3 min 0 rcv 3
I/AlarmClock( 2502): Displaying next alarm time: ''
V/AlarmClock( 2502): AlarmInitReceiver finished
D/EGL_emulation( 2039): eglMakeCurrent: 0xb7a32d00: ver 3 0
E/eglCodecCommon( 2039): glUtilsParamSize: unknow param 0x00008cdf
E/eglCodecCommon( 2039): glUtilsParamSize: unknow param 0x00008824
I/ActivityManager( 1568): Delay finish: com.android.email/.service.EmailUpgradeBroadcastReceiver
I/ActivityManager( 1568): Resuming delayed broadcast
I/Email   ( 2028): Onetime initialization: 1
I/Email   ( 2028): Onetime initialization: 2
D/EGL_emulation( 2039): eglCreateContext: 0xb7bb9310: maj 1 min 0 rcv 1
I/ActivityManager( 1568): Delay finish: com.android.email/.service.EmailBroadcastReceiver
I/Email   ( 2028): Onetime initialization: completed.
I/ActivityManager( 1568): Delaying start of: ServiceRecord{9d448fa8 u0 com.android.exchange/.service.EmailSyncAdapterService}
D/EGL_emulation( 2039): eglMakeCurrent: 0xb7bb9310: ver 1 0
D/EGL_emulation( 2039): eglCreateContext: 0xb7a32ff0: maj 3 min 0 rcv 3
I/GCoreUlr( 1787): WorldUpdater:com.google.android.gms.location.init.INIT_ACTION: Ensuring that reporting is stopped because of reasons: (no Google accounts)
D/EGL_emulation( 2039): eglMakeCurrent: 0xb7a32ff0: ver 3 0
E/eglCodecCommon( 2039): glUtilsParamSize: unknow param 0x00008cdf
E/eglCodecCommon( 2039): glUtilsParamSize: unknow param 0x00008824
I/ActivityManager( 1568): Resuming delayed broadcast
I/LauncherIconVisibilityManager( 1775): Boot has been completed
I/GCoreUlr( 1787): Unbound from all location providers
I/LauncherIconVisibilityManager( 1775): Disable activity: ComponentInfo{com.google.android.inputmethod.latin/com.android.inputmethod.latin.setup.SetupActivity}
D/dalvikvm( 2039): GC_EXPLICIT freed 222K, 25% free 4736K/6256K, paused 0ms+4ms, total 37ms
D/dalvikvm( 1873): GC_FOR_ALLOC freed 379K, 15% free 3386K/3952K, paused 15ms, total 15ms
I/CheckinTask( 2039): Checkin success: https://android.clients.google.com/checkin (1 requests sent)
I/CheckinService( 2039): From server: Intent { act=com.google.android.gms.checkin.NOOP }
I/GCoreUlr( 1787): Stopping handler for UlrDispSvcFast
I/GCoreUlr( 1787): Unbound from all location providers
I/EventLogService( 2039): Aggregate from 1523662199101 (log), 0 (data)
I/CheckinUtil( 2157): Classify the device as Phone.
I/iu.SyncManager( 2157): SYNC; picasa accounts
I/iu.Environment( 2157): update connectivity state; isNetworkMetered? true*, isRoaming? false, isBackgroundDataAllowed? true*
I/Icing   ( 2157): Indexing E9AD4D9C7F725861A16A841E03BE6EDA37782A24 from com.google.android.googlequicksearchbox
W/EventLogAggregator( 2039): Unknown tag: snet
W/EventLogAggregator( 2039): Unknown tag: snet_gcore
W/EventLogAggregator( 2039): Unknown tag: snet_launch_service
I/iu.UploadsManager( 2157): num queued entries: 0
I/iu.UploadsManager( 2157): num updated entries: 0
I/iu.SyncManager( 2157): NEXT; no task
