I/SettingsChangedIntentOp( 2157): EXTRA_PACKAGE_NAME: com.google.android.gms.wearable
I/PTCommittedOperation( 1787): Receive new configuration for com.google.android.gms.wearable
D/dalvikvm( 1787): GC_FOR_ALLOC freed 1362K, 21% free 7165K/8968K, paused 10ms, total 10ms
W/NetRec  ( 1787): [208] ConfigChangedIntentOperation.onHandleIntent: Device does not support scoring, exiting
I/SettingsChangedIntentOp( 2157): SettingsChangedIntentOperation.run: Got intent Intent { act=com.google.android.gms.phenotype.COMMITTED flg=0x10 pkg=com.google.android.gms cmp=com.google.android.gms/.chimera.GmsIntentOperationService (has extras) }
I/SettingsChangedIntentOp( 2157): SettingsChangedIntentOperation.run Intent extra com.google.android.gms.phenotype.PACKAGE_NAME: com.google.android.gms.ipa
I/SettingsChangedIntentOp( 2157): Action: com.google.android.gms.phenotype.COMMITTED
I/SettingsChangedIntentOp( 2157): EXTRA_PACKAGE_NAME: com.google.android.gms.ipa
I/PTCommittedOperation( 1787): Receive new configuration for com.google.android.gms.ipa
I/GCoreUlr( 1787): WorldUpdater:com.google.gservices.intent.action.GSERVICES_CHANGED: Ensuring that reporting is stopped because of reasons: (no Google accounts)
W/NetRec  ( 1787): [208] ConfigChangedIntentOperation.onHandleIntent: Device does not support scoring, exiting
W/NetRec  ( 1787): [158] ConfigChangedIntentOperation.onHandleIntent: Device does not support scoring, exiting
I/PTCommittedOperation( 1787): Receive new configuration for com.google.android.gms.firebase.auth
I/SettingsChangedIntentOp( 2157): SettingsChangedIntentOperation.run: Got intent Intent { act=com.google.android.gms.phenotype.COMMITTED flg=0x10 pkg=com.google.android.gms cmp=com.google.android.gms/.chimera.GmsIntentOperationService (has extras) }
I/SettingsChangedIntentOp( 2157): SettingsChangedIntentOperation.run Intent extra com.google.android.gms.phenotype.PACKAGE_NAME: com.google.android.gms.firebase.auth
I/SettingsChangedIntentOp( 2157): Action: com.google.android.gms.phenotype.COMMITTED
I/SettingsChangedIntentOp( 2157): EXTRA_PACKAGE_NAME: com.google.android.gms.firebase.auth
I/GCoreUlr( 1787): Unbound from all location providers
E/aaoy    ( 1787): Phenotype API error. Event a <
E/aaoy    ( 1787):   a: ""
E/aaoy    ( 1787):   b: 0
E/aaoy    ( 1787):   c: "TRON"
E/aaoy    ( 1787):   e: ""
E/aaoy    ( 1787):   f: ""
E/aaoy    ( 1787):   g: 0
E/aaoy    ( 1787):   h: 0
E/aaoy    ( 1787):   i: ""
E/aaoy    ( 1787): >
E/aaoy    ( 1787): , EventCode: 6 -- metadata{ service_id: 51 }
E/aaoy    ( 1787): aanv: 29505: No config packages for log source, or config package not registered
E/aaoy    ( 1787): 	at aapl.b(com.google.android.gms@12221030@12.2.21 (030-188803320):4)
E/aaoy    ( 1787): 	at aaoy.a(com.google.android.gms@12221030@12.2.21 (030-188803320):13)
E/aaoy    ( 1787): 	at aaoy.a(com.google.android.gms@12221030@12.2.21 (030-188803320):64)
E/aaoy    ( 1787): 	at kkx.run(com.google.android.gms@12221030@12.2.21 (030-188803320):24)
E/aaoy    ( 1787): 	at kot.run(com.google.android.gms@12221030@12.2.21 (030-188803320):26)
E/aaoy    ( 1787): 	at java.util.concurrent.ThreadPoolExecutor.runWorker(ThreadPoolExecutor.java:1112)
E/aaoy    ( 1787): 	at java.util.concurrent.ThreadPoolExecutor$Worker.run(ThreadPoolExecutor.java:587)
E/aaoy    ( 1787): 	at kus.run(com.google.android.gms@12221030@12.2.21 (030-188803320))
E/aaoy    ( 1787): 	at java.lang.Thread.run(Thread.java:841)
E/AsyncOperation( 1787): serviceID=51, operation=GetExperimentTokensOperationCall
E/AsyncOperation( 1787): OperationException[Status{statusCode=No config packages for log source, or config package not registered, resolution=null}]
E/AsyncOperation( 1787): 	at aaoy.a(com.google.android.gms@12221030@12.2.21 (030-188803320):30)
E/AsyncOperation( 1787): 	at aaoy.a(com.google.android.gms@12221030@12.2.21 (030-188803320):64)
E/AsyncOperation( 1787): 	at kkx.run(com.google.android.gms@12221030@12.2.21 (030-188803320):24)
E/AsyncOperation( 1787): 	at kot.run(com.google.android.gms@12221030@12.2.21 (030-188803320):26)
E/AsyncOperation( 1787): 	at java.util.concurrent.ThreadPoolExecutor.runWorker(ThreadPoolExecutor.java:1112)
E/AsyncOperation( 1787): 	at java.util.concurrent.ThreadPoolExecutor$Worker.run(ThreadPoolExecutor.java:587)
E/AsyncOperation( 1787): 	at kus.run(com.google.android.gms@12221030@12.2.21 (030-188803320))
E/AsyncOperation( 1787): 	at java.lang.Thread.run(Thread.java:841)
D/dalvikvm( 1787): GC_FOR_ALLOC freed 1427K, 21% free 7152K/8968K, paused 8ms, total 8ms
D/dalvikvm( 1568): GC_FOR_ALLOC freed 1454K, 42% free 9175K/15676K, paused 12ms, total 13ms
I/GCoreUlr( 1787): Stopping handler for UlrDispSvcFast
I/GCoreUlr( 1787): Unbound from all location providers
W/NetRec  ( 1787): [208] ConfigChangedIntentOperation.onHandleIntent: Device does not support scoring, exiting
I/PTCommittedOperation( 1787): Receive new configuration for com.google.android.gms.clearcut.public
I/SettingsChangedIntentOp( 2157): SettingsChangedIntentOperation.run: Got intent Intent { act=com.google.android.gms.phenotype.COMMITTED flg=0x10 pkg=com.google.android.gms cmp=com.google.android.gms/.chimera.GmsIntentOperationService (has extras) }
I/SettingsChangedIntentOp( 2157): SettingsChangedIntentOperation.run Intent extra com.google.android.gms.phenotype.PACKAGE_NAME: com.google.android.gms.clearcut.public
I/SettingsChangedIntentOp( 2157): Action: com.google.android.gms.phenotype.COMMITTED
I/SettingsChangedIntentOp( 2157): EXTRA_PACKAGE_NAME: com.google.android.gms.clearcut.public
W/NetRec  ( 1787): [200] ConfigChangedIntentOperation.onHandleIntent: Device does not support scoring, exiting
I/SettingsChangedIntentOp( 2157): SettingsChangedIntentOperation.run: Got intent Intent { act=com.google.android.gms.phenotype.COMMITTED flg=0x10 pkg=com.google.android.gms cmp=com.google.android.gms/.chimera.GmsIntentOperationService (has extras) }
I/SettingsChangedIntentOp( 2157): SettingsChangedIntentOperation.run Intent extra com.google.android.gms.phenotype.PACKAGE_NAME: com.google.android.gms.beacon
I/SettingsChangedIntentOp( 2157): Action: com.google.android.gms.phenotype.COMMITTED
I/SettingsChangedIntentOp( 2157): EXTRA_PACKAGE_NAME: com.google.android.gms.beacon
I/PTCommittedOperation( 1787): Receive new configuration for com.google.android.gms.beacon
W/NetRec  ( 1787): [157] ConfigChangedIntentOperation.onHandleIntent: Device does not support scoring, exiting
I/PTCommittedOperation( 1787): Receive new configuration for com.google.android.gms.contextmanager
I/SettingsChangedIntentOp( 2157): SettingsChangedIntentOperation.run: Got intent Intent { act=com.google.android.gms.phenotype.COMMITTED flg=0x10 pkg=com.google.android.gms cmp=com.google.android.gms/.chimera.GmsIntentOperationService (has extras) }
I/SettingsChangedIntentOp( 2157): SettingsChangedIntentOperation.run Intent extra com.google.android.gms.phenotype.PACKAGE_NAME: com.google.android.gms.contextmanager
I/SettingsChangedIntentOp( 2157): Action: com.google.android.gms.phenotype.COMMITTED
I/SettingsChangedIntentOp( 2157): EXTRA_PACKAGE_NAME: com.google.android.gms.contextmanager
W/NetRec  ( 1787): [156] ConfigChangedIntentOperation.onHandleIntent: Device does not support scoring, exiting
I/PTCommittedOperation( 1787): Receive new configuration for com.google.android.gms.security
I/SettingsChangedIntentOp( 2157): SettingsChangedIntentOperation.run: Got intent Intent { act=com.google.android.gms.phenotype.COMMITTED flg=0x10 pkg=com.google.android.gms cmp=com.google.android.gms/.chimera.GmsIntentOperationService (has extras) }
I/SettingsChangedIntentOp( 2157): SettingsChangedIntentOperation.run Intent extra com.google.android.gms.phenotype.PACKAGE_NAME: com.google.android.gms.security
I/SettingsChangedIntentOp( 2157): Action: com.google.android.gms.phenotype.COMMITTED
I/SettingsChangedIntentOp( 2157): EXTRA_PACKAGE_NAME: com.google.android.gms.security
W/NetRec  ( 1787): [156] ConfigChangedIntentOperation.onHandleIntent: Device does not support scoring, exiting
I/PTCommittedOperation( 1787): Receive new configuration for com.google.android.gms.tapandpay
I/SettingsChangedIntentOp( 2157): SettingsChangedIntentOperation.run: Got intent Intent { act=com.google.android.gms.phenotype.COMMITTED flg=0x10 pkg=com.google.android.gms cmp=com.google.android.gms/.chimera.GmsIntentOperationService (has extras) }
I/SettingsChangedIntentOp( 2157): SettingsChangedIntentOperation.run Intent extra com.google.android.gms.phenotype.PACKAGE_NAME: com.google.android.gms.tapandpay
I/SettingsChangedIntentOp( 2157): Action: com.google.android.gms.phenotype.COMMITTED
I/SettingsChangedIntentOp( 2157): EXTRA_PACKAGE_NAME: com.google.android.gms.tapandpay
W/NetRec  ( 1787): [157] ConfigChangedIntentOperation.onHandleIntent: Device does not support scoring, exiting
I/SettingsChangedIntentOp( 2157): SettingsChangedIntentOperation.run: Got intent Intent { act=com.google.android.gms.phenotype.COMMITTED flg=0x10 pkg=com.google.android.gms cmp=com.google.android.gms/.chimera.GmsIntentOperationService (has extras) }
I/SettingsChangedIntentOp( 2157): SettingsChangedIntentOperation.run Intent extra com.google.android.gms.phenotype.PACKAGE_NAME: com.google.android.gms.gcm
I/SettingsChangedIntentOp( 2157): Action: com.google.android.gms.phenotype.COMMITTED
I/SettingsChangedIntentOp( 2157): EXTRA_PACKAGE_NAME: com.google.android.gms.gcm
I/PTCommittedOperation( 1787): Receive new configuration for com.google.android.gms.gcm
W/NetRec  ( 1787): [158] ConfigChangedIntentOperation.onHandleIntent: Device does not support scoring, exiting
I/SettingsChangedIntentOp( 2157): SettingsChangedIntentOperation.run: Got intent Intent { act=com.google.android.gms.phenotype.COMMITTED flg=0x10 pkg=com.google.android.gms cmp=com.google.android.gms/.chimera.GmsIntentOperationService (has extras) }
I/SettingsChangedIntentOp( 2157): SettingsChangedIntentOperation.run Intent extra com.google.android.gms.phenotype.PACKAGE_NAME: com.google.android.gms.netrec
I/SettingsChangedIntentOp( 2157): Action: com.google.android.gms.phenotype.COMMITTED
I/SettingsChangedIntentOp( 2157): EXTRA_PACKAGE_NAME: com.google.android.gms.netrec
I/PTCommittedOperation( 1787): Receive new configuration for com.google.android.gms.netrec
W/Launcher.Model( 2433): Nobody to tell about the new app.  Launcher is probably loading.
I/Launcher( 1919): Deferring update until onResume
I/InputReader( 1568): Reconfiguring input devices.  changes=0x00000010
D/dalvikvm( 2433): GC_FOR_ALLOC freed 274K, 14% free 3395K/3916K, paused 1ms, total 1ms
W/Launcher.Model( 2433): Nobody to tell about the new app.  Launcher is probably loading.
I/PackageManager( 1568):   Action: "android.intent.action.SENDTO"
I/PackageManager( 1568):   Category: "android.intent.category.DEFAULT"
I/PackageManager( 1568):   Scheme: "sms"
I/InputReader( 1568): Reconfiguring input devices.  changes=0x00000010
I/Launcher( 1919): Deferring update until onResume
I/PackageManager( 1568): Adding preferred activity ComponentInfo{com.android.mms/com.android.mms.ui.ComposeMessageActivity} for user 0 :
I/PackageManager( 1568):   Action: "android.intent.action.SENDTO"
I/PackageManager( 1568):   Category: "android.intent.category.DEFAULT"
I/PackageManager( 1568):   Scheme: "smsto"
I/Launcher( 1919): Deferring update until onResume
I/Icing.InternalIcingCorporaProvider( 2232): Updating corpora: A: com.google.android.gsf, C: MAYBE
I/PackageManager( 1568): Adding preferred activity ComponentInfo{com.android.mms/com.android.mms.ui.ComposeMessageActivity} for user 0 :
D/dalvikvm( 2232): GC_FOR_ALLOC freed 478K, 16% free 3500K/4164K, paused 2ms, total 2ms
I/CheckinCompat( 2157): Done disabling old GoogleServicesFramework version
I/PackageManager( 1568):   Action: "android.intent.action.SENDTO"
I/PackageManager( 1568):   Category: "android.intent.category.DEFAULT"
I/PackageManager( 1568):   Scheme: "mms"
W/Launcher( 2433): setApplicationContext called twice! old=com.google.android.velvet.VelvetApplication@9cfaef10 new=com.google.android.velvet.VelvetApplication@9cfaef10
W/ContextImpl( 2232): Implicit intents with startService are not safe: Intent { act=com.google.android.gms.icing.INDEX_SERVICE } android.content.ContextWrapper.bindService:517 com.google.android.gms.internal.av.a:-1 com.google.android.gms.internal.au.connect:-1 
I/PackageManager( 1568): Adding preferred activity ComponentInfo{com.android.mms/com.android.mms.ui.ComposeMessageActivity} for user 0 :
D/dalvikvm( 1810): GC_FOR_ALLOC freed 461K, 17% free 3681K/4404K, paused 3ms, total 3ms
I/PackageManager( 1568):   Action: "android.intent.action.SENDTO"
I/PackageManager( 1568):   Category: "android.intent.category.DEFAULT"
I/PackageManager( 1568):   Scheme: "mmsto"
I/Icing   ( 2157): IndexChimeraService.getServiceInterface callingPackage=com.google.android.gms componentName=AppsCorpus serviceId=32
I/PackageManager( 1568): Adding preferred activity ComponentInfo{com.android.mms/com.android.mms.ui.ComposeMessageActivity} for user 0 :
I/Icing   ( 2157): IndexChimeraService.getServiceInterface callingPackage=com.google.android.googlequicksearchbox componentName=null serviceId=21
I/Icing   ( 2157): IndexChimeraService.getServiceInterface callingPackage=com.google.android.gms componentName=AppsCorpus serviceId=36
I/PackageManager( 1568):   Action: "android.intent.action.SENDTO"
I/PackageManager( 1568):   Category: "android.intent.category.DEFAULT"
I/PackageManager( 1568):   Scheme: "sms"
W/Launcher( 2433): setApplicationContext called twice! old=com.google.android.velvet.VelvetApplication@9cfaef10 new=com.google.android.velvet.VelvetApplication@9cfaef10
I/PackageManager( 1568): Adding preferred activity ComponentInfo{com.android.mms/com.android.mms.ui.ComposeMessageActivity} for user 0 :
D/dalvikvm( 1568): GC_FOR_ALLOC freed 1471K, 41% free 9254K/15676K, paused 19ms, total 19ms
I/PackageManager( 1568):   Action: "android.intent.action.SENDTO"
I/PackageManager( 1568):   Category: "android.intent.category.DEFAULT"
I/PackageManager( 1568):   Scheme: "smsto"
I/PackageManager( 1568): Adding preferred activity ComponentInfo{com.android.mms/com.android.mms.ui.ComposeMessageActivity} for user 0 :
I/Icing   ( 2157): updateResources: need to parse sqn{com.google.android.gms}
I/PackageManager( 1568):   Action: "android.intent.action.SENDTO"
I/PackageManager( 1568):   Category: "android.intent.category.DEFAULT"
I/PackageManager( 1568):   Scheme: "mms"
I/PackageManager( 1568): Adding preferred activity ComponentInfo{com.android.mms/com.android.mms.ui.ComposeMessageActivity} for user 0 :
D/dalvikvm( 1787): GC_FOR_ALLOC freed 1382K, 20% free 7179K/8968K, paused 45ms, total 46ms
D/dalvikvm( 1810): GC_FOR_ALLOC freed 437K, 17% free 3670K/4404K, paused 2ms, total 2ms
I/PackageManager( 1568):   Action: "android.intent.action.SENDTO"
I/PackageManager( 1568):   Category: "android.intent.category.DEFAULT"
I/PackageManager( 1568):   Scheme: "mmsto"
I/PackageManager( 1568): Adding preferred activity ComponentInfo{com.android.mms/com.android.mms.ui.ComposeMessageActivity} for user 0 :
I/GCoreNlp( 1787): shouldConfirmNlp, NLP off. Ensuring opt-in disabled
I/PackageManager( 1568):   Action: "android.intent.action.SENDTO"
I/PackageManager( 1568):   Category: "android.intent.category.DEFAULT"
I/PackageManager( 1568):   Scheme: "sms"
I/Authzen ( 2157): [DeviceStateSyncManager] Device state fast sync is disabled
I/PackageManager( 1568): Adding preferred activity ComponentInfo{com.android.mms/com.android.mms.ui.ComposeMessageActivity} for user 0 :
I/PackageManager( 1568):   Action: "android.intent.action.SENDTO"
I/PackageManager( 1568):   Category: "android.intent.category.DEFAULT"
I/PackageManager( 1568):   Scheme: "smsto"
I/PackageManager( 1568): Adding preferred activity ComponentInfo{com.android.mms/com.android.mms.ui.ComposeMessageActivity} for user 0 :
I/PackageManager( 1568):   Action: "android.intent.action.SENDTO"
I/PackageManager( 1568):   Category: "android.intent.category.DEFAULT"
I/PackageManager( 1568):   Scheme: "mms"
I/PackageManager( 1568): Adding preferred activity ComponentInfo{com.android.mms/com.android.mms.ui.ComposeMessageActivity} for user 0 :
I/GeofencerStateMachine( 1787): sendQueryLocationOptIn
D/dalvikvm( 1810): GC_FOR_ALLOC freed 438K, 17% free 3671K/4404K, paused 4ms, total 4ms
I/PackageManager( 1568):   Action: "android.intent.action.SENDTO"
I/PackageManager( 1568):   Category: "android.intent.category.DEFAULT"
I/PackageManager( 1568):   Scheme: "mmsto"
I/PackageManager( 1568):   Action: "android.intent.action.SENDTO"
I/PackageManager( 1568):   Category: "android.intent.category.DEFAULT"
I/PackageManager( 1568):   Scheme: "sms"
I/PackageManager( 1568): Adding preferred activity ComponentInfo{com.android.mms/com.android.mms.ui.ComposeMessageActivity} for user 0 :
I/PackageManager( 1568): Adding preferred activity ComponentInfo{com.android.mms/com.android.mms.ui.ComposeMessageActivity} for user 0 :
I/PackageManager( 1568):   Action: "android.intent.action.SENDTO"
I/PackageManager( 1568):   Category: "android.intent.category.DEFAULT"
I/PackageManager( 1568):   Scheme: "smsto"
I/PackageManager( 1568): Adding preferred activity ComponentInfo{com.android.mms/com.android.mms.ui.ComposeMessageActivity} for user 0 :
D/dalvikvm( 2157): GC_FOR_ALLOC freed 1609K, 27% free 8157K/11132K, paused 19ms, total 22ms
I/PackageManager( 1568):   Action: "android.intent.action.SENDTO"
I/PackageManager( 1568):   Category: "android.intent.category.DEFAULT"
I/PackageManager( 1568):   Scheme: "mms"
I/PackageManager( 1568): Adding preferred activity ComponentInfo{com.android.mms/com.android.mms.ui.ComposeMessageActivity} for user 0 :
D/dalvikvm( 1568): GC_FOR_ALLOC freed 1655K, 42% free 9162K/15676K, paused 14ms, total 14ms
W/Icing.InternalIcingCorporaProvider( 2232): Application table change notification failed.
D/dalvikvm( 1810): GC_FOR_ALLOC freed 429K, 17% free 3672K/4404K, paused 2ms, total 2ms
I/PackageManager( 1568):   Action: "android.intent.action.SENDTO"
I/PackageManager( 1568):   Category: "android.intent.category.DEFAULT"
I/PackageManager( 1568):   Scheme: "mmsto"
I/Icing.InternalIcingCorporaProvider( 2232): Updating corpora: A: com.google.android.gms, C: MAYBE
I/PackageManager( 1568): Adding preferred activity ComponentInfo{com.android.mms/com.android.mms.ui.ComposeMessageActivity} for user 0 :
I/Icing   ( 2157): IndexChimeraService.getServiceInterface callingPackage=com.google.android.googlequicksearchbox componentName=null serviceId=21
I/Icing   ( 2157): Usage reports ok 0, Failed Usage reports 0, indexed 0, rejected 0, imm upload false
I/Icing   ( 2157): Usage reports ok 0, Failed Usage reports 0, indexed 0, rejected 0, imm upload true
I/Icing   ( 2157): Usage reports ok 0, Failed Usage reports 0, indexed 0, rejected 0, imm upload true
I/Icing   ( 2157): Usage reports ok 0, Failed Usage reports 0, indexed 0, rejected 0, imm upload false
I/Icing   ( 2157): IndexChimeraService.getServiceInterface callingPackage=com.google.android.gms componentName=AppsCorpus serviceId=32
I/Icing   ( 2157): IndexChimeraService.getServiceInterface callingPackage=com.google.android.gms componentName=AppsCorpus serviceId=36
I/Icing   ( 2157): Usage reports ok 0, Failed Usage reports 0, indexed 0, rejected 0, imm upload false
I/Icing   ( 2157): Usage reports ok 0, Failed Usage reports 0, indexed 0, rejected 0, imm upload false
I/Icing   ( 2157): Indexing E9AD4D9C7F725861A16A841E03BE6EDA37782A24 from com.google.android.googlequicksearchbox
I/Icing   ( 2157): Indexing C3D71534AC2747C7C2109204A0BEB7A628C01C43 from com.google.android.gms
I/Icing   ( 2157): Indexing done E9AD4D9C7F725861A16A841E03BE6EDA37782A24
I/Icing   ( 2157): Indexing done C3D71534AC2747C7C2109204A0BEB7A628C01C43
I/ActivityManager( 1568): Waited long enough for: ServiceRecord{9d5da010 u0 com.google.android.calendar/com.android.calendar.alerts.InitAlarmsService}
W/Launcher.Model( 2433): Nobody to tell about the new app.  Launcher is probably loading.
I/PackageManager( 1568):   Action: "android.intent.action.SENDTO"
I/PackageManager( 1568):   Category: "android.intent.category.DEFAULT"
I/PackageManager( 1568):   Scheme: "sms"
I/InputReader( 1568): Reconfiguring input devices.  changes=0x00000010
I/PackageManager( 1568): Adding preferred activity ComponentInfo{com.android.mms/com.android.mms.ui.ComposeMessageActivity} for user 0 :
I/Launcher( 1919): Deferring update until onResume
I/PackageManager( 1568):   Action: "android.intent.action.SENDTO"
I/PackageManager( 1568):   Category: "android.intent.category.DEFAULT"
I/PackageManager( 1568):   Scheme: "smsto"
I/PackageManager( 1568): Adding preferred activity ComponentInfo{com.android.mms/com.android.mms.ui.ComposeMessageActivity} for user 0 :
D/dalvikvm( 1568): GC_FOR_ALLOC freed 1612K, 42% free 9098K/15676K, paused 11ms, total 11ms
I/PackageManager( 1568):   Action: "android.intent.action.SENDTO"
I/PackageManager( 1568):   Category: "android.intent.category.DEFAULT"
I/PackageManager( 1568):   Scheme: "mms"
I/Icing.InternalIcingCorporaProvider( 2232): Updating corpora: A: com.google.android.gsf, C: MAYBE
W/Launcher( 2433): setApplicationContext called twice! old=com.google.android.velvet.VelvetApplication@9cfaef10 new=com.google.android.velvet.VelvetApplication@9cfaef10
I/PackageManager( 1568): Adding preferred activity ComponentInfo{com.android.mms/com.android.mms.ui.ComposeMessageActivity} for user 0 :
I/Icing   ( 2157): IndexChimeraService.getServiceInterface callingPackage=com.google.android.gms componentName=AppsCorpus serviceId=32
I/Icing   ( 2157): IndexChimeraService.getServiceInterface callingPackage=com.google.android.gms componentName=AppsCorpus serviceId=36
D/dalvikvm( 1810): GC_FOR_ALLOC freed 442K, 17% free 3672K/4404K, paused 3ms, total 4ms
I/PackageManager( 1568):   Action: "android.intent.action.SENDTO"
I/PackageManager( 1568):   Category: "android.intent.category.DEFAULT"
I/PackageManager( 1568):   Scheme: "mmsto"
I/PackageManager( 1568): Adding preferred activity ComponentInfo{com.android.mms/com.android.mms.ui.ComposeMessageActivity} for user 0 :
I/PackageManager( 1568):   Action: "android.intent.action.SENDTO"
I/PackageManager( 1568):   Category: "android.intent.category.DEFAULT"
I/PackageManager( 1568):   Scheme: "sms"
I/PackageManager( 1568): Adding preferred activity ComponentInfo{com.android.mms/com.android.mms.ui.ComposeMessageActivity} for user 0 :
I/PackageManager( 1568):   Action: "android.intent.action.SENDTO"
I/PackageManager( 1568):   Category: "android.intent.category.DEFAULT"
I/PackageManager( 1568):   Scheme: "smsto"
I/PackageManager( 1568): Adding preferred activity ComponentInfo{com.android.mms/com.android.mms.ui.ComposeMessageActivity} for user 0 :
W/ContextImpl( 2232): Implicit intents with startService are not safe: Intent { act=com.google.android.gms.icing.INDEX_SERVICE } android.content.ContextWrapper.bindService:517 com.google.android.gms.internal.av.a:-1 com.google.android.gms.internal.au.connect:-1 
I/Icing   ( 2157): Usage reports ok 0, Failed Usage reports 0, indexed 0, rejected 0, imm upload false
I/PackageManager( 1568):   Action: "android.intent.action.SENDTO"
I/PackageManager( 1568):   Category: "android.intent.category.DEFAULT"
I/PackageManager( 1568):   Scheme: "mms"
I/Icing   ( 2157): Usage reports ok 0, Failed Usage reports 0, indexed 0, rejected 0, imm upload false
I/Icing   ( 2157): IndexChimeraService.getServiceInterface callingPackage=com.google.android.googlequicksearchbox componentName=null serviceId=21
D/dalvikvm( 1810): GC_FOR_ALLOC freed 429K, 17% free 3671K/4404K, paused 3ms, total 3ms
I/PackageManager( 1568): Adding preferred activity ComponentInfo{com.android.mms/com.android.mms.ui.ComposeMessageActivity} for user 0 :
I/PackageManager( 1568):   Action: "android.intent.action.SENDTO"
I/PackageManager( 1568):   Category: "android.intent.category.DEFAULT"
I/PackageManager( 1568):   Scheme: "mmsto"
W/Icing.InternalIcingCorporaProvider( 2232): Application table change notification failed.
I/PackageManager( 1568): Adding preferred activity ComponentInfo{com.android.mms/com.android.mms.ui.ComposeMessageActivity} for user 0 :
I/Icing   ( 2157): Usage reports ok 0, Failed Usage reports 0, indexed 0, rejected 0, imm upload true
I/Icing   ( 2157): Indexing C3D71534AC2747C7C2109204A0BEB7A628C01C43 from com.google.android.gms
I/Icing   ( 2157): Indexing done C3D71534AC2747C7C2109204A0BEB7A628C01C43
D/InitAlarmsService( 2467): Clearing and rescheduling alarms.
I/ActivityManager( 1568): Killing 1837:com.android.printspooler/u0a44 (adj 15): empty #17
I/ActivityManager( 1568): Killing 1943:com.android.externalstorage/u0a6 (adj 15): empty #18
D/ConnectivityService( 1568): Sampling interval elapsed, updating statistics ..
D/ConnectivityService( 1568): Done.
D/ConnectivityService( 1568): Setting timer for 720seconds
I/MediaFocusControl( 1568):  AudioFocus  abandonAudioFocus() from android.media.AudioManager@9cfae918com.android.music.MediaPlaybackService$3@9cfad818
W/MediaFocusControl( 1568):   RemoteControlClient died
I/ActivityManager( 1568): Killing 2198:com.android.music/u0a36 (adj 15): empty #17
D/dalvikvm( 2157): GC_FOR_ALLOC freed 1711K, 27% free 8191K/11132K, paused 9ms, total 9ms
D/dalvikvm( 1787): GC_FOR_ALLOC freed 1441K, 21% free 7157K/8968K, paused 9ms, total 9ms
D/dalvikvm( 2382): GC_FOR_ALLOC freed 1043K, 25% free 6038K/8000K, paused 7ms, total 7ms
W/Settings( 2382): Setting install_non_market_apps has moved from android.provider.Settings.Secure to android.provider.Settings.Global.
D/EGL_emulation( 2382): eglCreateContext: 0xb80cd070: maj 3 min 0 rcv 3
D/EGL_emulation( 2382): eglMakeCurrent: 0xb80cd070: ver 3 0
E/eglCodecCommon( 2382): glUtilsParamSize: unknow param 0x00008cdf
E/eglCodecCommon( 2382): glUtilsParamSize: unknow param 0x00008824
D/EGL_emulation( 2382): eglCreateContext: 0xb7b4c030: maj 3 min 0 rcv 3
D/EGL_emulation( 2382): eglMakeCurrent: 0xb7b4c030: ver 3 0
E/eglCodecCommon( 2382): glUtilsParamSize: unknow param 0x00008cdf
E/eglCodecCommon( 2382): glUtilsParamSize: unknow param 0x00008824
D/dalvikvm( 2382): GC_FOR_ALLOC freed 966K, 24% free 6089K/8000K, paused 5ms, total 5ms
D/EGL_emulation( 2382): eglCreateContext: 0xb819a5a0: maj 3 min 0 rcv 3
D/EGL_emulation( 2382): eglMakeCurrent: 0xb819a5a0: ver 3 0
E/eglCodecCommon( 2382): glUtilsParamSize: unknow param 0x00008cdf
E/eglCodecCommon( 2382): glUtilsParamSize: unknow param 0x00008824
D/EGL_emulation( 2382): eglCreateContext: 0xb819b800: maj 3 min 0 rcv 3
D/EGL_emulation( 2382): eglMakeCurrent: 0xb819b800: ver 3 0
E/eglCodecCommon( 2382): glUtilsParamSize: unknow param 0x00008cdf
E/eglCodecCommon( 2382): glUtilsParamSize: unknow param 0x00008824
D/dalvikvm( 2039): GC_FOR_ALLOC freed 406K, 27% free 4622K/6256K, paused 4ms, total 4ms
I/dalvikvm-heap( 2039): Grow heap (frag case) to 4.781MB for 25256-byte allocation
D/dalvikvm( 2039): GC_FOR_ALLOC freed 13K, 27% free 4634K/6284K, paused 4ms, total 4ms
I/dalvikvm( 2039): Could not find method android.content.Context.getNoBackupFilesDir, referenced from method ttt.<init>
W/dalvikvm( 2039): VFY: unable to resolve virtual method 20188: Landroid/content/Context;.getNoBackupFilesDir ()Ljava/io/File;
D/dalvikvm( 2039): VFY: replacing opcode 0x6e at 0x0028
D/dalvikvm( 2039): GC_FOR_ALLOC freed 145K, 27% free 4610K/6284K, paused 5ms, total 5ms
W/ConfigurationChimeraPro( 1787): Got null configs for com.google.android.gms.common_auth -- metadata{ service_id: 51 }
W/dalvikvm( 2039): VFY: unable to find class referenced in signature (Landroid/net/Network;)
I/dalvikvm( 2039): Could not find method android.net.Network.openConnection, referenced from method slr.a
W/dalvikvm( 2039): VFY: unable to resolve virtual method 20861: Landroid/net/Network;.openConnection (Ljava/net/URL;)Ljava/net/URLConnection;
D/dalvikvm( 2039): VFY: replacing opcode 0x6e at 0x00ab
D/dalvikvm( 2039): GC_FOR_ALLOC freed 85K, 26% free 4655K/6284K, paused 4ms, total 4ms
I/Auth    ( 2039): [ReflectiveChannelBinder] Successfully bound channel!
I/dalvikvm( 2039): Could not find method android.os.PowerManager.isInteractive, referenced from method krl.a
W/dalvikvm( 2039): VFY: unable to resolve virtual method 4948: Landroid/os/PowerManager;.isInteractive ()Z
D/dalvikvm( 2039): VFY: replacing opcode 0x6e at 0x0006
W/Conscrypt( 2039): Could not set socket write timeout: java.lang.reflect.InvocationTargetException
W/Conscrypt( 2039): 	at java.lang.reflect.Method.invokeNative(Native Method)
W/Conscrypt( 2039): 	at java.lang.reflect.Method.invoke(Method.java:515)
W/Conscrypt( 2039): Caused by: libcore.io.ErrnoException: setsockopt failed: EBADF (Bad file number)
W/Conscrypt( 2039): 	at libcore.io.Posix.setsockoptTimeval(Native Method)
W/Conscrypt( 2039): 	at libcore.io.ForwardingOs.setsockoptTimeval(ForwardingOs.java:126)
W/Conscrypt( 2039): Could not set socket write timeout: java.lang.reflect.InvocationTargetException
W/Conscrypt( 2039): 	at java.lang.reflect.Method.invokeNative(Native Method)
W/Conscrypt( 2039): 	at java.lang.reflect.Method.invoke(Method.java:515)
W/Conscrypt( 2039): Caused by: libcore.io.ErrnoException: setsockopt failed: EBADF (Bad file number)
W/Conscrypt( 2039): 	at libcore.io.Posix.setsockoptTimeval(Native Method)
W/Conscrypt( 2039): 	at libcore.io.ForwardingOs.setsockoptTimeval(ForwardingOs.java:126)
D/dalvikvm( 2039): GC_FOR_ALLOC freed 546K, 26% free 4686K/6284K, paused 4ms, total 4ms
W/GLSUser ( 2039): [AppCertManager] IOException while requesting key: 
W/GLSUser ( 2039): java.io.IOException: Invalid device key response.
W/GLSUser ( 2039): 	at gdd.a(com.google.android.gms@12221030@12.2.21 (030-188803320):12)
W/GLSUser ( 2039): 	at gdd.a(com.google.android.gms@12221030@12.2.21 (030-188803320):64)
W/GLSUser ( 2039): 	at gdb.a(com.google.android.gms@12221030@12.2.21 (030-188803320):8)
W/GLSUser ( 2039): 	at gcx.a(com.google.android.gms@12221030@12.2.21 (030-188803320):1)
W/GLSUser ( 2039): 	at gcw.a(com.google.android.gms@12221030@12.2.21 (030-188803320):10)
W/GLSUser ( 2039): 	at com.google.android.gms.auth.account.be.legacy.AuthCronChimeraService.b(com.google.android.gms@12221030@12.2.21 (030-188803320):7)
W/GLSUser ( 2039): 	at ffx.call(com.google.android.gms@12221030@12.2.21 (030-188803320):3)
W/GLSUser ( 2039): 	at java.util.concurrent.FutureTask.run(FutureTask.java:237)
W/GLSUser ( 2039): 	at kot.run(com.google.android.gms@12221030@12.2.21 (030-188803320):26)
W/GLSUser ( 2039): 	at java.util.concurrent.ThreadPoolExecutor.runWorker(ThreadPoolExecutor.java:1112)
W/GLSUser ( 2039): 	at java.util.concurrent.ThreadPoolExecutor$Worker.run(ThreadPoolExecutor.java:587)
W/GLSUser ( 2039): 	at kus.run(com.google.android.gms@12221030@12.2.21 (030-188803320))
W/GLSUser ( 2039): 	at java.lang.Thread.run(Thread.java:841)
D/dalvikvm( 1568): GC_FOR_ALLOC freed 1520K, 42% free 9110K/15676K, paused 11ms, total 11ms
D/dalvikvm( 1787): GC_FOR_ALLOC freed 1423K, 21% free 7145K/8968K, paused 9ms, total 10ms
I/aaql    ( 1787): Scheduling Phenotype for a PhenotypeSyncImmediately(6, com.google.android.gms.playlog.uploader) one off with window [1, 2] in seconds -- metadata{ service_id: 51 }
D/dalvikvm( 1787): GC_FOR_ALLOC freed 1650K, 24% free 6901K/8968K, paused 9ms, total 9ms
W/Conscrypt( 1787): Could not set socket write timeout: java.lang.reflect.InvocationTargetException
W/Conscrypt( 1787): 	at java.lang.reflect.Method.invokeNative(Native Method)
W/Conscrypt( 1787): 	at java.lang.reflect.Method.invoke(Method.java:515)
W/Conscrypt( 1787): Caused by: libcore.io.ErrnoException: setsockopt failed: EBADF (Bad file number)
W/Conscrypt( 1787): 	at libcore.io.Posix.setsockoptTimeval(Native Method)
W/Conscrypt( 1787): 	at libcore.io.ForwardingOs.setsockoptTimeval(ForwardingOs.java:126)
W/Conscrypt( 1787): Could not set socket write timeout: java.lang.reflect.InvocationTargetException
W/Conscrypt( 1787): 	at java.lang.reflect.Method.invokeNative(Native Method)
W/Conscrypt( 1787): 	at java.lang.reflect.Method.invoke(Method.java:515)
W/Conscrypt( 1787): Caused by: libcore.io.ErrnoException: setsockopt failed: EBADF (Bad file number)
W/Conscrypt( 1787): 	at libcore.io.Posix.setsockoptTimeval(Native Method)
W/Conscrypt( 1787): 	at libcore.io.ForwardingOs.setsockoptTimeval(ForwardingOs.java:126)
D/dalvikvm( 1787): GC_FOR_ALLOC freed 1329K, 24% free 6899K/8968K, paused 8ms, total 8ms
I/WearableService( 1787): Wearable Services not starting - Wear is not available on this device.
W/WearableService( 1787): onGetService - Wear is not available on this device.
D/dalvikvm( 2157): GC_FOR_ALLOC freed 825K, 19% free 9122K/11132K, paused 10ms, total 10ms
D/dalvikvm( 1787): GC_FOR_ALLOC freed 1314K, 23% free 6910K/8968K, paused 8ms, total 8ms
W/Conscrypt( 1787): Could not set socket write timeout: java.lang.reflect.InvocationTargetException
W/Conscrypt( 1787): 	at java.lang.reflect.Method.invokeNative(Native Method)
W/Conscrypt( 1787): 	at java.lang.reflect.Method.invoke(Method.java:515)
W/Conscrypt( 1787): Caused by: libcore.io.ErrnoException: setsockopt failed: EBADF (Bad file number)
W/Conscrypt( 1787): 	at libcore.io.Posix.setsockoptTimeval(Native Method)
W/Conscrypt( 1787): 	at libcore.io.ForwardingOs.setsockoptTimeval(ForwardingOs.java:126)
W/Conscrypt( 1787): Could not set socket write timeout: java.lang.reflect.InvocationTargetException
W/Conscrypt( 1787): 	at java.lang.reflect.Method.invokeNative(Native Method)
W/Conscrypt( 1787): 	at java.lang.reflect.Method.invoke(Method.java:515)
W/Conscrypt( 1787): Caused by: libcore.io.ErrnoException: setsockopt failed: EBADF (Bad file number)
W/Conscrypt( 1787): 	at libcore.io.Posix.setsockoptTimeval(Native Method)
W/Conscrypt( 1787): 	at libcore.io.ForwardingOs.setsockoptTimeval(ForwardingOs.java:126)
E/DowngradeHelper( 2157): isModuleDowngradeRequired false
E/ConfigFileUtils( 2157): Failed to read config file: /data/data/com.google.android.gms/app_chimera/current_modules_init.pb: open failed: ENOENT (No such file or directory)
I/ChimeraConfigService( 2157): Scheduling checkin every 43200 seconds, with flex of 1800 seconds
D/dalvikvm( 2157): GC_FOR_ALLOC freed 3122K, 30% free 8045K/11420K, paused 15ms, total 16ms
D/dalvikvm( 1787): GC_FOR_ALLOC freed 1331K, 23% free 6908K/8968K, paused 13ms, total 14ms
I/SpamListSync( 2157): Spam list syncing is disabled.
I/aaql    ( 1787): Scheduling Phenotype for a PhenotypeSyncImmediately(8, com.google.android.gms) one off with window [1, 2] in seconds -- metadata{ service_id: 51 }
D/dalvikvm( 1787): GC_FOR_ALLOC freed 995K, 20% free 7241K/8968K, paused 7ms, total 7ms
W/Conscrypt( 1787): Could not set socket write timeout: java.lang.reflect.InvocationTargetException
W/Conscrypt( 1787): 	at java.lang.reflect.Method.invokeNative(Native Method)
W/Conscrypt( 1787): 	at java.lang.reflect.Method.invoke(Method.java:515)
W/Conscrypt( 1787): Caused by: libcore.io.ErrnoException: setsockopt failed: EBADF (Bad file number)
W/Conscrypt( 1787): 	at libcore.io.Posix.setsockoptTimeval(Native Method)
W/Conscrypt( 1787): 	at libcore.io.ForwardingOs.setsockoptTimeval(ForwardingOs.java:126)
W/Conscrypt( 1787): Could not set socket write timeout: java.lang.reflect.InvocationTargetException
W/Conscrypt( 1787): 	at java.lang.reflect.Method.invokeNative(Native Method)
W/Conscrypt( 1787): 	at java.lang.reflect.Method.invoke(Method.java:515)
W/Conscrypt( 1787): Caused by: libcore.io.ErrnoException: setsockopt failed: EBADF (Bad file number)
W/Conscrypt( 1787): 	at libcore.io.Posix.setsockoptTimeval(Native Method)
W/Conscrypt( 1787): 	at libcore.io.ForwardingOs.setsockoptTimeval(ForwardingOs.java:126)
D/dalvikvm( 1787): GC_FOR_ALLOC freed 1506K, 20% free 7175K/8968K, paused 9ms, total 10ms
I/aaql    ( 1787): Scheduling adaptive one off task with window [14400, 604800] in seconds -- metadata{ service_id: 51 }
W/NetRec  ( 1787): [233] ConfigChangedIntentOperation.onHandleIntent: Device does not support scoring, exiting
I/WearableService( 1787): Wearable Services stopping
W/ActivityManager( 1568): Unable to start service Intent { act=com.google.android.gms.drive.ApiService.RESET_AFTER_BOOT flg=0x4 cmp=com.google.android.gms/.drive.api.ApiService (has extras) } U=0: not found
D/EGL_emulation( 2382): eglCreateContext: 0xb80ef480: maj 3 min 0 rcv 3
D/EGL_emulation( 2382): eglMakeCurrent: 0xb80ef480: ver 3 0
E/eglCodecCommon( 2382): glUtilsParamSize: unknow param 0x00008cdf
E/eglCodecCommon( 2382): glUtilsParamSize: unknow param 0x00008824
D/EGL_emulation( 2382): eglCreateContext: 0xb80ef480: maj 3 min 0 rcv 3
D/EGL_emulation( 2382): eglMakeCurrent: 0xb80ef480: ver 3 0
E/eglCodecCommon( 2382): glUtilsParamSize: unknow param 0x00008cdf
E/eglCodecCommon( 2382): glUtilsParamSize: unknow param 0x00008824
D/dalvikvm( 2382): GC_FOR_ALLOC freed 1202K, 26% free 5921K/8000K, paused 5ms, total 5ms
D/EGL_emulation( 2382): eglCreateContext: 0xb81a1a50: maj 3 min 0 rcv 3
D/EGL_emulation( 2382): eglMakeCurrent: 0xb81a1a50: ver 3 0
E/eglCodecCommon( 2382): glUtilsParamSize: unknow param 0x00008cdf
E/eglCodecCommon( 2382): glUtilsParamSize: unknow param 0x00008824
D/EGL_emulation( 2382): eglCreateContext: 0xb7b83710: maj 3 min 0 rcv 3
D/EGL_emulation( 2382): eglMakeCurrent: 0xb7b83710: ver 3 0
E/eglCodecCommon( 2382): glUtilsParamSize: unknow param 0x00008cdf
E/eglCodecCommon( 2382): glUtilsParamSize: unknow param 0x00008824
W/Settings( 2382): Setting install_non_market_apps has moved from android.provider.Settings.Secure to android.provider.Settings.Global.
D/dalvikvm( 2039): GC_FOR_ALLOC freed 279K, 26% free 4702K/6284K, paused 6ms, total 6ms
I/Auth    ( 2039): [ReflectiveChannelBinder] Successfully bound channel!
W/Conscrypt( 2039): Could not set socket write timeout: java.lang.reflect.InvocationTargetException
W/Conscrypt( 2039): 	at java.lang.reflect.Method.invokeNative(Native Method)
W/Conscrypt( 2039): 	at java.lang.reflect.Method.invoke(Method.java:515)
W/Conscrypt( 2039): Caused by: libcore.io.ErrnoException: setsockopt failed: EBADF (Bad file number)
W/Conscrypt( 2039): 	at libcore.io.Posix.setsockoptTimeval(Native Method)
W/Conscrypt( 2039): 	at libcore.io.ForwardingOs.setsockoptTimeval(ForwardingOs.java:126)
W/Conscrypt( 2039): Could not set socket write timeout: java.lang.reflect.InvocationTargetException
W/Conscrypt( 2039): 	at java.lang.reflect.Method.invokeNative(Native Method)
W/Conscrypt( 2039): 	at java.lang.reflect.Method.invoke(Method.java:515)
W/Conscrypt( 2039): Caused by: libcore.io.ErrnoException: setsockopt failed: EBADF (Bad file number)
W/Conscrypt( 2039): 	at libcore.io.Posix.setsockoptTimeval(Native Method)
W/Conscrypt( 2039): 	at libcore.io.ForwardingOs.setsockoptTimeval(ForwardingOs.java:126)
W/GLSUser ( 2039): [AppCertManager] IOException while requesting key: 
W/GLSUser ( 2039): java.io.IOException: Invalid device key response.
W/GLSUser ( 2039): 	at gdd.a(com.google.android.gms@12221030@12.2.21 (030-188803320):12)
W/GLSUser ( 2039): 	at gdd.a(com.google.android.gms@12221030@12.2.21 (030-188803320):64)
W/GLSUser ( 2039): 	at gdb.a(com.google.android.gms@12221030@12.2.21 (030-188803320):8)
W/GLSUser ( 2039): 	at gcx.a(com.google.android.gms@12221030@12.2.21 (030-188803320):1)
W/GLSUser ( 2039): 	at gcw.a(com.google.android.gms@12221030@12.2.21 (030-188803320):10)
W/GLSUser ( 2039): 	at com.google.android.gms.auth.account.be.legacy.AuthCronChimeraService.b(com.google.android.gms@12221030@12.2.21 (030-188803320):7)
W/GLSUser ( 2039): 	at ffx.call(com.google.android.gms@12221030@12.2.21 (030-188803320):3)
W/GLSUser ( 2039): 	at java.util.concurrent.FutureTask.run(FutureTask.java:237)
W/GLSUser ( 2039): 	at kot.run(com.google.android.gms@12221030@12.2.21 (030-188803320):26)
W/GLSUser ( 2039): 	at java.util.concurrent.ThreadPoolExecutor.runWorker(ThreadPoolExecutor.java:1112)
W/GLSUser ( 2039): 	at java.util.concurrent.ThreadPoolExecutor$Worker.run(ThreadPoolExecutor.java:587)
W/GLSUser ( 2039): 	at kus.run(com.google.android.gms@12221030@12.2.21 (030-188803320))
W/GLSUser ( 2039): 	at java.lang.Thread.run(Thread.java:841)
D/dalvikvm( 1787): GC_FOR_ALLOC freed 1469K, 21% free 7124K/8968K, paused 7ms, total 7ms
I/CastDatabase( 2157): Saving the database
I/SQLiteCastStore( 2157): [CastNetworkInfo] saved: 0, skipped: 0, [CastDeviceInfo]: saved 0, skipped 0, Paired Guest Mode DeviceInfo] saved: 0, skipped: 0. [ProbedNetworks]: save 0, skipped: 0
D/ConnectivityService( 1568): Sampling interval elapsed, updating statistics ..
D/ConnectivityService( 1568): Done.
D/ConnectivityService( 1568): Setting timer for 720seconds
D/dalvikvm( 1810): GC_FOR_ALLOC freed 591K, 19% free 3592K/4404K, paused 4ms, total 4ms
D/dalvikvm( 1568): GC_FOR_ALLOC freed 1590K, 43% free 9055K/15676K, paused 149ms, total 149ms
D/AlarmManagerService( 1568): Kernel timezone updated to 0 minutes west of GMT
D/        ( 1810): Setting time of day to sec=1523663862
V/AlarmClock( 2502): AlarmInitReceiver android.intent.action.TIME_SET
D/dalvikvm( 2490): GC_FOR_ALLOC freed 295K, 14% free 3210K/3692K, paused 30ms, total 30ms
I/AlarmClock( 2502): Displaying next alarm time: ''
V/AlarmClock( 2502): AlarmInitReceiver finished
D/ConnectivityService( 1568): Sampling interval elapsed, updating statistics ..
D/ConnectivityService( 1568): Done.
D/ConnectivityService( 1568): Setting timer for 720seconds
E/WakeLock( 1787): release without a matched acquire!
D/dalvikvm( 2039): GC_FOR_ALLOC freed 626K, 26% free 4669K/6284K, paused 4ms, total 4ms
I/IcingInternalCorpora( 2157): EventIndexer: starting full update
I/IcingInternalCorpora( 2157): EventIndexer: 0 added, 0 removed, 0 changed, 0 unchanged, 0 errors.
I/IcingInternalCorpora( 2157): EventIndexer: finished after 1 ms.
I/EventLogChimeraService( 2157): Aggregate from 1523662206286 (log), 0 (data)
D/dalvikvm( 1787): GC_FOR_ALLOC freed 1414K, 24% free 6888K/8968K, paused 8ms, total 8ms
I/dalvikvm-heap( 1787): Grow heap (frag case) to 6.989MB for 21202-byte allocation
D/dalvikvm( 1787): GC_FOR_ALLOC freed 14K, 24% free 6895K/8992K, paused 9ms, total 9ms
I/ActivityManager( 1568): Delay finish: com.google.android.gms/.stats.service.DropBoxEntryAddedReceiver
I/ActivityManager( 1568): Resuming delayed broadcast
I/ActivityManager( 1568): Delay finish: com.google.android.gms/.chimera.GmsIntentOperationService$PersistentTrustedReceiver
I/ActivityManager( 1568): Resuming delayed broadcast
D/dalvikvm( 2382): GC_FOR_ALLOC freed 911K, 26% free 5973K/8000K, paused 5ms, total 5ms
D/EGL_emulation( 2382): eglCreateContext: 0xb81d3800: maj 3 min 0 rcv 3
D/EGL_emulation( 2382): eglMakeCurrent: 0xb81d3800: ver 3 0
E/eglCodecCommon( 2382): glUtilsParamSize: unknow param 0x00008cdf
E/eglCodecCommon( 2382): glUtilsParamSize: unknow param 0x00008824
D/EGL_emulation( 2382): eglCreateContext: 0xb7b49940: maj 3 min 0 rcv 3
D/EGL_emulation( 2382): eglMakeCurrent: 0xb7b49940: ver 3 0
E/eglCodecCommon( 2382): glUtilsParamSize: unknow param 0x00008cdf
E/eglCodecCommon( 2382): glUtilsParamSize: unknow param 0x00008824
D/EGL_emulation( 2382): eglCreateContext: 0xb80f0bb0: maj 3 min 0 rcv 3
D/EGL_emulation( 2382): eglMakeCurrent: 0xb80f0bb0: ver 3 0
E/eglCodecCommon( 2382): glUtilsParamSize: unknow param 0x00008cdf
E/eglCodecCommon( 2382): glUtilsParamSize: unknow param 0x00008824
D/EGL_emulation( 2382): eglCreateContext: 0xb7ae61e0: maj 3 min 0 rcv 3
D/EGL_emulation( 2382): eglMakeCurrent: 0xb7ae61e0: ver 3 0
E/eglCodecCommon( 2382): glUtilsParamSize: unknow param 0x00008cdf
E/eglCodecCommon( 2382): glUtilsParamSize: unknow param 0x00008824
W/Settings( 2382): Setting install_non_market_apps has moved from android.provider.Settings.Secure to android.provider.Settings.Global.
D/ConnectivityService( 1568): handleInetConditionHoldEnd: net=0, condition=100, published condition=100
W/Conscrypt( 2039): Could not set socket write timeout: java.lang.reflect.InvocationTargetException
W/Conscrypt( 2039): 	at java.lang.reflect.Method.invokeNative(Native Method)
W/Conscrypt( 2039): 	at java.lang.reflect.Method.invoke(Method.java:515)
W/Conscrypt( 2039): Caused by: libcore.io.ErrnoException: setsockopt failed: EBADF (Bad file number)
W/Conscrypt( 2039): 	at libcore.io.Posix.setsockoptTimeval(Native Method)
W/Conscrypt( 2039): 	at libcore.io.ForwardingOs.setsockoptTimeval(ForwardingOs.java:126)
W/Conscrypt( 2039): Could not set socket write timeout: java.lang.reflect.InvocationTargetException
W/Conscrypt( 2039): 	at java.lang.reflect.Method.invokeNative(Native Method)
W/Conscrypt( 2039): 	at java.lang.reflect.Method.invoke(Method.java:515)
W/Conscrypt( 2039): Caused by: libcore.io.ErrnoException: setsockopt failed: EBADF (Bad file number)
W/Conscrypt( 2039): 	at libcore.io.Posix.setsockoptTimeval(Native Method)
W/Conscrypt( 2039): 	at libcore.io.ForwardingOs.setsockoptTimeval(ForwardingOs.java:126)
W/GLSUser ( 2039): [AppCertManager] IOException while requesting key: 
W/GLSUser ( 2039): java.io.IOException: Invalid device key response.
W/GLSUser ( 2039): 	at gdd.a(com.google.android.gms@12221030@12.2.21 (030-188803320):12)
W/GLSUser ( 2039): 	at gdd.a(com.google.android.gms@12221030@12.2.21 (030-188803320):64)
W/GLSUser ( 2039): 	at gdb.a(com.google.android.gms@12221030@12.2.21 (030-188803320):8)
W/GLSUser ( 2039): 	at gcx.a(com.google.android.gms@12221030@12.2.21 (030-188803320):1)
W/GLSUser ( 2039): 	at gcw.a(com.google.android.gms@12221030@12.2.21 (030-188803320):10)
W/GLSUser ( 2039): 	at com.google.android.gms.auth.account.be.legacy.AuthCronChimeraService.b(com.google.android.gms@12221030@12.2.21 (030-188803320):7)
W/GLSUser ( 2039): 	at ffx.call(com.google.android.gms@12221030@12.2.21 (030-188803320):3)
W/GLSUser ( 2039): 	at java.util.concurrent.FutureTask.run(FutureTask.java:237)
W/GLSUser ( 2039): 	at kot.run(com.google.android.gms@12221030@12.2.21 (030-188803320):26)
W/GLSUser ( 2039): 	at java.util.concurrent.ThreadPoolExecutor.runWorker(ThreadPoolExecutor.java:1112)
W/GLSUser ( 2039): 	at java.util.concurrent.ThreadPoolExecutor$Worker.run(ThreadPoolExecutor.java:587)
W/GLSUser ( 2039): 	at kus.run(com.google.android.gms@12221030@12.2.21 (030-188803320))
W/GLSUser ( 2039): 	at java.lang.Thread.run(Thread.java:841)
D/dalvikvm( 2039): GC_FOR_ALLOC freed 563K, 26% free 4689K/6284K, paused 6ms, total 6ms
W/BatteryStatsImpl( 1568): Couldn't get kernel wake lock stats
I/ProcessStatsService( 1568): Prepared write state in 5ms
I/ActivityManager( 1568): Killing 2091:com.android.defcontainer/u0a3 (adj 15): empty for 1802s
I/ActivityManager( 1568): Killing 2578:com.android.dialer/u0a4 (adj 15): empty for 1802s
I/ActivityManager( 1568): Killing 2648:com.android.mms/u0a10 (adj 15): empty for 1803s
I/ActivityManager( 1568): Killing 1826:com.android.settings/1000 (adj 15): empty for 1803s
I/ActivityManager( 1568): Killing 2749:com.svox.pico/u0a41 (adj 15): empty for 1805s
I/ActivityManager( 1568): Killing 2028:com.android.email/u0a26 (adj 15): empty for 1806s
I/ActivityManager( 1568): Killing 2011:com.android.exchange/u0a27 (adj 15): empty for 1806s
D/CountryDetector( 1568): No listener is left
D/dalvikvm( 2382): GC_FOR_ALLOC freed 839K, 24% free 6121K/8000K, paused 8ms, total 8ms
D/EGL_emulation( 2382): eglCreateContext: 0xb7af27b0: maj 3 min 0 rcv 3
D/EGL_emulation( 2382): eglMakeCurrent: 0xb7af27b0: ver 3 0
E/eglCodecCommon( 2382): glUtilsParamSize: unknow param 0x00008cdf
E/eglCodecCommon( 2382): glUtilsParamSize: unknow param 0x00008824
D/EGL_emulation( 2382): eglCreateContext: 0xb7a36d70: maj 3 min 0 rcv 3
D/EGL_emulation( 2382): eglMakeCurrent: 0xb7a36d70: ver 3 0
E/eglCodecCommon( 2382): glUtilsParamSize: unknow param 0x00008cdf
E/eglCodecCommon( 2382): glUtilsParamSize: unknow param 0x00008824
D/EGL_emulation( 2382): eglCreateContext: 0xb7af27b0: maj 3 min 0 rcv 3
D/EGL_emulation( 2382): eglMakeCurrent: 0xb7af27b0: ver 3 0
E/eglCodecCommon( 2382): glUtilsParamSize: unknow param 0x00008cdf
E/eglCodecCommon( 2382): glUtilsParamSize: unknow param 0x00008824
D/EGL_emulation( 2382): eglCreateContext: 0xb7a36d70: maj 3 min 0 rcv 3
D/EGL_emulation( 2382): eglMakeCurrent: 0xb7a36d70: ver 3 0
E/eglCodecCommon( 2382): glUtilsParamSize: unknow param 0x00008cdf
E/eglCodecCommon( 2382): glUtilsParamSize: unknow param 0x00008824
W/Settings( 2382): Setting install_non_market_apps has moved from android.provider.Settings.Secure to android.provider.Settings.Global.
I/Auth    ( 2039): [ReflectiveChannelBinder] Successfully bound channel!
W/Conscrypt( 2039): Could not set socket write timeout: java.lang.reflect.InvocationTargetException
W/Conscrypt( 2039): 	at java.lang.reflect.Method.invokeNative(Native Method)
W/Conscrypt( 2039): 	at java.lang.reflect.Method.invoke(Method.java:515)
W/Conscrypt( 2039): Caused by: libcore.io.ErrnoException: setsockopt failed: EBADF (Bad file number)
W/Conscrypt( 2039): 	at libcore.io.Posix.setsockoptTimeval(Native Method)
W/Conscrypt( 2039): 	at libcore.io.ForwardingOs.setsockoptTimeval(ForwardingOs.java:126)
W/Conscrypt( 2039): Could not set socket write timeout: java.lang.reflect.InvocationTargetException
W/Conscrypt( 2039): 	at java.lang.reflect.Method.invokeNative(Native Method)
W/Conscrypt( 2039): 	at java.lang.reflect.Method.invoke(Method.java:515)
W/Conscrypt( 2039): Caused by: libcore.io.ErrnoException: setsockopt failed: EBADF (Bad file number)
W/Conscrypt( 2039): 	at libcore.io.Posix.setsockoptTimeval(Native Method)
W/Conscrypt( 2039): 	at libcore.io.ForwardingOs.setsockoptTimeval(ForwardingOs.java:126)
W/GLSUser ( 2039): [AppCertManager] IOException while requesting key: 
W/GLSUser ( 2039): java.io.IOException: Invalid device key response.
W/GLSUser ( 2039): 	at gdd.a(com.google.android.gms@12221030@12.2.21 (030-188803320):12)
W/GLSUser ( 2039): 	at gdd.a(com.google.android.gms@12221030@12.2.21 (030-188803320):64)
W/GLSUser ( 2039): 	at gdb.a(com.google.android.gms@12221030@12.2.21 (030-188803320):8)
W/GLSUser ( 2039): 	at gcx.a(com.google.android.gms@12221030@12.2.21 (030-188803320):1)
W/GLSUser ( 2039): 	at gcw.a(com.google.android.gms@12221030@12.2.21 (030-188803320):10)
