D/BackupManagerService( 1568): Received broadcast Intent { act=android.intent.action.PACKAGE_ADDED dat=package:edu.washington.yangj9.activityspy flg=0x4000010 (has extras) }
V/BackupManagerService( 1568): removePackageParticipantsLocked: uid=10057 #1
I/PackageManager( 1568):   Action: "android.intent.action.SENDTO"
I/PackageManager( 1568):   Category: "android.intent.category.DEFAULT"
I/PackageManager( 1568):   Scheme: "mmsto"
V/BackupManagerService( 1568): addPackageParticipantsLocked: #1
I/PackageManager( 1568): Adding preferred activity ComponentInfo{com.android.mms/com.android.mms.ui.ComposeMessageActivity} for user 0 :
I/PackageManager( 1568):   Action: "android.intent.action.SENDTO"
I/PackageManager( 1568):   Category: "android.intent.category.DEFAULT"
I/PackageManager( 1568):   Scheme: "sms"
I/PackageManager( 1568): Adding preferred activity ComponentInfo{com.android.mms/com.android.mms.ui.ComposeMessageActivity} for user 0 :
I/PackageManager( 1568):   Action: "android.intent.action.SENDTO"
I/PackageManager( 1568):   Category: "android.intent.category.DEFAULT"
I/PackageManager( 1568):   Scheme: "smsto"
I/PackageManager( 1568): Adding preferred activity ComponentInfo{com.android.mms/com.android.mms.ui.ComposeMessageActivity} for user 0 :
D/AndroidRuntime( 3672): 
D/AndroidRuntime( 3672): >>>>>> AndroidRuntime START com.android.internal.os.RuntimeInit <<<<<<
W/linker  ( 3672): libdvm.so has text relocations. This is wasting memory and is a security risk. Please fix.
D/dalvikvm( 1810): GC_FOR_ALLOC freed 452K, 18% free 3654K/4404K, paused 7ms, total 7ms
D/dalvikvm( 1568): GC_FOR_ALLOC freed 1730K, 47% free 8380K/15676K, paused 35ms, total 35ms
I/PackageManager( 1568):   Action: "android.intent.action.SENDTO"
I/PackageManager( 1568):   Category: "android.intent.category.DEFAULT"
I/PackageManager( 1568):   Scheme: "mms"
I/PackageManager( 1568): Adding preferred activity ComponentInfo{com.android.mms/com.android.mms.ui.ComposeMessageActivity} for user 0 :
D/AndroidRuntime( 3672): CheckJNI is ON
I/PackageManager( 1568):   Action: "android.intent.action.SENDTO"
I/PackageManager( 1568):   Category: "android.intent.category.DEFAULT"
I/PackageManager( 1568):   Scheme: "mmsto"
I/PackageManager( 1568): Adding preferred activity ComponentInfo{com.android.mms/com.android.mms.ui.ComposeMessageActivity} for user 0 :
D/dalvikvm( 3672): Trying to load lib libjavacore.so 0x0
D/dalvikvm( 3672): Added shared lib libjavacore.so 0x0
D/dalvikvm( 3672): Trying to load lib libnativehelper.so 0x0
I/PackageManager( 1568):   Action: "android.intent.action.SENDTO"
I/PackageManager( 1568):   Category: "android.intent.category.DEFAULT"
I/PackageManager( 1568):   Scheme: "sms"
D/dalvikvm( 3672): Added shared lib libnativehelper.so 0x0
D/dalvikvm( 3672): No JNI_OnLoad found in libnativehelper.so 0x0, skipping init
I/PackageManager( 1568): Adding preferred activity ComponentInfo{com.android.mms/com.android.mms.ui.ComposeMessageActivity} for user 0 :
I/PackageManager( 1568):   Action: "android.intent.action.SENDTO"
I/PackageManager( 1568):   Category: "android.intent.category.DEFAULT"
I/PackageManager( 1568):   Scheme: "smsto"
I/PackageManager( 1568): Adding preferred activity ComponentInfo{com.android.mms/com.android.mms.ui.ComposeMessageActivity} for user 0 :
D/dalvikvm( 3672): Note: class Landroid/app/ActivityManagerNative; has 179 unimplemented (abstract) methods
D/dalvikvm( 1810): GC_FOR_ALLOC freed 421K, 17% free 3676K/4404K, paused 4ms, total 5ms
I/PackageManager( 1568):   Action: "android.intent.action.SENDTO"
I/PackageManager( 1568):   Category: "android.intent.category.DEFAULT"
I/PackageManager( 1568):   Scheme: "mms"
I/PackageManager( 1568): Adding preferred activity ComponentInfo{com.android.mms/com.android.mms.ui.ComposeMessageActivity} for user 0 :
I/PackageManager( 1568):   Action: "android.intent.action.SENDTO"
I/PackageManager( 1568):   Category: "android.intent.category.DEFAULT"
I/PackageManager( 1568):   Scheme: "mmsto"
I/PackageManager( 1568): Adding preferred activity ComponentInfo{com.android.mms/com.android.mms.ui.ComposeMessageActivity} for user 0 :
I/PackageManager( 1568):   Action: "android.intent.action.SENDTO"
I/PackageManager( 1568):   Category: "android.intent.category.DEFAULT"
I/PackageManager( 1568):   Scheme: "sms"
I/PackageManager( 1568): Adding preferred activity ComponentInfo{com.android.mms/com.android.mms.ui.ComposeMessageActivity} for user 0 :
I/PackageManager( 1568):   Action: "android.intent.action.SENDTO"
I/PackageManager( 1568):   Category: "android.intent.category.DEFAULT"
I/PackageManager( 1568):   Scheme: "smsto"
I/PackageManager( 1568): Adding preferred activity ComponentInfo{com.android.mms/com.android.mms.ui.ComposeMessageActivity} for user 0 :
D/dalvikvm( 1810): GC_FOR_ALLOC freed 433K, 17% free 3678K/4404K, paused 36ms, total 50ms
I/PackageManager( 1568):   Action: "android.intent.action.SENDTO"
I/PackageManager( 1568):   Category: "android.intent.category.DEFAULT"
I/PackageManager( 1568):   Scheme: "mms"
I/PackageManager( 1568): Adding preferred activity ComponentInfo{com.android.mms/com.android.mms.ui.ComposeMessageActivity} for user 0 :
I/PackageManager( 1568):   Action: "android.intent.action.SENDTO"
I/PackageManager( 1568):   Category: "android.intent.category.DEFAULT"
I/PackageManager( 1568):   Scheme: "mmsto"
E/memtrack( 3672): Couldn't load memtrack module (No such file or directory)
E/android.os.Debug( 3672): failed to load memtrack module: -2
I/PackageManager( 1568): Adding preferred activity ComponentInfo{com.android.mms/com.android.mms.ui.ComposeMessageActivity} for user 0 :
D/AndroidRuntime( 3672): Calling main entry com.android.commands.am.Am
D/dalvikvm( 1568): GC_FOR_ALLOC freed 1401K, 47% free 8322K/15676K, paused 32ms, total 32ms
I/ActivityManager( 1568): START u0 {act=android.intent.action.MAIN cat=[android.intent.category.LAUNCHER] flg=0x10000000 cmp=edu.washington.yangj9.activityspy/.MainActivity} from pid 3672
I/PackageManager( 1568):   Action: "android.intent.action.SENDTO"
I/PackageManager( 1568):   Category: "android.intent.category.DEFAULT"
I/PackageManager( 1568):   Scheme: "sms"
I/PackageManager( 1568): Adding preferred activity ComponentInfo{com.android.mms/com.android.mms.ui.ComposeMessageActivity} for user 0 :
I/PackageManager( 1568):   Action: "android.intent.action.SENDTO"
I/PackageManager( 1568):   Category: "android.intent.category.DEFAULT"
I/PackageManager( 1568):   Scheme: "smsto"
I/PackageManager( 1568): Adding preferred activity ComponentInfo{com.android.mms/com.android.mms.ui.ComposeMessageActivity} for user 0 :
D/dalvikvm( 1810): GC_FOR_ALLOC freed 424K, 17% free 3676K/4404K, paused 5ms, total 6ms
I/PackageManager( 1568):   Action: "android.intent.action.SENDTO"
I/PackageManager( 1568):   Category: "android.intent.category.DEFAULT"
I/PackageManager( 1568):   Scheme: "mms"
I/PackageManager( 1568): Adding preferred activity ComponentInfo{com.android.mms/com.android.mms.ui.ComposeMessageActivity} for user 0 :
I/PackageManager( 1568):   Action: "android.intent.action.SENDTO"
I/PackageManager( 1568):   Category: "android.intent.category.DEFAULT"
I/PackageManager( 1568):   Scheme: "mmsto"
I/PackageManager( 1568): Adding preferred activity ComponentInfo{com.android.mms/com.android.mms.ui.ComposeMessageActivity} for user 0 :
D/dalvikvm( 1568): GC_FOR_ALLOC freed 628K, 43% free 9030K/15676K, paused 56ms, total 56ms
D/AndroidRuntime( 3672): Shutting down VM
D/jdwp    ( 3672): Got wake-up signal, bailing out of select
D/dalvikvm( 3672): Debugger has detached; object registry had 1 entries
D/gralloc_ranchu( 1140): gralloc_alloc: Creating ashmem region of size 7753728
D/dalvikvm( 3682): Not late-enabling CheckJNI (already on)
I/ActivityManager( 1568): Start proc edu.washington.yangj9.activityspy for activity edu.washington.yangj9.activityspy/.MainActivity: pid=3682 uid=10057 gids={50057}
D/EGL_emulation( 1919): eglMakeCurrent: 0xb7afbd30: ver 3 0
I/dalvikvm( 3682): Could not find method android.view.Window$Callback.onPointerCaptureChanged, referenced from method android.support.v7.view.WindowCallbackWrapper.onPointerCaptureChanged
W/dalvikvm( 3682): VFY: unable to resolve interface method 14043: Landroid/view/Window$Callback;.onPointerCaptureChanged (Z)V
D/dalvikvm( 3682): VFY: replacing opcode 0x72 at 0x0002
I/dalvikvm( 3682): Could not find method android.view.Window$Callback.onProvideKeyboardShortcuts, referenced from method android.support.v7.view.WindowCallbackWrapper.onProvideKeyboardShortcuts
W/dalvikvm( 3682): VFY: unable to resolve interface method 14045: Landroid/view/Window$Callback;.onProvideKeyboardShortcuts (Ljava/util/List;Landroid/view/Menu;I)V
D/dalvikvm( 3682): VFY: replacing opcode 0x72 at 0x0002
W/dalvikvm( 3682): VFY: unable to find class referenced in signature (Landroid/view/SearchEvent;)
I/dalvikvm( 3682): Could not find method android.view.Window$Callback.onSearchRequested, referenced from method android.support.v7.view.WindowCallbackWrapper.onSearchRequested
W/dalvikvm( 3682): VFY: unable to resolve interface method 14047: Landroid/view/Window$Callback;.onSearchRequested (Landroid/view/SearchEvent;)Z
D/dalvikvm( 3682): VFY: replacing opcode 0x72 at 0x0002
I/dalvikvm( 3682): Could not find method android.view.Window$Callback.onWindowStartingActionMode, referenced from method android.support.v7.view.WindowCallbackWrapper.onWindowStartingActionMode
W/dalvikvm( 3682): VFY: unable to resolve interface method 14051: Landroid/view/Window$Callback;.onWindowStartingActionMode (Landroid/view/ActionMode$Callback;I)Landroid/view/ActionMode;
D/dalvikvm( 3682): VFY: replacing opcode 0x72 at 0x0002
I/dalvikvm( 3682): Could not find method android.content.res.TypedArray.getChangingConfigurations, referenced from method android.support.v7.widget.TintTypedArray.getChangingConfigurations
W/dalvikvm( 3682): VFY: unable to resolve virtual method 818: Landroid/content/res/TypedArray;.getChangingConfigurations ()I
D/dalvikvm( 3682): VFY: replacing opcode 0x6e at 0x0002
I/dalvikvm( 3682): Could not find method android.content.res.TypedArray.getType, referenced from method android.support.v7.widget.TintTypedArray.getType
W/dalvikvm( 3682): VFY: unable to resolve virtual method 840: Landroid/content/res/TypedArray;.getType (I)I
D/dalvikvm( 3682): VFY: replacing opcode 0x6e at 0x0008
I/dalvikvm( 3682): Could not find method android.content.Context.createDeviceProtectedStorageContext, referenced from method android.support.v4.content.ContextCompat.createDeviceProtectedStorageContext
W/dalvikvm( 3682): VFY: unable to resolve virtual method 597: Landroid/content/Context;.createDeviceProtectedStorageContext ()Landroid/content/Context;
D/dalvikvm( 3682): VFY: replacing opcode 0x6e at 0x0006
I/dalvikvm( 3682): Could not find method android.content.Context.getCodeCacheDir, referenced from method android.support.v4.content.ContextCompat.getCodeCacheDir
W/dalvikvm( 3682): VFY: unable to resolve virtual method 603: Landroid/content/Context;.getCodeCacheDir ()Ljava/io/File;
D/dalvikvm( 3682): VFY: replacing opcode 0x6e at 0x0006
I/dalvikvm( 3682): Could not find method android.content.Context.getColor, referenced from method android.support.v4.content.ContextCompat.getColor
W/dalvikvm( 3682): VFY: unable to resolve virtual method 604: Landroid/content/Context;.getColor (I)I
D/dalvikvm( 3682): VFY: replacing opcode 0x6e at 0x0006
I/dalvikvm( 3682): Could not find method android.content.Context.getColorStateList, referenced from method android.support.v4.content.ContextCompat.getColorStateList
W/dalvikvm( 3682): VFY: unable to resolve virtual method 605: Landroid/content/Context;.getColorStateList (I)Landroid/content/res/ColorStateList;
D/dalvikvm( 3682): VFY: replacing opcode 0x6e at 0x0006
I/dalvikvm( 3682): Could not find method android.content.Context.getDataDir, referenced from method android.support.v4.content.ContextCompat.getDataDir
W/dalvikvm( 3682): VFY: unable to resolve virtual method 607: Landroid/content/Context;.getDataDir ()Ljava/io/File;
D/dalvikvm( 3682): VFY: replacing opcode 0x6e at 0x0006
I/dalvikvm( 3682): Could not find method android.content.Context.getDrawable, referenced from method android.support.v4.content.ContextCompat.getDrawable
W/dalvikvm( 3682): VFY: unable to resolve virtual method 608: Landroid/content/Context;.getDrawable (I)Landroid/graphics/drawable/Drawable;
D/dalvikvm( 3682): VFY: replacing opcode 0x6e at 0x0006
I/dalvikvm( 3682): Could not find method android.content.Context.getNoBackupFilesDir, referenced from method android.support.v4.content.ContextCompat.getNoBackupFilesDir
W/dalvikvm( 3682): VFY: unable to resolve virtual method 616: Landroid/content/Context;.getNoBackupFilesDir ()Ljava/io/File;
D/dalvikvm( 3682): VFY: replacing opcode 0x6e at 0x0006
I/dalvikvm( 3682): Could not find method android.content.Context.isDeviceProtectedStorage, referenced from method android.support.v4.content.ContextCompat.isDeviceProtectedStorage
W/dalvikvm( 3682): VFY: unable to resolve virtual method 629: Landroid/content/Context;.isDeviceProtectedStorage ()Z
D/dalvikvm( 3682): VFY: replacing opcode 0x6e at 0x0006
I/dalvikvm( 3682): Could not find method android.content.Context.startForegroundService, referenced from method android.support.v4.content.ContextCompat.startForegroundService
W/dalvikvm( 3682): VFY: unable to resolve virtual method 644: Landroid/content/Context;.startForegroundService (Landroid/content/Intent;)Landroid/content/ComponentName;
D/dalvikvm( 3682): VFY: replacing opcode 0x6e at 0x0006
I/dalvikvm( 3682): Could not find method android.widget.FrameLayout.startActionModeForChild, referenced from method android.support.v7.widget.ActionBarContainer.startActionModeForChild
W/dalvikvm( 3682): VFY: unable to resolve virtual method 14529: Landroid/widget/FrameLayout;.startActionModeForChild (Landroid/view/View;Landroid/view/ActionMode$Callback;I)Landroid/view/ActionMode;
D/dalvikvm( 3682): VFY: replacing opcode 0x6f at 0x0002
I/dalvikvm( 3682): Could not find method android.content.Context.getColorStateList, referenced from method android.support.v7.content.res.AppCompatResources.getColorStateList
W/dalvikvm( 3682): VFY: unable to resolve virtual method 605: Landroid/content/Context;.getColorStateList (I)Landroid/content/res/ColorStateList;
D/dalvikvm( 3682): VFY: replacing opcode 0x6e at 0x0006
D/EGL_emulation( 1919): eglMakeCurrent: 0xb7afbd30: ver 3 0
I/dalvikvm( 3682): Could not find method android.content.res.Resources.getDrawable, referenced from method android.support.v7.widget.ResourcesWrapper.getDrawable
W/dalvikvm( 3682): VFY: unable to resolve virtual method 781: Landroid/content/res/Resources;.getDrawable (ILandroid/content/res/Resources$Theme;)Landroid/graphics/drawable/Drawable;
D/dalvikvm( 3682): VFY: replacing opcode 0x6e at 0x0002
I/dalvikvm( 3682): Could not find method android.content.res.Resources.getDrawableForDensity, referenced from method android.support.v7.widget.ResourcesWrapper.getDrawableForDensity
W/dalvikvm( 3682): VFY: unable to resolve virtual method 783: Landroid/content/res/Resources;.getDrawableForDensity (IILandroid/content/res/Resources$Theme;)Landroid/graphics/drawable/Drawable;
D/dalvikvm( 3682): VFY: replacing opcode 0x6e at 0x0002
E/dalvikvm( 3682): Could not find class 'android.graphics.drawable.RippleDrawable', referenced from method android.support.v7.widget.AppCompatImageHelper.hasOverlappingRendering
W/dalvikvm( 3682): VFY: unable to resolve instanceof 227 (Landroid/graphics/drawable/RippleDrawable;) in Landroid/support/v7/widget/AppCompatImageHelper;
D/dalvikvm( 3682): VFY: replacing opcode 0x20 at 0x000c
I/dalvikvm( 3682): Could not find method android.widget.TextView.getAutoSizeMaxTextSize, referenced from method android.support.v7.widget.AppCompatTextView.getAutoSizeMaxTextSize
W/dalvikvm( 3682): VFY: unable to resolve virtual method 14840: Landroid/widget/TextView;.getAutoSizeMaxTextSize ()I
D/dalvikvm( 3682): VFY: replacing opcode 0x6f at 0x0004
I/dalvikvm( 3682): Could not find method android.widget.TextView.getAutoSizeMinTextSize, referenced from method android.support.v7.widget.AppCompatTextView.getAutoSizeMinTextSize
W/dalvikvm( 3682): VFY: unable to resolve virtual method 14841: Landroid/widget/TextView;.getAutoSizeMinTextSize ()I
D/dalvikvm( 3682): VFY: replacing opcode 0x6f at 0x0004
I/dalvikvm( 3682): Could not find method android.widget.TextView.getAutoSizeStepGranularity, referenced from method android.support.v7.widget.AppCompatTextView.getAutoSizeStepGranularity
W/dalvikvm( 3682): VFY: unable to resolve virtual method 14842: Landroid/widget/TextView;.getAutoSizeStepGranularity ()I
D/dalvikvm( 3682): VFY: replacing opcode 0x6f at 0x0004
I/dalvikvm( 3682): Could not find method android.widget.TextView.getAutoSizeTextAvailableSizes, referenced from method android.support.v7.widget.AppCompatTextView.getAutoSizeTextAvailableSizes
W/dalvikvm( 3682): VFY: unable to resolve virtual method 14843: Landroid/widget/TextView;.getAutoSizeTextAvailableSizes ()[I
D/dalvikvm( 3682): VFY: replacing opcode 0x6f at 0x0004
I/dalvikvm( 3682): Could not find method android.widget.TextView.getAutoSizeTextType, referenced from method android.support.v7.widget.AppCompatTextView.getAutoSizeTextType
W/dalvikvm( 3682): VFY: unable to resolve virtual method 14844: Landroid/widget/TextView;.getAutoSizeTextType ()I
D/dalvikvm( 3682): VFY: replacing opcode 0x6f at 0x0005
I/dalvikvm( 3682): Could not find method android.widget.TextView.setAutoSizeTextTypeUniformWithConfiguration, referenced from method android.support.v7.widget.AppCompatTextView.setAutoSizeTextTypeUniformWithConfiguration
W/dalvikvm( 3682): VFY: unable to resolve virtual method 14890: Landroid/widget/TextView;.setAutoSizeTextTypeUniformWithConfiguration (IIII)V
D/dalvikvm( 3682): VFY: replacing opcode 0x6f at 0x0004
I/dalvikvm( 3682): Could not find method android.widget.TextView.setAutoSizeTextTypeUniformWithPresetSizes, referenced from method android.support.v7.widget.AppCompatTextView.setAutoSizeTextTypeUniformWithPresetSizes
W/dalvikvm( 3682): VFY: unable to resolve virtual method 14891: Landroid/widget/TextView;.setAutoSizeTextTypeUniformWithPresetSizes ([II)V
D/dalvikvm( 3682): VFY: replacing opcode 0x6f at 0x0004
I/dalvikvm( 3682): Could not find method android.widget.TextView.setAutoSizeTextTypeWithDefaults, referenced from method android.support.v7.widget.AppCompatTextView.setAutoSizeTextTypeWithDefaults
W/dalvikvm( 3682): VFY: unable to resolve virtual method 14892: Landroid/widget/TextView;.setAutoSizeTextTypeWithDefaults (I)V
D/dalvikvm( 3682): VFY: replacing opcode 0x6f at 0x0004
I/dalvikvm( 3682): Could not find method android.widget.TextView.getAutoSizeStepGranularity, referenced from method android.support.v7.widget.AppCompatTextHelper.loadFromAttributes
W/dalvikvm( 3682): VFY: unable to resolve virtual method 14842: Landroid/widget/TextView;.getAutoSizeStepGranularity ()I
D/dalvikvm( 3682): VFY: replacing opcode 0x6e at 0x0161
I/dalvikvm( 3682): Could not find method android.text.StaticLayout$Builder.obtain, referenced from method android.support.v7.widget.AppCompatTextViewAutoSizeHelper.createStaticLayoutForMeasuring
W/dalvikvm( 3682): VFY: unable to resolve static method 13304: Landroid/text/StaticLayout$Builder;.obtain (Ljava/lang/CharSequence;IILandroid/text/TextPaint;I)Landroid/text/StaticLayout$Builder;
D/dalvikvm( 3682): VFY: replacing opcode 0x71 at 0x0014
I/MainActivity( 3682): onCreate event fired
I/MainActivity( 3682): onStart fired
I/MainActivity( 3682): onResume fired
D/        ( 3682): HostConnection::get() New Host Connection established 0xb7ac9ef0, tid 3682
D/EGL_emulation( 3682): eglCreateContext: 0xb7acaa20: maj 3 min 0 rcv 3
D/dalvikvm( 2157): GC_EXPLICIT freed 226K, 14% free 18034K/20964K, paused 62ms+40ms, total 2237ms
D/EGL_emulation( 3682): eglMakeCurrent: 0xb7acaa20: ver 3 0
E/eglCodecCommon( 3682): glUtilsParamSize: unknow param 0x00008cdf
E/eglCodecCommon( 3682): glUtilsParamSize: unknow param 0x00008824
E/EGL_emulation( 3682): tid 3682: eglSurfaceAttrib(1199): error 0x3009 (EGL_BAD_MATCH)
W/HardwareRenderer( 3682): Backbuffer cannot be preserved
D/OpenGLRenderer( 3682): Enabling debug mode 0
D/dalvikvm( 3682): GC_FOR_ALLOC freed 259K, 13% free 3247K/3692K, paused 22ms, total 28ms
I/dalvikvm( 3682): Could not find method android.view.View.setTooltipText, referenced from method android.support.v7.widget.TooltipCompat.setTooltipText
W/dalvikvm( 3682): VFY: unable to resolve virtual method 13846: Landroid/view/View;.setTooltipText (Ljava/lang/CharSequence;)V
D/dalvikvm( 3682): VFY: replacing opcode 0x6e at 0x0006
E/NetworkScheduler( 1787): Unrecognised action provided: android.intent.action.PACKAGE_REMOVED
W/Launcher( 2433): setApplicationContext called twice! old=com.google.android.velvet.VelvetApplication@9cfaef10 new=com.google.android.velvet.VelvetApplication@9cfaef10
W/ContextImpl( 3441): Calling a method in the system process without a qualified user: android.app.ContextImpl.startService:1479 android.content.ContextWrapper.startService:494 android.content.ContextWrapper.startService:494 com.android.keychain.KeyChainBroadcastReceiver.onReceive:12 android.app.ActivityThread.handleReceiver:2419 
I/ActivityManager( 1568): Displayed edu.washington.yangj9.activityspy/.MainActivity: +896ms
I/ActivityManager( 1568): Delay finish: com.google.android.googlequicksearchbox/com.google.android.searchcommon.summons.icing.InternalIcingCorporaProvider$CorporaChangedReceiver
I/Icing.InternalIcingCorporaProvider( 2232): Updating corpora: A: edu.washington.yangj9.activityspy, C: MAYBE
I/ChromeSync( 2157): [Sync,SyncIntentOperation] Handling the intent: Intent { act=android.intent.action.PACKAGE_ADDED dat=package:edu.washington.yangj9.activityspy flg=0x4000010 cmp=com.google.android.gms/.chimera.GmsIntentOperationService (has extras) }.
W/ContextImpl( 2232): Implicit intents with startService are not safe: Intent { act=com.google.android.gms.icing.INDEX_SERVICE } android.content.ContextWrapper.bindService:517 com.google.android.gms.internal.av.a:-1 com.google.android.gms.internal.au.connect:-1 
I/Icing   ( 2157): IndexChimeraService.getServiceInterface callingPackage=com.google.android.googlequicksearchbox componentName=null serviceId=21
I/ActivityManager( 1568): Resuming delayed broadcast
I/ActivityManager( 1568): Delay finish: com.svox.pico/.VoiceDataInstallerReceiver
I/Icing   ( 2157): IndexChimeraService.getServiceInterface callingPackage=com.google.android.gms componentName=AppsCorpus serviceId=36
I/Icing   ( 2157): IndexChimeraService.getServiceInterface callingPackage=com.google.android.gms componentName=AppsCorpus serviceId=32
I/Icing   ( 2157): Usage reports ok 0, Failed Usage reports 0, indexed 0, rejected 0, imm upload false
I/Icing   ( 2157): Usage reports ok 0, Failed Usage reports 0, indexed 0, rejected 0, imm upload false
I/Icing   ( 2157): Usage reports ok 0, Failed Usage reports 0, indexed 0, rejected 0, imm upload true
I/ActivityManager( 1568): Resuming delayed broadcast
E/NetworkScheduler( 1787): Unrecognised action provided: android.intent.action.PACKAGE_REPLACED
I/FontsPackageChangeOp( 2157): Package edu.washington.yangj9.activityspy has no metadata
W/Launcher( 2433): setApplicationContext called twice! old=com.google.android.velvet.VelvetApplication@9cfaef10 new=com.google.android.velvet.VelvetApplication@9cfaef10
I/PeopleContactsSync( 2157): triggerPendingContactsCleanup: no accounts
I/Icing   ( 2157): IndexChimeraService.getServiceInterface callingPackage=com.google.android.gms componentName=AppsCorpus serviceId=32
I/Icing   ( 2157): IndexChimeraService.getServiceInterface callingPackage=com.google.android.gms componentName=AppsCorpus serviceId=36
I/Icing   ( 2157): Usage reports ok 0, Failed Usage reports 0, indexed 0, rejected 0, imm upload false
I/Icing   ( 2157): Usage reports ok 0, Failed Usage reports 0, indexed 0, rejected 0, imm upload false
I/Icing   ( 2157): Indexing E9AD4D9C7F725861A16A841E03BE6EDA37782A24 from com.google.android.googlequicksearchbox
I/Icing   ( 2157): Indexing C3D71534AC2747C7C2109204A0BEB7A628C01C43 from com.google.android.gms
I/Icing   ( 2157): Indexing done E9AD4D9C7F725861A16A841E03BE6EDA37782A24
I/Icing   ( 2157): Indexing done C3D71534AC2747C7C2109204A0BEB7A628C01C43
I/Icing   ( 2157): Indexing C3D71534AC2747C7C2109204A0BEB7A628C01C43 from com.google.android.gms
I/Icing   ( 2157): Indexing done C3D71534AC2747C7C2109204A0BEB7A628C01C43
D/dalvikvm( 1810): GC_EXPLICIT freed 342K, 19% free 3579K/4404K, paused 1ms+1ms, total 6ms
D/AlarmManagerService( 1568): Kernel timezone updated to 0 minutes west of GMT
D/        ( 1810): Setting time of day to sec=1523666751
V/AlarmClock( 2502): AlarmInitReceiver android.intent.action.TIME_SET
I/AlarmClock( 2502): Displaying next alarm time: ''
V/AlarmClock( 2502): AlarmInitReceiver finished
D/dalvikvm( 2467): GC_FOR_ALLOC freed 372K, 16% free 3134K/3692K, paused 70ms, total 71ms
E/StrictMode( 2467): A resource was acquired at attached stack trace but never released. See java.io.Closeable for information on avoiding resource leaks.
E/StrictMode( 2467): java.lang.Throwable: Explicit termination method 'close' not called
E/StrictMode( 2467): 	at dalvik.system.CloseGuard.open(CloseGuard.java:184)
E/StrictMode( 2467): 	at android.content.ContentResolver$CursorWrapperInner.<init>(ContentResolver.java:2255)
E/StrictMode( 2467): 	at android.content.ContentResolver.query(ContentResolver.java:485)
E/StrictMode( 2467): 	at android.content.CursorLoader.loadInBackground(CursorLoader.java:65)
E/StrictMode( 2467): 	at android.content.CursorLoader.loadInBackground(CursorLoader.java:43)
E/StrictMode( 2467): 	at android.content.AsyncTaskLoader.onLoadInBackground(AsyncTaskLoader.java:312)
E/StrictMode( 2467): 	at android.content.AsyncTaskLoader$LoadTask.doInBackground(AsyncTaskLoader.java:69)
E/StrictMode( 2467): 	at android.content.AsyncTaskLoader$LoadTask.doInBackground(AsyncTaskLoader.java:57)
E/StrictMode( 2467): 	at android.os.AsyncTask$2.call(AsyncTask.java:288)
E/StrictMode( 2467): 	at java.util.concurrent.FutureTask.run(FutureTask.java:237)
E/StrictMode( 2467): 	at java.util.concurrent.ThreadPoolExecutor.runWorker(ThreadPoolExecutor.java:1112)
E/StrictMode( 2467): 	at java.util.concurrent.ThreadPoolExecutor$Worker.run(ThreadPoolExecutor.java:587)
E/StrictMode( 2467): 	at java.lang.Thread.run(Thread.java:841)
W/CursorWrapperInner( 2467): Cursor finalized without prior close()
D/dalvikvm( 2157): GC_FOR_ALLOC freed 1877K, 14% free 18205K/20964K, paused 24ms, total 25ms
I/ActivityManager( 1568): Waited long enough for: ServiceRecord{9d4379a0 u0 com.google.android.gms/.chimera.GmsIntentOperationService}
D/AlarmManagerService( 1568): Kernel timezone updated to 0 minutes west of GMT
D/        ( 1810): Setting time of day to sec=1523666771
V/AlarmClock( 2502): AlarmInitReceiver android.intent.action.TIME_SET
I/AlarmClock( 2502): Displaying next alarm time: ''
V/AlarmClock( 2502): AlarmInitReceiver finished
D/EGL_emulation( 1661): eglMakeCurrent: 0xb7b024c0: ver 3 0
D/gralloc_ranchu( 1140): gralloc_alloc: Creating ashmem region of size 1323008
D/        ( 1568): HostConnection::get() New Host Connection established 0xb7d36460, tid 2276
E/SoundPool( 1568): error loading /system/media/audio/ui/Effect_Tick.ogg
W/AudioService( 1568): Soundpool could not load file: /system/media/audio/ui/Effect_Tick.ogg
E/SoundPool( 1568): error loading /system/media/audio/ui/Effect_Tick.ogg
W/AudioService( 1568): Soundpool could not load file: /system/media/audio/ui/Effect_Tick.ogg
E/SoundPool( 1568): error loading /system/media/audio/ui/Effect_Tick.ogg
W/AudioService( 1568): Soundpool could not load file: /system/media/audio/ui/Effect_Tick.ogg
E/SoundPool( 1568): error loading /system/media/audio/ui/Effect_Tick.ogg
W/AudioService( 1568): Soundpool could not load file: /system/media/audio/ui/Effect_Tick.ogg
E/SoundPool( 1568): error loading /system/media/audio/ui/Effect_Tick.ogg
W/AudioService( 1568): Soundpool could not load file: /system/media/audio/ui/Effect_Tick.ogg
E/SoundPool( 1568): error loading /system/media/audio/ui/KeypressStandard.ogg
W/AudioService( 1568): Soundpool could not load file: /system/media/audio/ui/KeypressStandard.ogg
E/SoundPool( 1568): error loading /system/media/audio/ui/KeypressSpacebar.ogg
W/AudioService( 1568): Soundpool could not load file: /system/media/audio/ui/KeypressSpacebar.ogg
E/SoundPool( 1568): error loading /system/media/audio/ui/KeypressDelete.ogg
W/AudioService( 1568): Soundpool could not load file: /system/media/audio/ui/KeypressDelete.ogg
E/SoundPool( 1568): error loading /system/media/audio/ui/KeypressReturn.ogg
W/AudioService( 1568): Soundpool could not load file: /system/media/audio/ui/KeypressReturn.ogg
E/SoundPool( 1568): error loading /system/media/audio/ui/KeypressInvalid.ogg
W/AudioService( 1568): Soundpool could not load file: /system/media/audio/ui/KeypressInvalid.ogg
W/AudioService( 1568): onLoadSoundEffects(), Error -1 while loading samples
D/dalvikvm( 1568): GC_FOR_ALLOC freed 672K, 43% free 9063K/15676K, paused 10ms, total 10ms
I/dalvikvm-heap( 1568): Grow heap (frag case) to 9.663MB for 656856-byte allocation
D/dalvikvm( 1568): GC_FOR_ALLOC freed 27K, 41% free 9676K/16320K, paused 12ms, total 12ms
D/dalvikvm( 1568): GC_FOR_ALLOC freed 22K, 41% free 9655K/16320K, paused 13ms, total 13ms
I/dalvikvm-heap( 1568): Grow heap (frag case) to 10.241MB for 656856-byte allocation
D/dalvikvm( 1568): GC_FOR_ALLOC freed <1K, 40% free 10296K/16964K, paused 15ms, total 15ms
I/ActivityManager( 1568): START u0 {act=android.intent.action.MAIN cat=[android.intent.category.HOME] flg=0x10200000 cmp=com.android.launcher/com.android.launcher2.Launcher} from pid 1568
D/dalvikvm( 1568): GC_FOR_ALLOC freed 668K, 44% free 9637K/16964K, paused 11ms, total 11ms
I/MainActivity( 3682): onPause fired
D/EGL_emulation( 1919): eglMakeCurrent: 0xb7afbd30: ver 3 0
D/EGL_emulation( 1919): eglMakeCurrent: 0xb7afbd30: ver 3 0
E/EGL_emulation( 1919): tid 1919: eglSurfaceAttrib(1199): error 0x3009 (EGL_BAD_MATCH)
W/HardwareRenderer( 1919): Backbuffer cannot be preserved
D/dalvikvm( 1661): GC_FOR_ALLOC freed 19783K, 70% free 8796K/28764K, paused 162ms, total 165ms
D/dalvikvm( 1919): GC_FOR_ALLOC freed 7852K, 15% free 15501K/18204K, paused 3ms, total 9ms
I/dalvikvm-heap( 1919): Grow heap (frag case) to 22.437MB for 7464972-byte allocation
D/dalvikvm( 1919): GC_FOR_ALLOC freed 1K, 11% free 22790K/25496K, paused 7ms, total 7ms
D/EGL_emulation( 1661): eglMakeCurrent: 0xb7b024c0: ver 3 0
D/EGL_emulation( 1661): eglMakeCurrent: 0xb7b024c0: ver 3 0
I/MainActivity( 3682): onStop fired
D/EGL_emulation( 3682): eglMakeCurrent: 0xb7acaa20: ver 3 0
D/dalvikvm( 1661): GC_FOR_ALLOC freed 1516K, 70% free 8714K/28764K, paused 3ms, total 3ms
E/SoundPool( 1568): error loading /system/media/audio/ui/Effect_Tick.ogg
W/AudioService( 1568): Soundpool could not load file: /system/media/audio/ui/Effect_Tick.ogg
E/SoundPool( 1568): error loading /system/media/audio/ui/Effect_Tick.ogg
W/AudioService( 1568): Soundpool could not load file: /system/media/audio/ui/Effect_Tick.ogg
E/SoundPool( 1568): error loading /system/media/audio/ui/Effect_Tick.ogg
W/AudioService( 1568): Soundpool could not load file: /system/media/audio/ui/Effect_Tick.ogg
E/SoundPool( 1568): error loading /system/media/audio/ui/Effect_Tick.ogg
W/AudioService( 1568): Soundpool could not load file: /system/media/audio/ui/Effect_Tick.ogg
E/SoundPool( 1568): error loading /system/media/audio/ui/Effect_Tick.ogg
W/AudioService( 1568): Soundpool could not load file: /system/media/audio/ui/Effect_Tick.ogg
E/SoundPool( 1568): error loading /system/media/audio/ui/KeypressStandard.ogg
W/AudioService( 1568): Soundpool could not load file: /system/media/audio/ui/KeypressStandard.ogg
E/SoundPool( 1568): error loading /system/media/audio/ui/KeypressSpacebar.ogg
W/AudioService( 1568): Soundpool could not load file: /system/media/audio/ui/KeypressSpacebar.ogg
E/SoundPool( 1568): error loading /system/media/audio/ui/KeypressDelete.ogg
W/AudioService( 1568): Soundpool could not load file: /system/media/audio/ui/KeypressDelete.ogg
E/SoundPool( 1568): error loading /system/media/audio/ui/KeypressReturn.ogg
W/AudioService( 1568): Soundpool could not load file: /system/media/audio/ui/KeypressReturn.ogg
E/SoundPool( 1568): error loading /system/media/audio/ui/KeypressInvalid.ogg
W/AudioService( 1568): Soundpool could not load file: /system/media/audio/ui/KeypressInvalid.ogg
W/AudioService( 1568): onLoadSoundEffects(), Error -1 while loading samples
I/ActivityManager( 1568): START u0 {act=com.android.systemui.recent.action.TOGGLE_RECENTS flg=0x10800000 cmp=com.android.systemui/.recent.RecentsActivity} from pid 1661
D/dalvikvm( 1568): GC_FOR_ALLOC freed 726K, 44% free 9613K/16964K, paused 15ms, total 15ms
D/EGL_emulation( 1661): eglMakeCurrent: 0xb7b024c0: ver 3 0
E/EGL_emulation( 1661): tid 1661: eglSurfaceAttrib(1199): error 0x3009 (EGL_BAD_MATCH)
W/HardwareRenderer( 1661): Backbuffer cannot be preserved
D/EGL_emulation( 1661): eglMakeCurrent: 0xb7b024c0: ver 3 0
D/EGL_emulation( 1661): eglMakeCurrent: 0xb7b024c0: ver 3 0
D/EGL_emulation( 1661): eglMakeCurrent: 0xb7b024c0: ver 3 0
I/ActivityManager( 1568): Displayed com.android.systemui/.recent.RecentsActivity: +308ms
D/EGL_emulation( 1661): eglMakeCurrent: 0xb7b024c0: ver 3 0
D/EGL_emulation( 1661): eglMakeCurrent: 0xb7b024c0: ver 3 0
D/EGL_emulation( 1661): eglMakeCurrent: 0xb7b024c0: ver 3 0
D/EGL_emulation( 1919): eglMakeCurrent: 0xb7afbd30: ver 3 0
D/EGL_emulation( 1661): eglMakeCurrent: 0xb7b024c0: ver 3 0
D/gralloc_ranchu( 1140): gralloc_alloc: Creating ashmem region of size 1323008
D/        ( 1568): HostConnection::get() New Host Connection established 0xb7bd8fa0, tid 1579
D/dalvikvm( 1568): GC_FOR_ALLOC freed 28K, 40% free 10261K/16964K, paused 10ms, total 10ms
I/dalvikvm-heap( 1568): Grow heap (frag case) to 10.833MB for 656856-byte allocation
D/dalvikvm( 1568): GC_FOR_ALLOC freed 1K, 39% free 10901K/17608K, paused 13ms, total 13ms
D/dalvikvm( 1568): GC_FOR_ALLOC freed 645K, 42% free 10256K/17608K, paused 11ms, total 11ms
E/MainActivity( 3682): Were going down, Captain!
I/MainActivity( 3682): onDestroy fired
W/InputDispatcher( 1568): channel '9d2de1e8 edu.washington.yangj9.activityspy/edu.washington.yangj9.activityspy.MainActivity (server)' ~ Consumer closed input channel or an error occurred.  events=0x9
E/InputDispatcher( 1568): channel '9d2de1e8 edu.washington.yangj9.activityspy/edu.washington.yangj9.activityspy.MainActivity (server)' ~ Channel is unrecoverably broken and will be disposed!
W/InputDispatcher( 1568): Attempted to unregister already unregistered input channel '9d2de1e8 edu.washington.yangj9.activityspy/edu.washington.yangj9.activityspy.MainActivity (server)'
I/ActivityManager( 1568): Killing 3682:edu.washington.yangj9.activityspy/u0a57 (adj 9): remove task
I/WindowState( 1568): WIN DEATH: Window{9d2de1e8 u0 edu.washington.yangj9.activityspy/edu.washington.yangj9.activityspy.MainActivity}
D/EGL_emulation( 1919): eglMakeCurrent: 0xb7afbd30: ver 3 0
D/EGL_emulation( 1919): eglMakeCurrent: 0xb7afbd30: ver 3 0
E/EGL_emulation( 1919): tid 1919: eglSurfaceAttrib(1199): error 0x3009 (EGL_BAD_MATCH)
W/HardwareRenderer( 1919): Backbuffer cannot be preserved
D/dalvikvm( 1919): GC_FOR_ALLOC freed 7625K, 15% free 15499K/18204K, paused 5ms, total 5ms
I/dalvikvm-heap( 1919): Grow heap (frag case) to 22.435MB for 7464972-byte allocation
D/dalvikvm( 1919): GC_FOR_ALLOC freed 1K, 11% free 22788K/25496K, paused 13ms, total 13ms
W/ResourceType( 1568): Skipping entry 0x7f05000e in package table 0 because it is not complex!
W/ResourceType( 1568): Skipping entry 0x7f05000f in package table 0 because it is not complex!
D/EGL_emulation( 1661): eglMakeCurrent: 0xb7b024c0: ver 3 0
D/EGL_emulation( 1661): eglMakeCurrent: 0xb7b024c0: ver 3 0
